******************************************************************************
            TI ARM Clang Linker PC v4.0.4                      
******************************************************************************
>> Linked Thu Dec 11 20:02:54 2025

OUTPUT FILE NAME:   <demo.out>
ENTRY POINT SYMBOL: "_c_int00_noinit_noargs"  address: 0000039d


MEMORY CONFIGURATION

         name            origin    length      used     unused   attr    fill
----------------------  --------  ---------  --------  --------  ----  --------
  FLASH                 00000000   00020000  00000590  0001fa70  R  X
  SRAM                  20200000   00008000  00000200  00007e00  RW X
  BCR_CONFIG            41c00000   00000080  00000000  00000080  R   
  BSL_CONFIG            41c00100   00000080  00000000  00000080  R   


SEGMENT ALLOCATION MAP

run origin  load origin   length   init length attrs members
----------  ----------- ---------- ----------- ----- -------
00000000    00000000    00000590   00000590    r-x
  00000000    00000000    000000c0   000000c0    r-- .intvecs
  000000c0    000000c0    00000498   00000498    r-x .text
  00000558    00000558    00000038   00000038    r-- .rodata
20207e00    20207e00    00000200   00000000    rw-
  20207e00    20207e00    00000200   00000000    rw- .stack


SECTION ALLOCATION MAP

 output                                  attributes/
section   page    origin      length       input sections
--------  ----  ----------  ----------   ----------------
.intvecs   0    00000000    000000c0     
                  00000000    000000c0     startup_mspm0g350x_ticlang.o (.intvecs)

.text      0    000000c0    00000498     
                  000000c0    000000dc     driverlib.a : dl_sysctl_mspm0g1x0x_g3x0x.o (.text.DL_SYSCTL_configSYSPLL)
                  0000019c    0000004c     ti_msp_dl_config.o (.text.DL_UART_setBaudRateDivisor)
                  000001e8    00000048     driverlib.a : dl_uart.o (.text.DL_UART_init)
                  00000230    00000044                 : dl_sysctl_mspm0g1x0x_g3x0x.o (.text.DL_SYSCTL_switchMCLKfromSYSOSCtoHSCLK)
                  00000274    00000044     ti_msp_dl_config.o (.text.SYSCFG_DL_initPower)
                  000002b8    00000040     ti_msp_dl_config.o (.text.SYSCFG_DL_UART_0_init)
                  000002f8    0000003c     ti_msp_dl_config.o (.text.SYSCFG_DL_SYSCTL_init)
                  00000334    00000028     ti_msp_dl_config.o (.text.DL_Common_updateReg)
                  0000035c    00000020     ti_msp_dl_config.o (.text.DL_GPIO_initPeripheralInputFunction)
                  0000037c    00000020     ti_msp_dl_config.o (.text.DL_SYSCTL_setFlashWaitState)
                  0000039c    00000020     libc.a : boot_cortex_m.c.obj (.text:_c_int00_noinit_noargs)
                  000003bc    0000001e     ti_msp_dl_config.o (.text.DL_UART_setOversampling)
                  000003da    00000002     --HOLE-- [fill = 0]
                  000003dc    0000001c     ti_msp_dl_config.o (.text.DL_GPIO_initPeripheralOutputFunction)
                  000003f8    0000001c     ti_msp_dl_config.o (.text.DL_SYSCTL_setSYSOSCFreq)
                  00000414    0000001c     ti_msp_dl_config.o (.text.DL_SYSCTL_setULPCLKDivider)
                  00000430    0000001a     ti_msp_dl_config.o (.text.SYSCFG_DL_GPIO_init)
                  0000044a    00000002     --HOLE-- [fill = 0]
                  0000044c    00000018     ti_msp_dl_config.o (.text.DL_GPIO_enablePower)
                  00000464    00000018     ti_msp_dl_config.o (.text.DL_GPIO_reset)
                  0000047c    00000018     ti_msp_dl_config.o (.text.DL_SYSCTL_setBORThreshold)
                  00000494    00000018     ti_msp_dl_config.o (.text.DL_UART_enablePower)
                  000004ac    00000018     ti_msp_dl_config.o (.text.DL_UART_reset)
                  000004c4    00000016     ti_msp_dl_config.o (.text.DL_UART_enable)
                  000004da    00000002     --HOLE-- [fill = 0]
                  000004dc    00000014     ti_msp_dl_config.o (.text.DL_SYSCTL_disableSYSPLL)
                  000004f0    00000014     ti_msp_dl_config.o (.text.SYSCFG_DL_init)
                  00000504    00000012     driverlib.a : dl_uart.o (.text.DL_UART_setClockConfig)
                  00000516    00000002     --HOLE-- [fill = 0]
                  00000518    00000010     ti_msp_dl_config.o (.text.DL_SYSCTL_disableHFXT)
                  00000528    00000010     main.o (.text.main)
                  00000538    0000000a     driverlib.a : dl_common.o (.text.DL_Common_delayCycles)
                  00000542    00000006     libc.a : exit.c.obj (.text:abort)
                  00000548    00000004     startup_mspm0g350x_ticlang.o (.text.Default_Handler)
                  0000054c    00000004     libsysbm.a : hostexit.c.obj (.text.HOSTexit)
                  00000550    00000004     startup_mspm0g350x_ticlang.o (.text.Reset_Handler)
                  00000554    00000004     libc.a : pre_init.c.obj (.text._system_pre_init)

.cinit     0    00000000    00000000     

.rodata    0    00000558    00000038     
                  00000558    00000028     ti_msp_dl_config.o (.rodata.gSYSPLLConfig)
                  00000580    0000000a     ti_msp_dl_config.o (.rodata.gUART_0Config)
                  0000058a    00000002     ti_msp_dl_config.o (.rodata.gUART_0ClockConfig)
                  0000058c    00000004     --HOLE-- [fill = 0]

.init_array 
*          0    00000000    00000000     UNINITIALIZED

.binit     0    00000000    00000000     

.stack     0    20207e00    00000200     UNINITIALIZED
                  20207e00    00000004     libc.a : boot_cortex_m.c.obj (.stack)
                  20207e04    000001fc     --HOLE--

__llvm_prf_cnts 
*          0    20200000    00000000     UNINITIALIZED

__llvm_prf_bits 
*          0    20200000    00000000     UNINITIALIZED

MODULE SUMMARY

       Module                         code   ro data   rw data
       ------                         ----   -------   -------
    .\
       ti_msp_dl_config.o             710    52        0      
       startup_mspm0g350x_ticlang.o   8      192       0      
       main.o                         16     0         0      
    +--+------------------------------+------+---------+---------+
       Total:                         734    244       0      
                                                              
    C:/ti/mspm0_sdk_2_00_01_00/source/ti/driverlib/lib/ticlang/m0p/mspm0g1x0x_g3x0x/driverlib.a
       dl_sysctl_mspm0g1x0x_g3x0x.o   288    0         0      
       dl_uart.o                      90     0         0      
       dl_common.o                    10     0         0      
    +--+------------------------------+------+---------+---------+
       Total:                         388    0         0      
                                                              
    D:\software_code\ti\ccs\tools\compiler\ti-cgt-armllvm_4.0.4.LTS\lib\armv6m-ti-none-eabi/c/libc.a
       boot_cortex_m.c.obj            32     0         0      
       exit.c.obj                     6      0         0      
       pre_init.c.obj                 4      0         0      
    +--+------------------------------+------+---------+---------+
       Total:                         42     0         0      
                                                              
    D:\software_code\ti\ccs\tools\compiler\ti-cgt-armllvm_4.0.4.LTS\lib\armv6m-ti-none-eabi/c/libsysbm.a
       hostexit.c.obj                 4      0         0      
    +--+------------------------------+------+---------+---------+
       Total:                         4      0         0      
                                                              
       Stack:                         0      0         512    
    +--+------------------------------+------+---------+---------+
       Grand Total:                   1168   244       512    


GLOBAL SYMBOLS: SORTED ALPHABETICALLY BY Name 

address   name                                 
-------   ----                                 
00000549  ADC0_IRQHandler                      
00000549  ADC1_IRQHandler                      
00000549  AES_IRQHandler                       
0000054c  C$$EXIT                              
00000549  CANFD0_IRQHandler                    
00000549  DAC0_IRQHandler                      
00000539  DL_Common_delayCycles                
000000c1  DL_SYSCTL_configSYSPLL               
00000231  DL_SYSCTL_switchMCLKfromSYSOSCtoHSCLK
000001e9  DL_UART_init                         
00000505  DL_UART_setClockConfig               
00000549  DMA_IRQHandler                       
00000549  Default_Handler                      
00000549  GROUP0_IRQHandler                    
00000549  GROUP1_IRQHandler                    
0000054d  HOSTexit                             
00000549  HardFault_Handler                    
00000549  I2C0_IRQHandler                      
00000549  I2C1_IRQHandler                      
00000549  NMI_Handler                          
00000549  PendSV_Handler                       
00000549  RTC_IRQHandler                       
00000551  Reset_Handler                        
00000549  SPI0_IRQHandler                      
00000549  SPI1_IRQHandler                      
00000549  SVC_Handler                          
00000431  SYSCFG_DL_GPIO_init                  
000002f9  SYSCFG_DL_SYSCTL_init                
000002b9  SYSCFG_DL_UART_0_init                
000004f1  SYSCFG_DL_init                       
00000275  SYSCFG_DL_initPower                  
00000549  SysTick_Handler                      
00000549  TIMA0_IRQHandler                     
00000549  TIMA1_IRQHandler                     
00000549  TIMG0_IRQHandler                     
00000549  TIMG12_IRQHandler                    
00000549  TIMG6_IRQHandler                     
00000549  TIMG7_IRQHandler                     
00000549  TIMG8_IRQHandler                     
00000549  UART0_IRQHandler                     
00000549  UART1_IRQHandler                     
00000549  UART2_IRQHandler                     
00000549  UART3_IRQHandler                     
20208000  __STACK_END                          
00000200  __STACK_SIZE                         
00000000  __TI_ATRegion0_region_sz             
00000000  __TI_ATRegion0_src_addr              
00000000  __TI_ATRegion0_trg_addr              
00000000  __TI_ATRegion1_region_sz             
00000000  __TI_ATRegion1_src_addr              
00000000  __TI_ATRegion1_trg_addr              
00000000  __TI_ATRegion2_region_sz             
00000000  __TI_ATRegion2_src_addr              
00000000  __TI_ATRegion2_trg_addr              
00000000  __TI_CINIT_Base                      
00000000  __TI_CINIT_Limit                     
00000000  __TI_CINIT_Warm                      
ffffffff  __TI_pprof_out_hndl                  
ffffffff  __TI_prof_data_size                  
ffffffff  __TI_prof_data_start                 
00000000  __TI_static_base__                   
ffffffff  __binit__                            
UNDEFED   __mpu_init                           
20207e00  __stack                              
20200000  __start___llvm_prf_bits              
20200000  __start___llvm_prf_cnts              
20200000  __stop___llvm_prf_bits               
20200000  __stop___llvm_prf_cnts               
0000039d  _c_int00_noinit_noargs               
00000555  _system_pre_init                     
00000543  abort                                
ffffffff  binit                                
00000000  interruptVectors                     
00000529  main                                 


GLOBAL SYMBOLS: SORTED BY Symbol Address 

address   name                                 
-------   ----                                 
00000000  __TI_ATRegion0_region_sz             
00000000  __TI_ATRegion0_src_addr              
00000000  __TI_ATRegion0_trg_addr              
00000000  __TI_ATRegion1_region_sz             
00000000  __TI_ATRegion1_src_addr              
00000000  __TI_ATRegion1_trg_addr              
00000000  __TI_ATRegion2_region_sz             
00000000  __TI_ATRegion2_src_addr              
00000000  __TI_ATRegion2_trg_addr              
00000000  __TI_CINIT_Base                      
00000000  __TI_CINIT_Limit                     
00000000  __TI_CINIT_Warm                      
00000000  __TI_static_base__                   
00000000  interruptVectors                     
000000c1  DL_SYSCTL_configSYSPLL               
000001e9  DL_UART_init                         
00000200  __STACK_SIZE                         
00000231  DL_SYSCTL_switchMCLKfromSYSOSCtoHSCLK
00000275  SYSCFG_DL_initPower                  
000002b9  SYSCFG_DL_UART_0_init                
000002f9  SYSCFG_DL_SYSCTL_init                
0000039d  _c_int00_noinit_noargs               
00000431  SYSCFG_DL_GPIO_init                  
000004f1  SYSCFG_DL_init                       
00000505  DL_UART_setClockConfig               
00000529  main                                 
00000539  DL_Common_delayCycles                
00000543  abort                                
00000549  ADC0_IRQHandler                      
00000549  ADC1_IRQHandler                      
00000549  AES_IRQHandler                       
00000549  CANFD0_IRQHandler                    
00000549  DAC0_IRQHandler                      
00000549  DMA_IRQHandler                       
00000549  Default_Handler                      
00000549  GROUP0_IRQHandler                    
00000549  GROUP1_IRQHandler                    
00000549  HardFault_Handler                    
00000549  I2C0_IRQHandler                      
00000549  I2C1_IRQHandler                      
00000549  NMI_Handler                          
00000549  PendSV_Handler                       
00000549  RTC_IRQHandler                       
00000549  SPI0_IRQHandler                      
00000549  SPI1_IRQHandler                      
00000549  SVC_Handler                          
00000549  SysTick_Handler                      
00000549  TIMA0_IRQHandler                     
00000549  TIMA1_IRQHandler                     
00000549  TIMG0_IRQHandler                     
00000549  TIMG12_IRQHandler                    
00000549  TIMG6_IRQHandler                     
00000549  TIMG7_IRQHandler                     
00000549  TIMG8_IRQHandler                     
00000549  UART0_IRQHandler                     
00000549  UART1_IRQHandler                     
00000549  UART2_IRQHandler                     
00000549  UART3_IRQHandler                     
0000054c  C$$EXIT                              
0000054d  HOSTexit                             
00000551  Reset_Handler                        
00000555  _system_pre_init                     
20200000  __start___llvm_prf_bits              
20200000  __start___llvm_prf_cnts              
20200000  __stop___llvm_prf_bits               
20200000  __stop___llvm_prf_cnts               
20207e00  __stack                              
20208000  __STACK_END                          
ffffffff  __TI_pprof_out_hndl                  
ffffffff  __TI_prof_data_size                  
ffffffff  __TI_prof_data_start                 
ffffffff  __binit__                            
ffffffff  binit                                
UNDEFED   __mpu_init                           

[74 symbols]
