******************************************************************************
            TI ARM Clang Linker PC v4.0.4                      
******************************************************************************
>> Linked Fri Jan 16 16:49:15 2026

OUTPUT FILE NAME:   <signal_distortion_measurement.out>
ENTRY POINT SYMBOL: "_c_int00_noargs"  address: 0001b1b9


MEMORY CONFIGURATION

         name            origin    length      used     unused   attr    fill
----------------------  --------  ---------  --------  --------  ----  --------
  FLASH                 00000000   00020000  0001b888  00004778  R  X
  SRAM                  20200000   00008000  00003eeb  00004115  RW X
  BCR_CONFIG            41c00000   00000080  00000000  00000080  R   
  BSL_CONFIG            41c00100   00000080  00000000  00000080  R   


SEGMENT ALLOCATION MAP

run origin  load origin   length   init length attrs members
----------  ----------- ---------- ----------- ----- -------
00000000    00000000    0001b888   0001b888    r-x
  00000000    00000000    000000c0   000000c0    r-- .intvecs
  000000c0    000000c0    00015ef0   00015ef0    r-- .rodata
  00015fb0    00015fb0    000058a0   000058a0    r-x .text
  0001b850    0001b850    00000038   00000038    r-- .cinit
20200000    20200000    00003cf0   00000000    rw-
  20200000    20200000    0000304f   00000000    rw- .data
  20203050    20203050    0000089c   00000000    rw- .bss
  202038f0    202038f0    00000400   00000000    rw- .sysmem
20207e00    20207e00    00000200   00000000    rw-
  20207e00    20207e00    00000200   00000000    rw- .stack


SECTION ALLOCATION MAP

 output                                  attributes/
section   page    origin      length       input sections
--------  ----  ----------  ----------   ----------------
.intvecs   0    00000000    000000c0     
                  00000000    000000c0     startup_mspm0g350x_ticlang.o (.intvecs)

.text      0    00015fb0    000058a0     
                  00015fb0    000009d0     libc.a : _printfi.c.obj (.text:__TI_printfi)
                  00016980    000008fc     arm_cortexM0l_math.a : arm_cfft_radix8_f32.o (.text.arm_radix8_butterfly_f32)
                  0001727c    00000774                          : arm_cfft_f32.o (.text.arm_cfft_radix8by4_f32)
                  000179f0    000002b0                          : arm_cfft_f32.o (.text.arm_cfft_radix8by2_f32)
                  00017ca0    00000290     calculate_thd.o (.text.find_peak_info)
                  00017f30    00000220     libc.a : _printfi.c.obj (.text._pconv_a)
                  00018150    000001dc            : _printfi.c.obj (.text._pconv_g)
                  0001832c    000001c8     arm_cortexM0l_math.a : arm_cfft_f32.o (.text.arm_cfft_f32)
                  000184f4    000001b0     fft.o (.text.fft_calculate)
                  000186a4    000001a0     arm_cortexM0l_math.a : arm_cmplx_mag_f32.o (.text.arm_cmplx_mag_f32)
                  00018844    00000192     libclang_rt.builtins.a : adddf3.S.obj (.text.adddf3_subdf3)
                  000189d6    00000002                            : aeabi_div0.c.obj (.text.__aeabi_idiv0)
                  000189d8    00000184     uart_screen_display.o (.text.uart_send_display_data)
                  00018b5c    0000013c     libc.a : _printfi.c.obj (.text.fcvt)
                  00018c98    00000134     arm_cortexM0l_math.a : arm_bitreversal2.o (.text.arm_bitreversal_32)
                  00018dcc    00000120     libc.a : _printfi.c.obj (.text._pconv_e)
                  00018eec    0000011c     uart_bluteeth.o (.text.bluteeth_transmit_data)
                  00019008    0000010c     libclang_rt.builtins.a : divdf3.S.obj (.text.__divdf3)
                  00019114    000000e8     driverlib.a : dl_timer.o (.text.DL_Timer_initTimerMode)
                  000191fc    000000e4     libclang_rt.builtins.a : muldf3.S.obj (.text.__muldf3)
                  000192e0    000000dc     driverlib.a : dl_sysctl_mspm0g1x0x_g3x0x.o (.text.DL_SYSCTL_configSYSPLL)
                  000193bc    000000dc     calculate_thd.o (.text.calculate_thd)
                  00019498    000000d8     libc.a : s_scalbn.c.obj (.text.scalbn)
                  00019570    000000d8     libclang_rt.builtins.a : addsf3.S.obj (.text)
                  00019648    000000b0     arm_cortexM0l_math.a : arm_cfft_init_f32.o (.text.arm_cfft_init_f32)
                  000196f8    000000b0                          : arm_cos_f32.o (.text.arm_cos_f32)
                  000197a8    000000ac     main.o (.text.process_once)
                  00019854    000000aa     uart_bluteeth.o (.text.pack_short_and_6floats)
                  000198fe    00000002     libclang_rt.builtins.a : aeabi_div0.c.obj (.text.__aeabi_ldiv0)
                  00019900    000000a8     arm_cortexM0l_math.a : arm_sin_f32.o (.text.arm_sin_f32)
                  000199a8    000000a2     libclang_rt.builtins.a : udivmoddi4.S.obj (.text)
                  00019a4a    00000002     --HOLE-- [fill = 0]
                  00019a4c    000000a0     libc.a : e_sqrtf.c.obj (.text.sqrtf)
                  00019aec    0000009c     calculate_thd.o (.text.get_peak_offset_correction_factor)
                  00019b88    00000094     adc.o (.text.calculate_optimal_sampling_rate)
                  00019c1c    00000090     ti_msp_dl_config.o (.text.SYSCFG_DL_ADC12_0_init)
                  00019cac    0000008c     libclang_rt.builtins.a : mulsf3.S.obj (.text.__mulsf3)
                  00019d38    0000008c     libc.a : s_floorf.c.obj (.text.floorf)
                  00019dc4    00000084     ti_msp_dl_config.o (.text.__NVIC_SetPriority)
                  00019e48    00000082     libclang_rt.builtins.a : divsf3.S.obj (.text.__divsf3)
                  00019eca    00000002     --HOLE-- [fill = 0]
                  00019ecc    0000007c     libc.a : copy_decompress_lzss.c.obj (.text:decompress:lzss)
                  00019f48    00000078     ti_msp_dl_config.o (.text.SYSCFG_DL_initPower)
                  00019fc0    00000074     uart_screen_display.o (.text.UART2_IRQHandler)
                  0001a034    00000074     libclang_rt.builtins.a : comparedf2.c.obj (.text.__gedf2)
                  0001a0a8    00000008     libc.a : aeabi_portable.c.obj (.text.__aeabi_errno_addr)
                  0001a0b0    00000074     libclang_rt.builtins.a : truncdfsf2.S.obj (.text.__truncdfsf2)
                  0001a124    0000006c     fft.o (.text.Hanningwindow)
                  0001a190    00000068     ti_msp_dl_config.o (.text.SYSCFG_DL_UART_BLUTEETH_init)
                  0001a1f8    00000068     libclang_rt.builtins.a : comparedf2.c.obj (.text.__ledf2)
                  0001a260    00000068     libc.a : s_roundf.c.obj (.text.roundf)
                  0001a2c8    00000066            : _printfi.c.obj (.text._mcpy)
                  0001a32e    00000002     --HOLE-- [fill = 0]
                  0001a330    00000062     libclang_rt.builtins.a : aeabi_dcmp.S.obj (.text.__aeabi_dcmp)
                  0001a392    00000002     --HOLE-- [fill = 0]
                  0001a394    00000062                            : aeabi_fcmp.S.obj (.text.__aeabi_fcmp)
                  0001a3f6    00000002     --HOLE-- [fill = 0]
                  0001a3f8    0000005c     libc.a : s_frexp.c.obj (.text.frexp)
                  0001a454    00000058            : _ltoa.c.obj (.text.__TI_ltoa)
                  0001a4ac    00000058            : _printfi.c.obj (.text._pconv_f)
                  0001a504    00000056     libclang_rt.builtins.a : aeabi_idivmod.S.obj (.text.__aeabi_idivmod)
                  0001a55a    00000052     libc.a : _printfi.c.obj (.text._ecpy)
                  0001a5ac    00000050     ti_msp_dl_config.o (.text.SysTick_Config)
                  0001a5fc    00000050     uart_screen_display.o (.text.button_cmd)
                  0001a64c    00000050     uart_bluteeth.o (.text.uart_bluteeth_send)
                  0001a69c    0000004c     ti_msp_dl_config.o (.text.DL_ADC12_initSingleSample)
                  0001a6e8    0000004c     driverlib.a : dl_dma.o (.text.DL_DMA_initChannel)
                  0001a734    0000004c     ti_msp_dl_config.o (.text.DL_UART_setBaudRateDivisor)
                  0001a780    0000004c     libc.a : snprintf.c.obj (.text.snprintf)
                  0001a7cc    0000004a     ti_msp_dl_config.o (.text.DL_ADC12_configConversionMem)
                  0001a816    00000002     --HOLE-- [fill = 0]
                  0001a818    0000004a     libclang_rt.builtins.a : fixdfsi.S.obj (.text.__fixdfsi)
                  0001a862    00000002     --HOLE-- [fill = 0]
                  0001a864    00000048     driverlib.a : dl_uart.o (.text.DL_UART_init)
                  0001a8ac    00000048     ti_msp_dl_config.o (.text.SYSCFG_DL_UART_SCREEN_DISPLAY_init)
                  0001a8f4    00000044     driverlib.a : dl_sysctl_mspm0g1x0x_g3x0x.o (.text.DL_SYSCTL_switchMCLKfromSYSOSCtoHSCLK)
                  0001a938    00000044     ti_msp_dl_config.o (.text.SYSCFG_DL_TIMER_0_init)
                  0001a97c    00000044     uart_screen_display.o (.text.uart_send_string)
                  0001a9c0    00000040     driverlib.a : dl_adc12.o (.text.DL_ADC12_setClockConfig)
                  0001aa00    00000040     libclang_rt.builtins.a : aeabi_uidivmod.S.obj (.text.__aeabi_uidivmod)
                  0001aa40    00000040                            : extendsfdf2.S.obj (.text.__extendsfdf2)
                  0001aa80    00000040     adc.o (.text.adc_init)
                  0001aac0    00000040     libc.a : atoi.c.obj (.text.atoi)
                  0001ab00    0000003c     ti_msp_dl_config.o (.text.SYSCFG_DL_SYSCTL_init)
                  0001ab3c    0000003c     libclang_rt.builtins.a : floatsisf.S.obj (.text.__floatsisf)
                  0001ab78    0000003c                            : comparesf2.S.obj (.text.__gtsf2)
                  0001abb4    0000003c     libc.a : autoinit.c.obj (.text:__TI_auto_init_nobinit_nopinit)
                  0001abf0    0000003a     libclang_rt.builtins.a : comparesf2.S.obj (.text.__eqsf2)
                  0001ac2a    00000002     --HOLE-- [fill = 0]
                  0001ac2c    0000003a                            : muldsi3.S.obj (.text.__muldsi3)
                  0001ac66    00000002     --HOLE-- [fill = 0]
                  0001ac68    00000038     ti_msp_dl_config.o (.text.DL_Timer_setPublisherChanID)
                  0001aca0    00000038     libclang_rt.builtins.a : fixsfsi.S.obj (.text.__fixsfsi)
                  0001acd8    00000038     main.o (.text.clear_sampling_data)
                  0001ad10    00000038     main.o (.text.main)
                  0001ad48    00000034     ti_msp_dl_config.o (.text.SYSCFG_DL_init)
                  0001ad7c    00000032     libclang_rt.builtins.a : fixunssfsi.S.obj (.text.__fixunssfsi)
                  0001adae    00000002     --HOLE-- [fill = 0]
                  0001adb0    00000030     ti_msp_dl_config.o (.text.DL_DMA_setTransferSize)
                  0001ade0    00000030     uart_bluteeth.o (.text.DL_DMA_setTransferSize)
                  0001ae10    00000030     libc.a : _printfi.c.obj (.text._fcpy)
                  0001ae40    00000030            : snprintf.c.obj (.text._outs)
                  0001ae70    00000030     calculate_thd.o (.text.clear_peaks_data)
                  0001aea0    0000002c     adc.o (.text.ADC0_IRQHandler)
                  0001aecc    0000002c     ti_msp_dl_config.o (.text.DL_ADC12_setDMASamplesCnt)
                  0001aef8    0000002c     uart_screen_display.o (.text.__NVIC_ClearPendingIRQ)
                  0001af24    0000002c     adc.o (.text.__NVIC_EnableIRQ)
                  0001af50    0000002c     uart_bluteeth.o (.text.__NVIC_EnableIRQ)
                  0001af7c    0000002c     uart_screen_display.o (.text.__NVIC_EnableIRQ)
                  0001afa8    0000002c     libclang_rt.builtins.a : floatsidf.S.obj (.text.__floatsidf)
                  0001afd4    0000002a     ti_msp_dl_config.o (.text.SYSCFG_DL_GPIO_init)
                  0001affe    00000028     ti_msp_dl_config.o (.text.DL_Common_updateReg)
                  0001b026    00000002     --HOLE-- [fill = 0]
                  0001b028    00000028     adc.o (.text.DL_DMA_setDestAddr)
                  0001b050    00000028     uart_bluteeth.o (.text.DL_DMA_setDestAddr)
                  0001b078    00000028     adc.o (.text.DL_DMA_setSrcAddr)
                  0001b0a0    00000028     uart_bluteeth.o (.text.DL_DMA_setSrcAddr)
                  0001b0c8    00000028     ti_msp_dl_config.o (.text.DL_Timer_enableEvent)
                  0001b0f0    00000028     ti_msp_dl_config.o (.text.DL_UART_setRXFIFOThreshold)
                  0001b118    00000028     ti_msp_dl_config.o (.text.DL_UART_setTXFIFOThreshold)
                  0001b140    00000028     ti_msp_dl_config.o (.text.SYSCFG_DL_DMA_CH0_init)
                  0001b168    00000028     uart_bluteeth.o (.text.UART1_IRQHandler)
                  0001b190    00000028     libclang_rt.builtins.a : floatunsisf.S.obj (.text.__floatunsisf)
                  0001b1b8    00000028     libc.a : boot_cortex_m.c.obj (.text:_c_int00_noargs)
                  0001b1e0    00000026     adc.o (.text.DL_DMA_enableChannel)
                  0001b206    00000026     uart_bluteeth.o (.text.DL_DMA_enableChannel)
                  0001b22c    00000024     adc.o (.text.DL_ADC12_getMemResultAddress)
                  0001b250    00000024     libclang_rt.builtins.a : muldi3.S.obj (.text.__muldi3)
                  0001b274    00000024     adc.o (.text.set_sample_freq)
                  0001b298    00000022     libc.a : memccpy.c.obj (.text.memccpy)
                  0001b2ba    00000002     --HOLE-- [fill = 0]
                  0001b2bc    00000020     ti_msp_dl_config.o (.text.DL_GPIO_initPeripheralInputFunction)
                  0001b2dc    00000020     ti_msp_dl_config.o (.text.DL_SYSCTL_setFlashWaitState)
                  0001b2fc    00000020     driverlib.a : dl_uart.o (.text.DL_UART_transmitDataBlocking)
                  0001b31c    0000001e     ti_msp_dl_config.o (.text.DL_ADC12_setPowerDownMode)
                  0001b33a    0000001e     ti_msp_dl_config.o (.text.DL_UART_setOversampling)
                  0001b358    0000001e     libclang_rt.builtins.a : ashldi3.S.obj (.text.__ashldi3)
                  0001b376    00000002     --HOLE-- [fill = 0]
                  0001b378    0000001c     ti_msp_dl_config.o (.text.DL_ADC12_clearInterruptStatus)
                  0001b394    0000001c     ti_msp_dl_config.o (.text.DL_ADC12_enableDMA)
                  0001b3b0    0000001c     ti_msp_dl_config.o (.text.DL_ADC12_enableDMATrigger)
                  0001b3cc    0000001c     ti_msp_dl_config.o (.text.DL_ADC12_enableInterrupt)
                  0001b3e8    0000001c     ti_msp_dl_config.o (.text.DL_GPIO_initPeripheralOutputFunction)
                  0001b404    0000001c     ti_msp_dl_config.o (.text.DL_SYSCTL_setSYSOSCFreq)
                  0001b420    0000001c     ti_msp_dl_config.o (.text.DL_SYSCTL_setULPCLKDivider)
                  0001b43c    0000001c     driverlib.a : dl_timer.o (.text.DL_Timer_setClockConfig)
                  0001b458    0000001c     ti_msp_dl_config.o (.text.DL_UART_enableInterrupt)
                  0001b474    0000001a     ti_msp_dl_config.o (.text.DL_ADC12_setSubscriberChanID)
                  0001b48e    00000002     --HOLE-- [fill = 0]
                  0001b490    00000018     ti_msp_dl_config.o (.text.DL_ADC12_enablePower)
                  0001b4a8    00000018     ti_msp_dl_config.o (.text.DL_ADC12_reset)
                  0001b4c0    00000018     ti_msp_dl_config.o (.text.DL_ADC12_setSampleTime0)
                  0001b4d8    00000018     ti_msp_dl_config.o (.text.DL_GPIO_enablePower)
                  0001b4f0    00000018     ti_msp_dl_config.o (.text.DL_GPIO_reset)
                  0001b508    00000018     ti_msp_dl_config.o (.text.DL_SYSCTL_setBORThreshold)
                  0001b520    00000018     ti_msp_dl_config.o (.text.DL_Timer_enablePower)
                  0001b538    00000018     ti_msp_dl_config.o (.text.DL_Timer_reset)
                  0001b550    00000018     adc.o (.text.DL_Timer_setLoadValue)
                  0001b568    00000018     main.o (.text.DL_Timer_startCounter)
                  0001b580    00000018     adc.o (.text.DL_Timer_stopCounter)
                  0001b598    00000018     ti_msp_dl_config.o (.text.DL_UART_enableDMATransmitEvent)
                  0001b5b0    00000018     ti_msp_dl_config.o (.text.DL_UART_enableFIFOs)
                  0001b5c8    00000018     ti_msp_dl_config.o (.text.DL_UART_enablePower)
                  0001b5e0    00000018     ti_msp_dl_config.o (.text.DL_UART_reset)
                  0001b5f8    00000018     ti_msp_dl_config.o (.text.SYSCFG_DL_DMA_CH1_init)
                  0001b610    00000018     libc.a : snprintf.c.obj (.text._outc)
                  0001b628    00000016     ti_msp_dl_config.o (.text.DL_ADC12_enableConversions)
                  0001b63e    00000016     ti_msp_dl_config.o (.text.DL_UART_enable)
                  0001b654    00000016     uart_screen_display.o (.text.uart_init)
                  0001b66a    00000002     --HOLE-- [fill = 0]
                  0001b66c    00000014     ti_msp_dl_config.o (.text.DL_SYSCTL_disableSYSPLL)
                  0001b680    00000014     ti_msp_dl_config.o (.text.DL_Timer_enableClock)
                  0001b694    00000014     uart_screen_display.o (.text.DL_UART_receiveData)
                  0001b6a8    00000014     libclang_rt.builtins.a : aeabi_uldivmod.S.obj (.text.__aeabi_uldivmod)
                  0001b6bc    00000014     libc.a : _printfi.c.obj (.text.strchr)
                  0001b6d0    00000012     adc.o (.text.DL_ADC12_getPendingInterrupt)
                  0001b6e2    00000012     uart_bluteeth.o (.text.DL_UART_getPendingInterrupt)
                  0001b6f4    00000012     uart_screen_display.o (.text.DL_UART_getPendingInterrupt)
                  0001b706    00000012     driverlib.a : dl_uart.o (.text.DL_UART_setClockConfig)
                  0001b718    00000012     libc.a : memcpy16.S.obj (.text:TI_memcpy_small)
                  0001b72a    00000012            : copy_decompress_none.c.obj (.text:decompress:none)
                  0001b73c    00000010     ti_msp_dl_config.o (.text.DL_SYSCTL_disableHFXT)
                  0001b74c    00000010     ti_msp_dl_config.o (.text.SYSCFG_DL_SYSTICK_init)
                  0001b75c    00000010     clock.o (.text.SysTick_Handler)
                  0001b76c    00000010     libc.a : wcslen.c.obj (.text.wcslen)
                  0001b77c    00000010            : copy_zero_init.c.obj (.text:decompress:ZI)
                  0001b78c    0000000e     libclang_rt.builtins.a : aeabi_memset.S.obj (.text.__aeabi_memset)
                  0001b79a    0000000e     libc.a : _printfi.c.obj (.text.strlen)
                  0001b7a8    0000000e            : memset16.S.obj (.text:TI_memset_small)
                  0001b7b6    0000000c     ti_msp_dl_config.o (.text.SYSCFG_DL_DMA_init)
                  0001b7c2    00000002     --HOLE-- [fill = 0]
                  0001b7c4    0000000c     libclang_rt.builtins.a : aeabi_memset.S.obj (.text.__aeabi_memclr)
                  0001b7d0    0000000c     clock.o (.text.my_clock)
                  0001b7dc    0000000a     driverlib.a : dl_common.o (.text.DL_Common_delayCycles)
                  0001b7e6    0000000a     libc.a : _printfi.c.obj (.text.OUTLINED_FUNCTION_0)
                  0001b7f0    00000010     libclang_rt.builtins.a : adddf3.S.obj (.tramp.__aeabi_dsub.1)
                  0001b800    0000000a     libc.a : s_roundf.c.obj (.text.OUTLINED_FUNCTION_0)
                  0001b80a    00000002     --HOLE-- [fill = 0]
                  0001b80c    00000010     libclang_rt.builtins.a : addsf3.S.obj (.tramp.__aeabi_fadd.1)
                  0001b81c    0000000a     libc.a : _printfi.c.obj (.text.OUTLINED_FUNCTION_1)
                  0001b826    0000000a     uart_bluteeth.o (.text.uart_bluteeth_init)
                  0001b830    00000008     libclang_rt.builtins.a : aeabi_memcpy.S.obj (.text.__aeabi_memcpy)
                  0001b838    00000006     libc.a : exit.c.obj (.text:abort)
                  0001b83e    00000004     startup_mspm0g350x_ticlang.o (.text.Default_Handler)
                  0001b842    00000004     libsysbm.a : hostexit.c.obj (.text.HOSTexit)
                  0001b846    00000004     startup_mspm0g350x_ticlang.o (.text.Reset_Handler)
                  0001b84a    00000004     libc.a : pre_init.c.obj (.text._system_pre_init)
                  0001b84e    00000002     --HOLE-- [fill = 0]

.cinit     0    0001b850    00000038     
                  0001b850    0000000f     (.cinit..data.load) [load image, compression = lzss]
                  0001b85f    00000001     --HOLE-- [fill = 0]
                  0001b860    0000000c     (__TI_handler_table)
                  0001b86c    00000008     (.cinit..bss.load) [load image, compression = zero_init]
                  0001b874    00000010     (__TI_cinit_table)
                  0001b884    00000004     --HOLE-- [fill = 0]

.rodata    0    000000c0    00015ef0     
                  000000c0    00008000     arm_cortexM0l_math.a : arm_common_tables.o (.rodata.twiddleCoef_4096)
                  000080c0    00004000                          : arm_common_tables.o (.rodata.twiddleCoef_2048)
                  0000c0c0    00002000                          : arm_common_tables.o (.rodata.twiddleCoef_1024)
                  0000e0c0    00001f80                          : arm_common_tables.o (.rodata.armBitRevIndexTable4096)
                  00010040    00001dc0                          : arm_common_tables.o (.rodata.armBitRevIndexTable2048)
                  00011e00    00001000                          : arm_common_tables.o (.rodata.twiddleCoef_512)
                  00012e00    00000e10                          : arm_common_tables.o (.rodata.armBitRevIndexTable1024)
                  00013c10    00000804                          : arm_common_tables.o (.rodata.sinTable_f32)
                  00014414    00000800                          : arm_common_tables.o (.rodata.twiddleCoef_256)
                  00014c14    00000400                          : arm_common_tables.o (.rodata.twiddleCoef_128)
                  00015014    00000380                          : arm_common_tables.o (.rodata.armBitRevIndexTable512)
                  00015394    00000370                          : arm_common_tables.o (.rodata.armBitRevIndexTable256)
                  00015704    00000200                          : arm_common_tables.o (.rodata.twiddleCoef_64)
                  00015904    000001a0                          : arm_common_tables.o (.rodata.armBitRevIndexTable128)
                  00015aa4    0000000a     ti_msp_dl_config.o (.rodata.gUART_BLUTEETHConfig)
                  00015aae    00000002     ti_msp_dl_config.o (.rodata.gUART_BLUTEETHClockConfig)
                  00015ab0    00000101     libc.a : aeabi_ctype.S.obj (.rodata:__aeabi_ctype_table_)
                  00015bb1    00000003     ti_msp_dl_config.o (.rodata.gTIMER_0ClockConfig)
                  00015bb4    00000100     arm_cortexM0l_math.a : arm_common_tables.o (.rodata.twiddleCoef_32)
                  00015cb4    00000080                          : arm_common_tables.o (.rodata.twiddleCoef_16)
                  00015d34    00000070                          : arm_common_tables.o (.rodata.armBitRevIndexTable64)
                  00015da4    00000060                          : arm_common_tables.o (.rodata.armBitRevIndexTable32)
                  00015e04    00000028                          : arm_common_tables.o (.rodata.armBitRevIndexTable16)
                  00015e2c    00000028     ti_msp_dl_config.o (.rodata.gSYSPLLConfig)
                  00015e54    00000018     ti_msp_dl_config.o (.rodata.gDMA_CH0Config)
                  00015e6c    00000018     ti_msp_dl_config.o (.rodata.gDMA_CH1Config)
                  00015e84    00000014     ti_msp_dl_config.o (.rodata.gTIMER_0TimerConfig)
                  00015e98    00000013     uart_screen_display.o (.rodata.str1.4411264598052707083.1)
                  00015eab    00000012     uart_screen_display.o (.rodata.str1.16764385292762468298.1)
                  00015ebd    00000012     uart_screen_display.o (.rodata.str1.7575293442096613159.1)
                  00015ecf    00000011     libc.a : _printfi.c.obj (.rodata.str1.10348868589481759720.1)
                  00015ee0    00000011            : _printfi.c.obj (.rodata.str1.15363888844622738466.1)
                  00015ef1    00000011     uart_screen_display.o (.rodata.str1.5935123147460200048.1)
                  00015f02    00000002     ti_msp_dl_config.o (.rodata.gUART_SCREEN_DISPLAYClockConfig)
                  00015f04    00000010     arm_cortexM0l_math.a : arm_const_structs.o (.rodata.arm_cfft_sR_f32_len1024)
                  00015f14    00000010                          : arm_const_structs.o (.rodata.arm_cfft_sR_f32_len128)
                  00015f24    00000010                          : arm_const_structs.o (.rodata.arm_cfft_sR_f32_len16)
                  00015f34    00000010                          : arm_const_structs.o (.rodata.arm_cfft_sR_f32_len2048)
                  00015f44    00000010                          : arm_const_structs.o (.rodata.arm_cfft_sR_f32_len256)
                  00015f54    00000010                          : arm_const_structs.o (.rodata.arm_cfft_sR_f32_len32)
                  00015f64    00000010                          : arm_const_structs.o (.rodata.arm_cfft_sR_f32_len4096)
                  00015f74    00000010                          : arm_const_structs.o (.rodata.arm_cfft_sR_f32_len512)
                  00015f84    00000010                          : arm_const_structs.o (.rodata.arm_cfft_sR_f32_len64)
                  00015f94    0000000a     ti_msp_dl_config.o (.rodata.gUART_SCREEN_DISPLAYConfig)
                  00015f9e    00000002     --HOLE-- [fill = 0]
                  00015fa0    00000008     ti_msp_dl_config.o (.rodata.gADC12_0ClockConfig)
                  00015fa8    00000008     --HOLE-- [fill = 0]

.init_array 
*          0    00000000    00000000     UNINITIALIZED

.binit     0    00000000    00000000     

.data      0    20200000    0000304f     UNINITIALIZED
                  20200000    00002000     fft.o (.data.fft_inputbuf)
                  20202000    00001000     fft.o (.data.fft_outputbuf)
                  20203000    00000028     calculate_thd.o (.data.peaks)
                  20203028    00000014     calculate_thd.o (.data.normalized_ampl)
                  2020303c    00000004     libc.a : aeabi_portable.c.obj (.data.__aeabi_errno)
                  20203040    00000004     clock.o (.data.g_system_ticks)
                  20203044    00000004     calculate_thd.o (.data.thd)
                  20203048    00000002     calculate_thd.o (.data.peak_num)
                  2020304a    00000002     uart_screen_display.o (.data.rx_data_cnt)
                  2020304c    00000001     adc.o (.data.gCheckADC)
                  2020304d    00000001     uart_screen_display.o (.data.process_flag)
                  2020304e    00000001     uart_bluteeth.o (.data.uart_tx_complete_flag)

.bss       0    20203050    0000089c     UNINITIALIZED
                  20203050    00000800     (.common:gADCSamples)
                  20203850    00000078     (.common:gTIMER_0Backup)
                  202038c8    00000010     (.common:scfft)
                  202038d8    00000007     (.common:rx_buffer)
                  202038df    00000001     --HOLE--
                  202038e0    00000004     (.common:fundamental_ampl)
                  202038e4    00000004     (.common:fundamental_freq)
                  202038e8    00000004     (.common:sample_freq)

.sysmem    0    202038f0    00000400     UNINITIALIZED
                  202038f0    00000010     libc.a : memory.c.obj (.sysmem)
                  20203900    000003f0     --HOLE--

.stack     0    20207e00    00000200     UNINITIALIZED
                  20207e00    00000004     libc.a : boot_cortex_m.c.obj (.stack)
                  20207e04    000001fc     --HOLE--

__llvm_prf_cnts 
*          0    20200000    00000000     UNINITIALIZED

__llvm_prf_bits 
*          0    20200000    00000000     UNINITIALIZED

MODULE SUMMARY

       Module                         code    ro data   rw data
       ------                         ----    -------   -------
    .\
       ti_msp_dl_config.o             2262    143       120    
       main.o                         308     0         0      
       startup_mspm0g350x_ticlang.o   8       192       0      
    +--+------------------------------+-------+---------+---------+
       Total:                         2578    335       120    
                                                               
    .\USER\
       fft.o                          540     0         12304  
       adc.o                          556     0         2053   
       calculate_thd.o                1080    0         74     
       uart_screen_display.o          800     72        10     
       uart_bluteeth.o                812     0         1      
       clock.o                        28      0         4      
    +--+------------------------------+-------+---------+---------+
       Total:                         3816    72        14446  
                                                               
    C:/ti/mspm0_sdk_2_00_01_00/source/third_party/CMSIS/DSP/lib/ticlang/m0p/arm_cortexM0l_math.a
       arm_common_tables.o            0       89180     0      
       arm_cfft_f32.o                 3052    0         0      
       arm_cfft_radix8_f32.o          2300    0         0      
       arm_cmplx_mag_f32.o            416     0         0      
       arm_bitreversal2.o             308     0         0      
       arm_cfft_init_f32.o            176     0         0      
       arm_cos_f32.o                  176     0         0      
       arm_sin_f32.o                  168     0         0      
       arm_const_structs.o            0       144       0      
    +--+------------------------------+-------+---------+---------+
       Total:                         6596    89324     0      
                                                               
    C:/ti/mspm0_sdk_2_00_01_00/source/ti/driverlib/lib/ticlang/m0p/mspm0g1x0x_g3x0x/driverlib.a
       dl_sysctl_mspm0g1x0x_g3x0x.o   288     0         0      
       dl_timer.o                     260     0         0      
       dl_uart.o                      122     0         0      
       dl_dma.o                       76      0         0      
       dl_adc12.o                     64      0         0      
       dl_common.o                    10      0         0      
    +--+------------------------------+-------+---------+---------+
       Total:                         820     0         0      
                                                               
    D:\software_code\ti\ccs\tools\compiler\ti-cgt-armllvm_4.0.4.LTS\lib\armv6m-ti-none-eabi/c/libc.a
       _printfi.c.obj                 4510    34        0      
       aeabi_ctype.S.obj              0       257       0      
       s_scalbn.c.obj                 216     0         0      
       e_sqrtf.c.obj                  160     0         0      
       snprintf.c.obj                 148     0         0      
       s_floorf.c.obj                 140     0         0      
       copy_decompress_lzss.c.obj     124     0         0      
       s_roundf.c.obj                 114     0         0      
       s_frexp.c.obj                  92      0         0      
       _ltoa.c.obj                    88      0         0      
       atoi.c.obj                     64      0         0      
       autoinit.c.obj                 60      0         0      
       boot_cortex_m.c.obj            40      0         0      
       memccpy.c.obj                  34      0         0      
       copy_decompress_none.c.obj     18      0         0      
       memcpy16.S.obj                 18      0         0      
       copy_zero_init.c.obj           16      0         0      
       wcslen.c.obj                   16      0         0      
       memset16.S.obj                 14      0         0      
       aeabi_portable.c.obj           8       0         4      
       exit.c.obj                     6       0         0      
       pre_init.c.obj                 4       0         0      
    +--+------------------------------+-------+---------+---------+
       Total:                         5890    291       4      
                                                               
    D:\software_code\ti\ccs\tools\compiler\ti-cgt-armllvm_4.0.4.LTS\lib\armv6m-ti-none-eabi/c/libsysbm.a
       hostexit.c.obj                 4       0         0      
    +--+------------------------------+-------+---------+---------+
       Total:                         4       0         0      
                                                               
    D:\software_code\ti\ccs\tools\compiler\ti-cgt-armllvm_4.0.4.LTS\lib\armv6m-ti-none-eabi/libclang_rt.builtins.a
       adddf3.S.obj                   418     0         0      
       divdf3.S.obj                   268     0         0      
       addsf3.S.obj                   232     0         0      
       muldf3.S.obj                   228     0         0      
       comparedf2.c.obj               220     0         0      
       udivmoddi4.S.obj               162     0         0      
       mulsf3.S.obj                   140     0         0      
       divsf3.S.obj                   130     0         0      
       comparesf2.S.obj               118     0         0      
       truncdfsf2.S.obj               116     0         0      
       aeabi_dcmp.S.obj               98      0         0      
       aeabi_fcmp.S.obj               98      0         0      
       aeabi_idivmod.S.obj            86      0         0      
       fixdfsi.S.obj                  74      0         0      
       aeabi_uidivmod.S.obj           64      0         0      
       extendsfdf2.S.obj              64      0         0      
       floatsisf.S.obj                60      0         0      
       muldsi3.S.obj                  58      0         0      
       fixsfsi.S.obj                  56      0         0      
       fixunssfsi.S.obj               50      0         0      
       floatsidf.S.obj                44      0         0      
       floatunsisf.S.obj              40      0         0      
       muldi3.S.obj                   36      0         0      
       ashldi3.S.obj                  30      0         0      
       aeabi_memset.S.obj             26      0         0      
       aeabi_uldivmod.S.obj           20      0         0      
       aeabi_memcpy.S.obj             8       0         0      
       aeabi_div0.c.obj               4       0         0      
    +--+------------------------------+-------+---------+---------+
       Total:                         2948    0         0      
                                                               
       Heap:                          0       0         1024   
       Stack:                         0       0         512    
       Linker Generated:              0       51        0      
    +--+------------------------------+-------+---------+---------+
       Grand Total:                   22652   90073     16106  


LINKER GENERATED COPY TABLES

__TI_cinit_table @ 0001b874 records: 2, size/record: 8, table size: 16
	.data: load addr=0001b850, load size=0000000f bytes, run addr=20200000, run size=0000304f bytes, compression=lzss
	.bss: load addr=0001b86c, load size=00000008 bytes, run addr=20203050, run size=0000089c bytes, compression=zero_init


LINKER GENERATED HANDLER TABLE

__TI_handler_table @ 0001b860 records: 3, size/record: 4, table size: 12
	index: 0, handler: __TI_decompress_lzss
	index: 1, handler: __TI_decompress_none
	index: 2, handler: __TI_zero_init


FAR CALL TRAMPOLINES

callee name               trampoline name
   callee addr  tramp addr   call addr  call info
--------------  -----------  ---------  ----------------
__aeabi_dsub              $Tramp$TT$L$PI$$__aeabi_dsub
   00018845     0001b7f0     0001b7ee   libc.a : _printfi.c.obj (.text.OUTLINED_FUNCTION_0)
__aeabi_fadd              $Tramp$TT$L$PI$$__aeabi_fadd
   0001957b     0001b80c     0001b808   libc.a : s_roundf.c.obj (.text.OUTLINED_FUNCTION_0)

[2 trampolines]
[2 trampoline calls]


GLOBAL SYMBOLS: SORTED ALPHABETICALLY BY Name 

address   name                                 
-------   ----                                 
0001aea1  ADC0_IRQHandler                      
0001b83f  ADC1_IRQHandler                      
0001b83f  AES_IRQHandler                       
0001b842  C$$EXIT                              
0001b83f  CANFD0_IRQHandler                    
0001b83f  DAC0_IRQHandler                      
0001a9c1  DL_ADC12_setClockConfig              
0001b7dd  DL_Common_delayCycles                
0001a6e9  DL_DMA_initChannel                   
000192e1  DL_SYSCTL_configSYSPLL               
0001a8f5  DL_SYSCTL_switchMCLKfromSYSOSCtoHSCLK
00019115  DL_Timer_initTimerMode               
0001b43d  DL_Timer_setClockConfig              
0001a865  DL_UART_init                         
0001b707  DL_UART_setClockConfig               
0001b2fd  DL_UART_transmitDataBlocking         
0001b83f  DMA_IRQHandler                       
0001b83f  Default_Handler                      
0001b83f  GROUP0_IRQHandler                    
0001b83f  GROUP1_IRQHandler                    
0001b843  HOSTexit                             
0001b83f  HardFault_Handler                    
0001b83f  I2C0_IRQHandler                      
0001b83f  I2C1_IRQHandler                      
0001b83f  NMI_Handler                          
0001b83f  PendSV_Handler                       
0001b83f  RTC_IRQHandler                       
0001b847  Reset_Handler                        
0001b83f  SPI0_IRQHandler                      
0001b83f  SPI1_IRQHandler                      
0001b83f  SVC_Handler                          
00019c1d  SYSCFG_DL_ADC12_0_init               
0001b141  SYSCFG_DL_DMA_CH0_init               
0001b5f9  SYSCFG_DL_DMA_CH1_init               
0001b7b7  SYSCFG_DL_DMA_init                   
0001afd5  SYSCFG_DL_GPIO_init                  
0001ab01  SYSCFG_DL_SYSCTL_init                
0001b74d  SYSCFG_DL_SYSTICK_init               
0001a939  SYSCFG_DL_TIMER_0_init               
0001a191  SYSCFG_DL_UART_BLUTEETH_init         
0001a8ad  SYSCFG_DL_UART_SCREEN_DISPLAY_init   
0001ad49  SYSCFG_DL_init                       
00019f49  SYSCFG_DL_initPower                  
0001b75d  SysTick_Handler                      
0001b83f  TIMA0_IRQHandler                     
0001b83f  TIMA1_IRQHandler                     
0001b83f  TIMG0_IRQHandler                     
0001b83f  TIMG12_IRQHandler                    
0001b83f  TIMG6_IRQHandler                     
0001b83f  TIMG7_IRQHandler                     
0001b83f  TIMG8_IRQHandler                     
0001b719  TI_memcpy_small                      
0001b7a9  TI_memset_small                      
0001b83f  UART0_IRQHandler                     
0001b169  UART1_IRQHandler                     
00019fc1  UART2_IRQHandler                     
0001b83f  UART3_IRQHandler                     
20208000  __STACK_END                          
00000200  __STACK_SIZE                         
00000400  __SYSMEM_SIZE                        
00000000  __TI_ATRegion0_region_sz             
00000000  __TI_ATRegion0_src_addr              
00000000  __TI_ATRegion0_trg_addr              
00000000  __TI_ATRegion1_region_sz             
00000000  __TI_ATRegion1_src_addr              
00000000  __TI_ATRegion1_trg_addr              
00000000  __TI_ATRegion2_region_sz             
00000000  __TI_ATRegion2_src_addr              
00000000  __TI_ATRegion2_trg_addr              
0001b874  __TI_CINIT_Base                      
0001b884  __TI_CINIT_Limit                     
0001b884  __TI_CINIT_Warm                      
0001b860  __TI_Handler_Table_Base              
0001b86c  __TI_Handler_Table_Limit             
0001abb5  __TI_auto_init_nobinit_nopinit       
00019ecd  __TI_decompress_lzss                 
0001b72b  __TI_decompress_none                 
0001a455  __TI_ltoa                            
ffffffff  __TI_pprof_out_hndl                  
00015fb1  __TI_printfi                         
ffffffff  __TI_prof_data_size                  
ffffffff  __TI_prof_data_start                 
00000000  __TI_static_base__                   
0001b77d  __TI_zero_init                       
0001884f  __adddf3                             
0001957b  __addsf3                             
00015ab0  __aeabi_ctype_table_                 
00015ab0  __aeabi_ctype_table_C                
0001a0b1  __aeabi_d2f                          
0001a819  __aeabi_d2iz                         
0001884f  __aeabi_dadd                         
0001a331  __aeabi_dcmpeq                       
0001a36d  __aeabi_dcmpge                       
0001a381  __aeabi_dcmpgt                       
0001a359  __aeabi_dcmple                       
0001a345  __aeabi_dcmplt                       
00019009  __aeabi_ddiv                         
000191fd  __aeabi_dmul                         
00018845  __aeabi_dsub                         
2020303c  __aeabi_errno                        
0001a0a9  __aeabi_errno_addr                   
0001aa41  __aeabi_f2d                          
0001aca1  __aeabi_f2iz                         
0001ad7d  __aeabi_f2uiz                        
0001957b  __aeabi_fadd                         
0001a395  __aeabi_fcmpeq                       
0001a3d1  __aeabi_fcmpge                       
0001a3e5  __aeabi_fcmpgt                       
0001a3bd  __aeabi_fcmple                       
0001a3a9  __aeabi_fcmplt                       
00019e49  __aeabi_fdiv                         
00019cad  __aeabi_fmul                         
00019571  __aeabi_fsub                         
0001afa9  __aeabi_i2d                          
0001ab3d  __aeabi_i2f                          
0001a505  __aeabi_idiv                         
000189d7  __aeabi_idiv0                        
0001a505  __aeabi_idivmod                      
000198ff  __aeabi_ldiv0                        
0001b359  __aeabi_llsl                         
0001b251  __aeabi_lmul                         
0001b7c5  __aeabi_memclr                       
0001b7c5  __aeabi_memclr4                      
0001b7c5  __aeabi_memclr8                      
0001b831  __aeabi_memcpy                       
0001b831  __aeabi_memcpy4                      
0001b831  __aeabi_memcpy8                      
0001b78d  __aeabi_memset                       
0001b78d  __aeabi_memset4                      
0001b78d  __aeabi_memset8                      
0001b191  __aeabi_ui2f                         
0001aa01  __aeabi_uidiv                        
0001aa01  __aeabi_uidivmod                     
0001b6a9  __aeabi_uldivmod                     
0001b359  __ashldi3                            
ffffffff  __binit__                            
0001a1f9  __cmpdf2                             
0001abf1  __cmpsf2                             
00019009  __divdf3                             
00019e49  __divsf3                             
0001a1f9  __eqdf2                              
0001abf1  __eqsf2                              
0001aa41  __extendsfdf2                        
0001a819  __fixdfsi                            
0001aca1  __fixsfsi                            
0001ad7d  __fixunssfsi                         
0001afa9  __floatsidf                          
0001ab3d  __floatsisf                          
0001b191  __floatunsisf                        
0001a035  __gedf2                              
0001ab79  __gesf2                              
0001a035  __gtdf2                              
0001ab79  __gtsf2                              
0001a1f9  __ledf2                              
0001abf1  __lesf2                              
0001a1f9  __ltdf2                              
0001abf1  __ltsf2                              
UNDEFED   __mpu_init                           
000191fd  __muldf3                             
0001b251  __muldi3                             
0001ac2d  __muldsi3                            
00019cad  __mulsf3                             
0001a1f9  __nedf2                              
0001abf1  __nesf2                              
20207e00  __stack                              
20200000  __start___llvm_prf_bits              
20200000  __start___llvm_prf_cnts              
20200000  __stop___llvm_prf_bits               
20200000  __stop___llvm_prf_cnts               
00018845  __subdf3                             
00019571  __subsf3                             
0001a0b1  __truncdfsf2                         
000199a9  __udivmoddi4                         
0001b1b9  _c_int00_noargs                      
202038f0  _sys_memory                          
UNDEFED   _system_post_cinit                   
0001b84b  _system_pre_init                     
0001b839  abort                                
0001aa81  adc_init                             
00012e00  armBitRevIndexTable1024              
00015904  armBitRevIndexTable128               
00015e04  armBitRevIndexTable16                
00010040  armBitRevIndexTable2048              
00015394  armBitRevIndexTable256               
00015da4  armBitRevIndexTable32                
0000e0c0  armBitRevIndexTable4096              
00015014  armBitRevIndexTable512               
00015d34  armBitRevIndexTable64                
00018c99  arm_bitreversal_32                   
0001832d  arm_cfft_f32                         
00019649  arm_cfft_init_f32                    
000179f1  arm_cfft_radix8by2_f32               
0001727d  arm_cfft_radix8by4_f32               
00015f04  arm_cfft_sR_f32_len1024              
00015f14  arm_cfft_sR_f32_len128               
00015f24  arm_cfft_sR_f32_len16                
00015f34  arm_cfft_sR_f32_len2048              
00015f44  arm_cfft_sR_f32_len256               
00015f54  arm_cfft_sR_f32_len32                
00015f64  arm_cfft_sR_f32_len4096              
00015f74  arm_cfft_sR_f32_len512               
00015f84  arm_cfft_sR_f32_len64                
000186a5  arm_cmplx_mag_f32                    
000196f9  arm_cos_f32                          
00016981  arm_radix8_butterfly_f32             
00019901  arm_sin_f32                          
0001aac1  atoi                                 
ffffffff  binit                                
00018eed  bluteeth_transmit_data               
0001a5fd  button_cmd                           
00019b89  calculate_optimal_sampling_rate      
000193bd  calculate_thd                        
0001ae71  clear_peaks_data                     
0001acd9  clear_sampling_data                  
000184f5  fft_calculate                        
20200000  fft_inputbuf                         
20202000  fft_outputbuf                        
00017ca1  find_peak_info                       
00019d39  floorf                               
0001a3f9  frexp                                
0001a3f9  frexpl                               
202038e0  fundamental_ampl                     
202038e4  fundamental_freq                     
20203050  gADCSamples                          
2020304c  gCheckADC                            
20203850  gTIMER_0Backup                       
20203040  g_system_ticks                       
00000000  interruptVectors                     
00019499  ldexp                                
00019499  ldexpl                               
0001ad11  main                                 
0001b299  memccpy                              
0001b7d1  my_clock                             
20203028  normalized_ampl                      
00019855  pack_short_and_6floats               
20203048  peak_num                             
20203000  peaks                                
2020304d  process_flag                         
000197a9  process_once                         
0001a261  roundf                               
202038d8  rx_buffer                            
2020304a  rx_data_cnt                          
202038e8  sample_freq                          
00019499  scalbn                               
00019499  scalbnl                              
202038c8  scfft                                
0001b275  set_sample_freq                      
00013c10  sinTable_f32                         
0001a781  snprintf                             
00019a4d  sqrtf                                
20203044  thd                                  
0000c0c0  twiddleCoef_1024                     
00014c14  twiddleCoef_128                      
00015cb4  twiddleCoef_16                       
000080c0  twiddleCoef_2048                     
00014414  twiddleCoef_256                      
00015bb4  twiddleCoef_32                       
000000c0  twiddleCoef_4096                     
00011e00  twiddleCoef_512                      
00015704  twiddleCoef_64                       
0001b827  uart_bluteeth_init                   
0001a64d  uart_bluteeth_send                   
0001b655  uart_init                            
000189d9  uart_send_display_data               
0001a97d  uart_send_string                     
2020304e  uart_tx_complete_flag                
0001b76d  wcslen                               


GLOBAL SYMBOLS: SORTED BY Symbol Address 

address   name                                 
-------   ----                                 
00000000  __TI_ATRegion0_region_sz             
00000000  __TI_ATRegion0_src_addr              
00000000  __TI_ATRegion0_trg_addr              
00000000  __TI_ATRegion1_region_sz             
00000000  __TI_ATRegion1_src_addr              
00000000  __TI_ATRegion1_trg_addr              
00000000  __TI_ATRegion2_region_sz             
00000000  __TI_ATRegion2_src_addr              
00000000  __TI_ATRegion2_trg_addr              
00000000  __TI_static_base__                   
00000000  interruptVectors                     
000000c0  twiddleCoef_4096                     
00000200  __STACK_SIZE                         
00000400  __SYSMEM_SIZE                        
000080c0  twiddleCoef_2048                     
0000c0c0  twiddleCoef_1024                     
0000e0c0  armBitRevIndexTable4096              
00010040  armBitRevIndexTable2048              
00011e00  twiddleCoef_512                      
00012e00  armBitRevIndexTable1024              
00013c10  sinTable_f32                         
00014414  twiddleCoef_256                      
00014c14  twiddleCoef_128                      
00015014  armBitRevIndexTable512               
00015394  armBitRevIndexTable256               
00015704  twiddleCoef_64                       
00015904  armBitRevIndexTable128               
00015ab0  __aeabi_ctype_table_                 
00015ab0  __aeabi_ctype_table_C                
00015bb4  twiddleCoef_32                       
00015cb4  twiddleCoef_16                       
00015d34  armBitRevIndexTable64                
00015da4  armBitRevIndexTable32                
00015e04  armBitRevIndexTable16                
00015f04  arm_cfft_sR_f32_len1024              
00015f14  arm_cfft_sR_f32_len128               
00015f24  arm_cfft_sR_f32_len16                
00015f34  arm_cfft_sR_f32_len2048              
00015f44  arm_cfft_sR_f32_len256               
00015f54  arm_cfft_sR_f32_len32                
00015f64  arm_cfft_sR_f32_len4096              
00015f74  arm_cfft_sR_f32_len512               
00015f84  arm_cfft_sR_f32_len64                
00015fb1  __TI_printfi                         
00016981  arm_radix8_butterfly_f32             
0001727d  arm_cfft_radix8by4_f32               
000179f1  arm_cfft_radix8by2_f32               
00017ca1  find_peak_info                       
0001832d  arm_cfft_f32                         
000184f5  fft_calculate                        
000186a5  arm_cmplx_mag_f32                    
00018845  __aeabi_dsub                         
00018845  __subdf3                             
0001884f  __adddf3                             
0001884f  __aeabi_dadd                         
000189d7  __aeabi_idiv0                        
000189d9  uart_send_display_data               
00018c99  arm_bitreversal_32                   
00018eed  bluteeth_transmit_data               
00019009  __aeabi_ddiv                         
00019009  __divdf3                             
00019115  DL_Timer_initTimerMode               
000191fd  __aeabi_dmul                         
000191fd  __muldf3                             
000192e1  DL_SYSCTL_configSYSPLL               
000193bd  calculate_thd                        
00019499  ldexp                                
00019499  ldexpl                               
00019499  scalbn                               
00019499  scalbnl                              
00019571  __aeabi_fsub                         
00019571  __subsf3                             
0001957b  __addsf3                             
0001957b  __aeabi_fadd                         
00019649  arm_cfft_init_f32                    
000196f9  arm_cos_f32                          
000197a9  process_once                         
00019855  pack_short_and_6floats               
000198ff  __aeabi_ldiv0                        
00019901  arm_sin_f32                          
000199a9  __udivmoddi4                         
00019a4d  sqrtf                                
00019b89  calculate_optimal_sampling_rate      
00019c1d  SYSCFG_DL_ADC12_0_init               
00019cad  __aeabi_fmul                         
00019cad  __mulsf3                             
00019d39  floorf                               
00019e49  __aeabi_fdiv                         
00019e49  __divsf3                             
00019ecd  __TI_decompress_lzss                 
00019f49  SYSCFG_DL_initPower                  
00019fc1  UART2_IRQHandler                     
0001a035  __gedf2                              
0001a035  __gtdf2                              
0001a0a9  __aeabi_errno_addr                   
0001a0b1  __aeabi_d2f                          
0001a0b1  __truncdfsf2                         
0001a191  SYSCFG_DL_UART_BLUTEETH_init         
0001a1f9  __cmpdf2                             
0001a1f9  __eqdf2                              
0001a1f9  __ledf2                              
0001a1f9  __ltdf2                              
0001a1f9  __nedf2                              
0001a261  roundf                               
0001a331  __aeabi_dcmpeq                       
0001a345  __aeabi_dcmplt                       
0001a359  __aeabi_dcmple                       
0001a36d  __aeabi_dcmpge                       
0001a381  __aeabi_dcmpgt                       
0001a395  __aeabi_fcmpeq                       
0001a3a9  __aeabi_fcmplt                       
0001a3bd  __aeabi_fcmple                       
0001a3d1  __aeabi_fcmpge                       
0001a3e5  __aeabi_fcmpgt                       
0001a3f9  frexp                                
0001a3f9  frexpl                               
0001a455  __TI_ltoa                            
0001a505  __aeabi_idiv                         
0001a505  __aeabi_idivmod                      
0001a5fd  button_cmd                           
0001a64d  uart_bluteeth_send                   
0001a6e9  DL_DMA_initChannel                   
0001a781  snprintf                             
0001a819  __aeabi_d2iz                         
0001a819  __fixdfsi                            
0001a865  DL_UART_init                         
0001a8ad  SYSCFG_DL_UART_SCREEN_DISPLAY_init   
0001a8f5  DL_SYSCTL_switchMCLKfromSYSOSCtoHSCLK
0001a939  SYSCFG_DL_TIMER_0_init               
0001a97d  uart_send_string                     
0001a9c1  DL_ADC12_setClockConfig              
0001aa01  __aeabi_uidiv                        
0001aa01  __aeabi_uidivmod                     
0001aa41  __aeabi_f2d                          
0001aa41  __extendsfdf2                        
0001aa81  adc_init                             
0001aac1  atoi                                 
0001ab01  SYSCFG_DL_SYSCTL_init                
0001ab3d  __aeabi_i2f                          
0001ab3d  __floatsisf                          
0001ab79  __gesf2                              
0001ab79  __gtsf2                              
0001abb5  __TI_auto_init_nobinit_nopinit       
0001abf1  __cmpsf2                             
0001abf1  __eqsf2                              
0001abf1  __lesf2                              
0001abf1  __ltsf2                              
0001abf1  __nesf2                              
0001ac2d  __muldsi3                            
0001aca1  __aeabi_f2iz                         
0001aca1  __fixsfsi                            
0001acd9  clear_sampling_data                  
0001ad11  main                                 
0001ad49  SYSCFG_DL_init                       
0001ad7d  __aeabi_f2uiz                        
0001ad7d  __fixunssfsi                         
0001ae71  clear_peaks_data                     
0001aea1  ADC0_IRQHandler                      
0001afa9  __aeabi_i2d                          
0001afa9  __floatsidf                          
0001afd5  SYSCFG_DL_GPIO_init                  
0001b141  SYSCFG_DL_DMA_CH0_init               
0001b169  UART1_IRQHandler                     
0001b191  __aeabi_ui2f                         
0001b191  __floatunsisf                        
0001b1b9  _c_int00_noargs                      
0001b251  __aeabi_lmul                         
0001b251  __muldi3                             
0001b275  set_sample_freq                      
0001b299  memccpy                              
0001b2fd  DL_UART_transmitDataBlocking         
0001b359  __aeabi_llsl                         
0001b359  __ashldi3                            
0001b43d  DL_Timer_setClockConfig              
0001b5f9  SYSCFG_DL_DMA_CH1_init               
0001b655  uart_init                            
0001b6a9  __aeabi_uldivmod                     
0001b707  DL_UART_setClockConfig               
0001b719  TI_memcpy_small                      
0001b72b  __TI_decompress_none                 
0001b74d  SYSCFG_DL_SYSTICK_init               
0001b75d  SysTick_Handler                      
0001b76d  wcslen                               
0001b77d  __TI_zero_init                       
0001b78d  __aeabi_memset                       
0001b78d  __aeabi_memset4                      
0001b78d  __aeabi_memset8                      
0001b7a9  TI_memset_small                      
0001b7b7  SYSCFG_DL_DMA_init                   
0001b7c5  __aeabi_memclr                       
0001b7c5  __aeabi_memclr4                      
0001b7c5  __aeabi_memclr8                      
0001b7d1  my_clock                             
0001b7dd  DL_Common_delayCycles                
0001b827  uart_bluteeth_init                   
0001b831  __aeabi_memcpy                       
0001b831  __aeabi_memcpy4                      
0001b831  __aeabi_memcpy8                      
0001b839  abort                                
0001b83f  ADC1_IRQHandler                      
0001b83f  AES_IRQHandler                       
0001b83f  CANFD0_IRQHandler                    
0001b83f  DAC0_IRQHandler                      
0001b83f  DMA_IRQHandler                       
0001b83f  Default_Handler                      
0001b83f  GROUP0_IRQHandler                    
0001b83f  GROUP1_IRQHandler                    
0001b83f  HardFault_Handler                    
0001b83f  I2C0_IRQHandler                      
0001b83f  I2C1_IRQHandler                      
0001b83f  NMI_Handler                          
0001b83f  PendSV_Handler                       
0001b83f  RTC_IRQHandler                       
0001b83f  SPI0_IRQHandler                      
0001b83f  SPI1_IRQHandler                      
0001b83f  SVC_Handler                          
0001b83f  TIMA0_IRQHandler                     
0001b83f  TIMA1_IRQHandler                     
0001b83f  TIMG0_IRQHandler                     
0001b83f  TIMG12_IRQHandler                    
0001b83f  TIMG6_IRQHandler                     
0001b83f  TIMG7_IRQHandler                     
0001b83f  TIMG8_IRQHandler                     
0001b83f  UART0_IRQHandler                     
0001b83f  UART3_IRQHandler                     
0001b842  C$$EXIT                              
0001b843  HOSTexit                             
0001b847  Reset_Handler                        
0001b84b  _system_pre_init                     
0001b860  __TI_Handler_Table_Base              
0001b86c  __TI_Handler_Table_Limit             
0001b874  __TI_CINIT_Base                      
0001b884  __TI_CINIT_Limit                     
0001b884  __TI_CINIT_Warm                      
20200000  __start___llvm_prf_bits              
20200000  __start___llvm_prf_cnts              
20200000  __stop___llvm_prf_bits               
20200000  __stop___llvm_prf_cnts               
20200000  fft_inputbuf                         
20202000  fft_outputbuf                        
20203000  peaks                                
20203028  normalized_ampl                      
2020303c  __aeabi_errno                        
20203040  g_system_ticks                       
20203044  thd                                  
20203048  peak_num                             
2020304a  rx_data_cnt                          
2020304c  gCheckADC                            
2020304d  process_flag                         
2020304e  uart_tx_complete_flag                
20203050  gADCSamples                          
20203850  gTIMER_0Backup                       
202038c8  scfft                                
202038d8  rx_buffer                            
202038e0  fundamental_ampl                     
202038e4  fundamental_freq                     
202038e8  sample_freq                          
202038f0  _sys_memory                          
20207e00  __stack                              
20208000  __STACK_END                          
ffffffff  __TI_pprof_out_hndl                  
ffffffff  __TI_prof_data_size                  
ffffffff  __TI_prof_data_start                 
ffffffff  __binit__                            
ffffffff  binit                                
UNDEFED   __mpu_init                           
UNDEFED   _system_post_cinit                   

[267 symbols]
