<?xml version="1.0" encoding="ISO-8859-1" ?>
<link_info>
   <banner>TI ARM Clang Linker PC v4.0.4.LTS</banner>
   <copyright>Copyright (c) 1996-2018 Texas Instruments Incorporated</copyright>
   <command_line>D:\software_code\ti\ccs\tools\compiler\ti-cgt-armllvm_4.0.4.LTS\bin\tiarmlnk -ID:\software_code\ti\ccs\tools\compiler\ti-cgt-armllvm_4.0.4.LTS\lib -o signal_distortion_measurement.out -msignal_distortion_measurement.map --heap_size=1024 --stack_size=1024 -iC:/ti/mspm0_sdk_2_00_01_00/source -iD:/workspace_ccs/signal_distortion_measurement -iD:/workspace_ccs/signal_distortion_measurement/Debug/syscfg -iD:/software_code/ti/ccs/tools/compiler/ti-cgt-armllvm_4.0.4.LTS/lib --diag_wrap=off --display_error_number --warn_sections --xml_link_info=signal_distortion_measurement_linkInfo.xml --rom_model ./main.o ./ti_msp_dl_config.o ./startup_mspm0g350x_ticlang.o ./USER/adc.o ./USER/calculate_thd.o ./USER/clock.o ./USER/fft.o ./USER/uart_bluteeth.o ./USER/uart_screen_display.o -l./device_linker.cmd -ldevice.cmd.genlibs -llibc.a --start-group -llibc++.a -llibc++abi.a -llibc.a -llibsys.a -llibsysbm.a -llibclang_rt.builtins.a -llibclang_rt.profile.a --end-group --cg_opt_level=0</command_line>
   <link_time>0x6992e86e</link_time>
   <link_errors>0x0</link_errors>
   <output_file>D:\workspace_ccs\signal_distortion_measurement\Debug\signal_distortion_measurement.out</output_file>
   <entry_point>
      <name>_c_int00_noargs</name>
      <address>0x1b231</address>
   </entry_point>
   <input_file_list>
      <input_file id="fl-1">
         <path>D:\workspace_ccs\signal_distortion_measurement\Debug\.\</path>
         <kind>object</kind>
         <file>main.o</file>
         <name>main.o</name>
      </input_file>
      <input_file id="fl-2">
         <path>D:\workspace_ccs\signal_distortion_measurement\Debug\.\</path>
         <kind>object</kind>
         <file>ti_msp_dl_config.o</file>
         <name>ti_msp_dl_config.o</name>
      </input_file>
      <input_file id="fl-3">
         <path>D:\workspace_ccs\signal_distortion_measurement\Debug\.\</path>
         <kind>object</kind>
         <file>startup_mspm0g350x_ticlang.o</file>
         <name>startup_mspm0g350x_ticlang.o</name>
      </input_file>
      <input_file id="fl-4">
         <path>D:\workspace_ccs\signal_distortion_measurement\Debug\.\USER\</path>
         <kind>object</kind>
         <file>adc.o</file>
         <name>adc.o</name>
      </input_file>
      <input_file id="fl-5">
         <path>D:\workspace_ccs\signal_distortion_measurement\Debug\.\USER\</path>
         <kind>object</kind>
         <file>calculate_thd.o</file>
         <name>calculate_thd.o</name>
      </input_file>
      <input_file id="fl-6">
         <path>D:\workspace_ccs\signal_distortion_measurement\Debug\.\USER\</path>
         <kind>object</kind>
         <file>clock.o</file>
         <name>clock.o</name>
      </input_file>
      <input_file id="fl-7">
         <path>D:\workspace_ccs\signal_distortion_measurement\Debug\.\USER\</path>
         <kind>object</kind>
         <file>fft.o</file>
         <name>fft.o</name>
      </input_file>
      <input_file id="fl-8">
         <path>D:\workspace_ccs\signal_distortion_measurement\Debug\.\USER\</path>
         <kind>object</kind>
         <file>uart_bluteeth.o</file>
         <name>uart_bluteeth.o</name>
      </input_file>
      <input_file id="fl-9">
         <path>D:\workspace_ccs\signal_distortion_measurement\Debug\.\USER\</path>
         <kind>object</kind>
         <file>uart_screen_display.o</file>
         <name>uart_screen_display.o</name>
      </input_file>
      <input_file id="fl-17">
         <path>D:\workspace_ccs\signal_distortion_measurement\Debug\</path>
         <kind>object</kind>
         <file>&lt;internal&gt;</file>
         <name>&lt;internal&gt;</name>
      </input_file>
      <input_file id="fl-18">
         <path>C:\ti\mspm0_sdk_2_00_01_00\source\third_party\CMSIS\DSP\lib\ticlang\m0p\</path>
         <kind>archive</kind>
         <file>arm_cortexM0l_math.a</file>
         <name>arm_cmplx_mag_f32.o</name>
      </input_file>
      <input_file id="fl-19">
         <path>C:\ti\mspm0_sdk_2_00_01_00\source\third_party\CMSIS\DSP\lib\ticlang\m0p\</path>
         <kind>archive</kind>
         <file>arm_cortexM0l_math.a</file>
         <name>arm_cos_f32.o</name>
      </input_file>
      <input_file id="fl-1a">
         <path>C:\ti\mspm0_sdk_2_00_01_00\source\third_party\CMSIS\DSP\lib\ticlang\m0p\</path>
         <kind>archive</kind>
         <file>arm_cortexM0l_math.a</file>
         <name>arm_sin_f32.o</name>
      </input_file>
      <input_file id="fl-1b">
         <path>C:\ti\mspm0_sdk_2_00_01_00\source\third_party\CMSIS\DSP\lib\ticlang\m0p\</path>
         <kind>archive</kind>
         <file>arm_cortexM0l_math.a</file>
         <name>arm_cfft_f32.o</name>
      </input_file>
      <input_file id="fl-1c">
         <path>C:\ti\mspm0_sdk_2_00_01_00\source\third_party\CMSIS\DSP\lib\ticlang\m0p\</path>
         <kind>archive</kind>
         <file>arm_cortexM0l_math.a</file>
         <name>arm_cfft_init_f32.o</name>
      </input_file>
      <input_file id="fl-1d">
         <path>C:\ti\mspm0_sdk_2_00_01_00\source\third_party\CMSIS\DSP\lib\ticlang\m0p\</path>
         <kind>archive</kind>
         <file>arm_cortexM0l_math.a</file>
         <name>arm_cfft_radix8_f32.o</name>
      </input_file>
      <input_file id="fl-1e">
         <path>C:\ti\mspm0_sdk_2_00_01_00\source\third_party\CMSIS\DSP\lib\ticlang\m0p\</path>
         <kind>archive</kind>
         <file>arm_cortexM0l_math.a</file>
         <name>arm_common_tables.o</name>
      </input_file>
      <input_file id="fl-1f">
         <path>C:\ti\mspm0_sdk_2_00_01_00\source\third_party\CMSIS\DSP\lib\ticlang\m0p\</path>
         <kind>archive</kind>
         <file>arm_cortexM0l_math.a</file>
         <name>arm_const_structs.o</name>
      </input_file>
      <input_file id="fl-20">
         <path>C:\ti\mspm0_sdk_2_00_01_00\source\third_party\CMSIS\DSP\lib\ticlang\m0p\</path>
         <kind>archive</kind>
         <file>arm_cortexM0l_math.a</file>
         <name>arm_bitreversal2.o</name>
      </input_file>
      <input_file id="fl-21">
         <path>C:\ti\mspm0_sdk_2_00_01_00\source\ti\driverlib\lib\ticlang\m0p\mspm0g1x0x_g3x0x\</path>
         <kind>archive</kind>
         <file>driverlib.a</file>
         <name>dl_adc12.o</name>
      </input_file>
      <input_file id="fl-22">
         <path>C:\ti\mspm0_sdk_2_00_01_00\source\ti\driverlib\lib\ticlang\m0p\mspm0g1x0x_g3x0x\</path>
         <kind>archive</kind>
         <file>driverlib.a</file>
         <name>dl_common.o</name>
      </input_file>
      <input_file id="fl-23">
         <path>C:\ti\mspm0_sdk_2_00_01_00\source\ti\driverlib\lib\ticlang\m0p\mspm0g1x0x_g3x0x\</path>
         <kind>archive</kind>
         <file>driverlib.a</file>
         <name>dl_dma.o</name>
      </input_file>
      <input_file id="fl-24">
         <path>C:\ti\mspm0_sdk_2_00_01_00\source\ti\driverlib\lib\ticlang\m0p\mspm0g1x0x_g3x0x\</path>
         <kind>archive</kind>
         <file>driverlib.a</file>
         <name>dl_timer.o</name>
      </input_file>
      <input_file id="fl-25">
         <path>C:\ti\mspm0_sdk_2_00_01_00\source\ti\driverlib\lib\ticlang\m0p\mspm0g1x0x_g3x0x\</path>
         <kind>archive</kind>
         <file>driverlib.a</file>
         <name>dl_uart.o</name>
      </input_file>
      <input_file id="fl-26">
         <path>C:\ti\mspm0_sdk_2_00_01_00\source\ti\driverlib\lib\ticlang\m0p\mspm0g1x0x_g3x0x\</path>
         <kind>archive</kind>
         <file>driverlib.a</file>
         <name>dl_sysctl_mspm0g1x0x_g3x0x.o</name>
      </input_file>
      <input_file id="fl-3d">
         <path>D:\software_code\ti\ccs\tools\compiler\ti-cgt-armllvm_4.0.4.LTS\lib\armv6m-ti-none-eabi\c\</path>
         <kind>archive</kind>
         <file>libc.a</file>
         <name>e_sqrtf.c.obj</name>
      </input_file>
      <input_file id="fl-3e">
         <path>D:\software_code\ti\ccs\tools\compiler\ti-cgt-armllvm_4.0.4.LTS\lib\armv6m-ti-none-eabi\c\</path>
         <kind>archive</kind>
         <file>libc.a</file>
         <name>s_roundf.c.obj</name>
      </input_file>
      <input_file id="fl-3f">
         <path>D:\software_code\ti\ccs\tools\compiler\ti-cgt-armllvm_4.0.4.LTS\lib\armv6m-ti-none-eabi\c\</path>
         <kind>archive</kind>
         <file>libc.a</file>
         <name>snprintf.c.obj</name>
      </input_file>
      <input_file id="fl-40">
         <path>D:\software_code\ti\ccs\tools\compiler\ti-cgt-armllvm_4.0.4.LTS\lib\armv6m-ti-none-eabi\c\</path>
         <kind>archive</kind>
         <file>libc.a</file>
         <name>aeabi_portable.c.obj</name>
      </input_file>
      <input_file id="fl-41">
         <path>D:\software_code\ti\ccs\tools\compiler\ti-cgt-armllvm_4.0.4.LTS\lib\armv6m-ti-none-eabi\c\</path>
         <kind>archive</kind>
         <file>libc.a</file>
         <name>assert.c.obj</name>
      </input_file>
      <input_file id="fl-42">
         <path>D:\software_code\ti\ccs\tools\compiler\ti-cgt-armllvm_4.0.4.LTS\lib\armv6m-ti-none-eabi\c\</path>
         <kind>archive</kind>
         <file>libc.a</file>
         <name>defs.c.obj</name>
      </input_file>
      <input_file id="fl-43">
         <path>D:\software_code\ti\ccs\tools\compiler\ti-cgt-armllvm_4.0.4.LTS\lib\armv6m-ti-none-eabi\c\</path>
         <kind>archive</kind>
         <file>libc.a</file>
         <name>memory.c.obj</name>
      </input_file>
      <input_file id="fl-44">
         <path>D:\software_code\ti\ccs\tools\compiler\ti-cgt-armllvm_4.0.4.LTS\lib\armv6m-ti-none-eabi\c\</path>
         <kind>archive</kind>
         <file>libc.a</file>
         <name>boot_cortex_m.c.obj</name>
      </input_file>
      <input_file id="fl-45">
         <path>D:\software_code\ti\ccs\tools\compiler\ti-cgt-armllvm_4.0.4.LTS\lib\armv6m-ti-none-eabi\c\</path>
         <kind>archive</kind>
         <file>libc.a</file>
         <name>mathacl_init.c.obj</name>
      </input_file>
      <input_file id="fl-46">
         <path>D:\software_code\ti\ccs\tools\compiler\ti-cgt-armllvm_4.0.4.LTS\lib\armv6m-ti-none-eabi\c\</path>
         <kind>archive</kind>
         <file>libc.a</file>
         <name>autoinit.c.obj</name>
      </input_file>
      <input_file id="fl-47">
         <path>D:\software_code\ti\ccs\tools\compiler\ti-cgt-armllvm_4.0.4.LTS\lib\armv6m-ti-none-eabi\c\</path>
         <kind>archive</kind>
         <file>libc.a</file>
         <name>pre_init.c.obj</name>
      </input_file>
      <input_file id="fl-48">
         <path>D:\software_code\ti\ccs\tools\compiler\ti-cgt-armllvm_4.0.4.LTS\lib\armv6m-ti-none-eabi\c\</path>
         <kind>archive</kind>
         <file>libc.a</file>
         <name>cpy_tbl.c.obj</name>
      </input_file>
      <input_file id="fl-49">
         <path>D:\software_code\ti\ccs\tools\compiler\ti-cgt-armllvm_4.0.4.LTS\lib\armv6m-ti-none-eabi\c\</path>
         <kind>archive</kind>
         <file>libc.a</file>
         <name>copy_zero_init.c.obj</name>
      </input_file>
      <input_file id="fl-4a">
         <path>D:\software_code\ti\ccs\tools\compiler\ti-cgt-armllvm_4.0.4.LTS\lib\armv6m-ti-none-eabi\c\</path>
         <kind>archive</kind>
         <file>libc.a</file>
         <name>copy_decompress_none.c.obj</name>
      </input_file>
      <input_file id="fl-4b">
         <path>D:\software_code\ti\ccs\tools\compiler\ti-cgt-armllvm_4.0.4.LTS\lib\armv6m-ti-none-eabi\c\</path>
         <kind>archive</kind>
         <file>libc.a</file>
         <name>copy_decompress_lzss.c.obj</name>
      </input_file>
      <input_file id="fl-4c">
         <path>D:\software_code\ti\ccs\tools\compiler\ti-cgt-armllvm_4.0.4.LTS\lib\armv6m-ti-none-eabi\c\</path>
         <kind>archive</kind>
         <file>libc.a</file>
         <name>s_floorf.c.obj</name>
      </input_file>
      <input_file id="fl-4d">
         <path>D:\software_code\ti\ccs\tools\compiler\ti-cgt-armllvm_4.0.4.LTS\lib\armv6m-ti-none-eabi\c\</path>
         <kind>archive</kind>
         <file>libc.a</file>
         <name>_printfi.c.obj</name>
      </input_file>
      <input_file id="fl-4e">
         <path>D:\software_code\ti\ccs\tools\compiler\ti-cgt-armllvm_4.0.4.LTS\lib\armv6m-ti-none-eabi\c\</path>
         <kind>archive</kind>
         <file>libc.a</file>
         <name>sprintf.c.obj</name>
      </input_file>
      <input_file id="fl-4f">
         <path>D:\software_code\ti\ccs\tools\compiler\ti-cgt-armllvm_4.0.4.LTS\lib\armv6m-ti-none-eabi\c\</path>
         <kind>archive</kind>
         <file>libc.a</file>
         <name>fflush.c.obj</name>
      </input_file>
      <input_file id="fl-50">
         <path>D:\software_code\ti\ccs\tools\compiler\ti-cgt-armllvm_4.0.4.LTS\lib\armv6m-ti-none-eabi\c\</path>
         <kind>archive</kind>
         <file>libc.a</file>
         <name>fputs.c.obj</name>
      </input_file>
      <input_file id="fl-51">
         <path>D:\software_code\ti\ccs\tools\compiler\ti-cgt-armllvm_4.0.4.LTS\lib\armv6m-ti-none-eabi\c\</path>
         <kind>archive</kind>
         <file>libc.a</file>
         <name>_io_perm.c.obj</name>
      </input_file>
      <input_file id="fl-52">
         <path>D:\software_code\ti\ccs\tools\compiler\ti-cgt-armllvm_4.0.4.LTS\lib\armv6m-ti-none-eabi\c\</path>
         <kind>archive</kind>
         <file>libc.a</file>
         <name>setvbuf.c.obj</name>
      </input_file>
      <input_file id="fl-53">
         <path>D:\software_code\ti\ccs\tools\compiler\ti-cgt-armllvm_4.0.4.LTS\lib\armv6m-ti-none-eabi\c\</path>
         <kind>archive</kind>
         <file>libc.a</file>
         <name>exit.c.obj</name>
      </input_file>
      <input_file id="fl-54">
         <path>D:\software_code\ti\ccs\tools\compiler\ti-cgt-armllvm_4.0.4.LTS\lib\armv6m-ti-none-eabi\c\</path>
         <kind>archive</kind>
         <file>libc.a</file>
         <name>_lock.c.obj</name>
      </input_file>
      <input_file id="fl-55">
         <path>D:\software_code\ti\ccs\tools\compiler\ti-cgt-armllvm_4.0.4.LTS\lib\armv6m-ti-none-eabi\c\</path>
         <kind>archive</kind>
         <file>libc.a</file>
         <name>_ltoa.c.obj</name>
      </input_file>
      <input_file id="fl-56">
         <path>D:\software_code\ti\ccs\tools\compiler\ti-cgt-armllvm_4.0.4.LTS\lib\armv6m-ti-none-eabi\c\</path>
         <kind>archive</kind>
         <file>libc.a</file>
         <name>args_main.c.obj</name>
      </input_file>
      <input_file id="fl-57">
         <path>D:\software_code\ti\ccs\tools\compiler\ti-cgt-armllvm_4.0.4.LTS\lib\armv6m-ti-none-eabi\c\</path>
         <kind>archive</kind>
         <file>libc.a</file>
         <name>atoi.c.obj</name>
      </input_file>
      <input_file id="fl-58">
         <path>D:\software_code\ti\ccs\tools\compiler\ti-cgt-armllvm_4.0.4.LTS\lib\armv6m-ti-none-eabi\c\</path>
         <kind>archive</kind>
         <file>libc.a</file>
         <name>memccpy.c.obj</name>
      </input_file>
      <input_file id="fl-59">
         <path>D:\software_code\ti\ccs\tools\compiler\ti-cgt-armllvm_4.0.4.LTS\lib\armv6m-ti-none-eabi\c\</path>
         <kind>archive</kind>
         <file>libc.a</file>
         <name>s_frexp.c.obj</name>
      </input_file>
      <input_file id="fl-5a">
         <path>D:\software_code\ti\ccs\tools\compiler\ti-cgt-armllvm_4.0.4.LTS\lib\armv6m-ti-none-eabi\c\</path>
         <kind>archive</kind>
         <file>libc.a</file>
         <name>s_scalbn.c.obj</name>
      </input_file>
      <input_file id="fl-5b">
         <path>D:\software_code\ti\ccs\tools\compiler\ti-cgt-armllvm_4.0.4.LTS\lib\armv6m-ti-none-eabi\c\</path>
         <kind>archive</kind>
         <file>libc.a</file>
         <name>wcslen.c.obj</name>
      </input_file>
      <input_file id="fl-5c">
         <path>D:\software_code\ti\ccs\tools\compiler\ti-cgt-armllvm_4.0.4.LTS\lib\armv6m-ti-none-eabi\c\</path>
         <kind>archive</kind>
         <file>libc.a</file>
         <name>fopen.c.obj</name>
      </input_file>
      <input_file id="fl-5d">
         <path>D:\software_code\ti\ccs\tools\compiler\ti-cgt-armllvm_4.0.4.LTS\lib\armv6m-ti-none-eabi\c\</path>
         <kind>archive</kind>
         <file>libc.a</file>
         <name>fseek.c.obj</name>
      </input_file>
      <input_file id="fl-5e">
         <path>D:\software_code\ti\ccs\tools\compiler\ti-cgt-armllvm_4.0.4.LTS\lib\armv6m-ti-none-eabi\c\</path>
         <kind>archive</kind>
         <file>libc.a</file>
         <name>aeabi_ctype.S.obj</name>
      </input_file>
      <input_file id="fl-5f">
         <path>D:\software_code\ti\ccs\tools\compiler\ti-cgt-armllvm_4.0.4.LTS\lib\armv6m-ti-none-eabi\c\</path>
         <kind>archive</kind>
         <file>libc.a</file>
         <name>fclose.c.obj</name>
      </input_file>
      <input_file id="fl-ff">
         <path>D:\software_code\ti\ccs\tools\compiler\ti-cgt-armllvm_4.0.4.LTS\lib\armv6m-ti-none-eabi\c\</path>
         <kind>archive</kind>
         <file>libsysbm.a</file>
         <name>hostexit.c.obj</name>
      </input_file>
      <input_file id="fl-100">
         <path>D:\software_code\ti\ccs\tools\compiler\ti-cgt-armllvm_4.0.4.LTS\lib\armv6m-ti-none-eabi\c\</path>
         <kind>archive</kind>
         <file>libsysbm.a</file>
         <name>write.c.obj</name>
      </input_file>
      <input_file id="fl-101">
         <path>D:\software_code\ti\ccs\tools\compiler\ti-cgt-armllvm_4.0.4.LTS\lib\armv6m-ti-none-eabi\c\</path>
         <kind>archive</kind>
         <file>libsysbm.a</file>
         <name>host_device.c.obj</name>
      </input_file>
      <input_file id="fl-102">
         <path>D:\software_code\ti\ccs\tools\compiler\ti-cgt-armllvm_4.0.4.LTS\lib\armv6m-ti-none-eabi\c\</path>
         <kind>archive</kind>
         <file>libsysbm.a</file>
         <name>remove.c.obj</name>
      </input_file>
      <input_file id="fl-103">
         <path>D:\software_code\ti\ccs\tools\compiler\ti-cgt-armllvm_4.0.4.LTS\lib\armv6m-ti-none-eabi\c\</path>
         <kind>archive</kind>
         <file>libsysbm.a</file>
         <name>open.c.obj</name>
      </input_file>
      <input_file id="fl-104">
         <path>D:\software_code\ti\ccs\tools\compiler\ti-cgt-armllvm_4.0.4.LTS\lib\armv6m-ti-none-eabi\c\</path>
         <kind>archive</kind>
         <file>libsysbm.a</file>
         <name>lseek.c.obj</name>
      </input_file>
      <input_file id="fl-105">
         <path>D:\software_code\ti\ccs\tools\compiler\ti-cgt-armllvm_4.0.4.LTS\lib\armv6m-ti-none-eabi\c\</path>
         <kind>archive</kind>
         <file>libsysbm.a</file>
         <name>close.c.obj</name>
      </input_file>
      <input_file id="fl-106">
         <path>D:\software_code\ti\ccs\tools\compiler\ti-cgt-armllvm_4.0.4.LTS\lib\armv6m-ti-none-eabi\c\</path>
         <kind>archive</kind>
         <file>libsysbm.a</file>
         <name>unlink.c.obj</name>
      </input_file>
      <input_file id="fl-107">
         <path>D:\software_code\ti\ccs\tools\compiler\ti-cgt-armllvm_4.0.4.LTS\lib\armv6m-ti-none-eabi\c\</path>
         <kind>archive</kind>
         <file>libsysbm.a</file>
         <name>hostclose.c.obj</name>
      </input_file>
      <input_file id="fl-108">
         <path>D:\software_code\ti\ccs\tools\compiler\ti-cgt-armllvm_4.0.4.LTS\lib\armv6m-ti-none-eabi\c\</path>
         <kind>archive</kind>
         <file>libsysbm.a</file>
         <name>hostlseek.c.obj</name>
      </input_file>
      <input_file id="fl-109">
         <path>D:\software_code\ti\ccs\tools\compiler\ti-cgt-armllvm_4.0.4.LTS\lib\armv6m-ti-none-eabi\c\</path>
         <kind>archive</kind>
         <file>libsysbm.a</file>
         <name>hostopen.c.obj</name>
      </input_file>
      <input_file id="fl-10a">
         <path>D:\software_code\ti\ccs\tools\compiler\ti-cgt-armllvm_4.0.4.LTS\lib\armv6m-ti-none-eabi\c\</path>
         <kind>archive</kind>
         <file>libsysbm.a</file>
         <name>hostread.c.obj</name>
      </input_file>
      <input_file id="fl-10b">
         <path>D:\software_code\ti\ccs\tools\compiler\ti-cgt-armllvm_4.0.4.LTS\lib\armv6m-ti-none-eabi\c\</path>
         <kind>archive</kind>
         <file>libsysbm.a</file>
         <name>hostrename.c.obj</name>
      </input_file>
      <input_file id="fl-10c">
         <path>D:\software_code\ti\ccs\tools\compiler\ti-cgt-armllvm_4.0.4.LTS\lib\armv6m-ti-none-eabi\c\</path>
         <kind>archive</kind>
         <file>libsysbm.a</file>
         <name>hostunlink.c.obj</name>
      </input_file>
      <input_file id="fl-10d">
         <path>D:\software_code\ti\ccs\tools\compiler\ti-cgt-armllvm_4.0.4.LTS\lib\armv6m-ti-none-eabi\c\</path>
         <kind>archive</kind>
         <file>libsysbm.a</file>
         <name>hostwrite.c.obj</name>
      </input_file>
      <input_file id="fl-10e">
         <path>D:\software_code\ti\ccs\tools\compiler\ti-cgt-armllvm_4.0.4.LTS\lib\armv6m-ti-none-eabi\c\</path>
         <kind>archive</kind>
         <file>libsysbm.a</file>
         <name>trgmsg.c.obj</name>
      </input_file>
      <input_file id="fl-10f">
         <path>D:\software_code\ti\ccs\tools\compiler\ti-cgt-armllvm_4.0.4.LTS\lib\armv6m-ti-none-eabi\</path>
         <kind>archive</kind>
         <file>libclang_rt.builtins.a</file>
         <name>addsf3.S.obj</name>
      </input_file>
      <input_file id="fl-110">
         <path>D:\software_code\ti\ccs\tools\compiler\ti-cgt-armllvm_4.0.4.LTS\lib\armv6m-ti-none-eabi\</path>
         <kind>archive</kind>
         <file>libclang_rt.builtins.a</file>
         <name>adddf3.S.obj</name>
      </input_file>
      <input_file id="fl-111">
         <path>D:\software_code\ti\ccs\tools\compiler\ti-cgt-armllvm_4.0.4.LTS\lib\armv6m-ti-none-eabi\</path>
         <kind>archive</kind>
         <file>libclang_rt.builtins.a</file>
         <name>muldf3.S.obj</name>
      </input_file>
      <input_file id="fl-112">
         <path>D:\software_code\ti\ccs\tools\compiler\ti-cgt-armllvm_4.0.4.LTS\lib\armv6m-ti-none-eabi\</path>
         <kind>archive</kind>
         <file>libclang_rt.builtins.a</file>
         <name>muldsi3.S.obj</name>
      </input_file>
      <input_file id="fl-113">
         <path>D:\software_code\ti\ccs\tools\compiler\ti-cgt-armllvm_4.0.4.LTS\lib\armv6m-ti-none-eabi\</path>
         <kind>archive</kind>
         <file>libclang_rt.builtins.a</file>
         <name>mulsf3.S.obj</name>
      </input_file>
      <input_file id="fl-114">
         <path>D:\software_code\ti\ccs\tools\compiler\ti-cgt-armllvm_4.0.4.LTS\lib\armv6m-ti-none-eabi\</path>
         <kind>archive</kind>
         <file>libclang_rt.builtins.a</file>
         <name>divsf3.S.obj</name>
      </input_file>
      <input_file id="fl-115">
         <path>D:\software_code\ti\ccs\tools\compiler\ti-cgt-armllvm_4.0.4.LTS\lib\armv6m-ti-none-eabi\</path>
         <kind>archive</kind>
         <file>libclang_rt.builtins.a</file>
         <name>divdf3.S.obj</name>
      </input_file>
      <input_file id="fl-116">
         <path>D:\software_code\ti\ccs\tools\compiler\ti-cgt-armllvm_4.0.4.LTS\lib\armv6m-ti-none-eabi\</path>
         <kind>archive</kind>
         <file>libclang_rt.builtins.a</file>
         <name>extendsfdf2.S.obj</name>
      </input_file>
      <input_file id="fl-117">
         <path>D:\software_code\ti\ccs\tools\compiler\ti-cgt-armllvm_4.0.4.LTS\lib\armv6m-ti-none-eabi\</path>
         <kind>archive</kind>
         <file>libclang_rt.builtins.a</file>
         <name>fixdfsi.S.obj</name>
      </input_file>
      <input_file id="fl-118">
         <path>D:\software_code\ti\ccs\tools\compiler\ti-cgt-armllvm_4.0.4.LTS\lib\armv6m-ti-none-eabi\</path>
         <kind>archive</kind>
         <file>libclang_rt.builtins.a</file>
         <name>fixsfsi.S.obj</name>
      </input_file>
      <input_file id="fl-119">
         <path>D:\software_code\ti\ccs\tools\compiler\ti-cgt-armllvm_4.0.4.LTS\lib\armv6m-ti-none-eabi\</path>
         <kind>archive</kind>
         <file>libclang_rt.builtins.a</file>
         <name>fixunsdfsi.S.obj</name>
      </input_file>
      <input_file id="fl-11a">
         <path>D:\software_code\ti\ccs\tools\compiler\ti-cgt-armllvm_4.0.4.LTS\lib\armv6m-ti-none-eabi\</path>
         <kind>archive</kind>
         <file>libclang_rt.builtins.a</file>
         <name>fixunssfsi.S.obj</name>
      </input_file>
      <input_file id="fl-11b">
         <path>D:\software_code\ti\ccs\tools\compiler\ti-cgt-armllvm_4.0.4.LTS\lib\armv6m-ti-none-eabi\</path>
         <kind>archive</kind>
         <file>libclang_rt.builtins.a</file>
         <name>floatsidf.S.obj</name>
      </input_file>
      <input_file id="fl-11c">
         <path>D:\software_code\ti\ccs\tools\compiler\ti-cgt-armllvm_4.0.4.LTS\lib\armv6m-ti-none-eabi\</path>
         <kind>archive</kind>
         <file>libclang_rt.builtins.a</file>
         <name>floatsisf.S.obj</name>
      </input_file>
      <input_file id="fl-11d">
         <path>D:\software_code\ti\ccs\tools\compiler\ti-cgt-armllvm_4.0.4.LTS\lib\armv6m-ti-none-eabi\</path>
         <kind>archive</kind>
         <file>libclang_rt.builtins.a</file>
         <name>floatunsidf.S.obj</name>
      </input_file>
      <input_file id="fl-11e">
         <path>D:\software_code\ti\ccs\tools\compiler\ti-cgt-armllvm_4.0.4.LTS\lib\armv6m-ti-none-eabi\</path>
         <kind>archive</kind>
         <file>libclang_rt.builtins.a</file>
         <name>floatunsisf.S.obj</name>
      </input_file>
      <input_file id="fl-11f">
         <path>D:\software_code\ti\ccs\tools\compiler\ti-cgt-armllvm_4.0.4.LTS\lib\armv6m-ti-none-eabi\</path>
         <kind>archive</kind>
         <file>libclang_rt.builtins.a</file>
         <name>muldi3.S.obj</name>
      </input_file>
      <input_file id="fl-120">
         <path>D:\software_code\ti\ccs\tools\compiler\ti-cgt-armllvm_4.0.4.LTS\lib\armv6m-ti-none-eabi\</path>
         <kind>archive</kind>
         <file>libclang_rt.builtins.a</file>
         <name>truncdfsf2.S.obj</name>
      </input_file>
      <input_file id="fl-121">
         <path>D:\software_code\ti\ccs\tools\compiler\ti-cgt-armllvm_4.0.4.LTS\lib\armv6m-ti-none-eabi\</path>
         <kind>archive</kind>
         <file>libclang_rt.builtins.a</file>
         <name>aeabi_dcmp.S.obj</name>
      </input_file>
      <input_file id="fl-122">
         <path>D:\software_code\ti\ccs\tools\compiler\ti-cgt-armllvm_4.0.4.LTS\lib\armv6m-ti-none-eabi\</path>
         <kind>archive</kind>
         <file>libclang_rt.builtins.a</file>
         <name>aeabi_fcmp.S.obj</name>
      </input_file>
      <input_file id="fl-123">
         <path>D:\software_code\ti\ccs\tools\compiler\ti-cgt-armllvm_4.0.4.LTS\lib\armv6m-ti-none-eabi\</path>
         <kind>archive</kind>
         <file>libclang_rt.builtins.a</file>
         <name>aeabi_idivmod.S.obj</name>
      </input_file>
      <input_file id="fl-124">
         <path>D:\software_code\ti\ccs\tools\compiler\ti-cgt-armllvm_4.0.4.LTS\lib\armv6m-ti-none-eabi\</path>
         <kind>archive</kind>
         <file>libclang_rt.builtins.a</file>
         <name>aeabi_memcpy.S.obj</name>
      </input_file>
      <input_file id="fl-125">
         <path>D:\software_code\ti\ccs\tools\compiler\ti-cgt-armllvm_4.0.4.LTS\lib\armv6m-ti-none-eabi\</path>
         <kind>archive</kind>
         <file>libclang_rt.builtins.a</file>
         <name>aeabi_memset.S.obj</name>
      </input_file>
      <input_file id="fl-126">
         <path>D:\software_code\ti\ccs\tools\compiler\ti-cgt-armllvm_4.0.4.LTS\lib\armv6m-ti-none-eabi\</path>
         <kind>archive</kind>
         <file>libclang_rt.builtins.a</file>
         <name>aeabi_uidivmod.S.obj</name>
      </input_file>
      <input_file id="fl-127">
         <path>D:\software_code\ti\ccs\tools\compiler\ti-cgt-armllvm_4.0.4.LTS\lib\armv6m-ti-none-eabi\</path>
         <kind>archive</kind>
         <file>libclang_rt.builtins.a</file>
         <name>aeabi_uldivmod.S.obj</name>
      </input_file>
      <input_file id="fl-128">
         <path>D:\software_code\ti\ccs\tools\compiler\ti-cgt-armllvm_4.0.4.LTS\lib\armv6m-ti-none-eabi\</path>
         <kind>archive</kind>
         <file>libclang_rt.builtins.a</file>
         <name>comparesf2.S.obj</name>
      </input_file>
      <input_file id="fl-129">
         <path>D:\software_code\ti\ccs\tools\compiler\ti-cgt-armllvm_4.0.4.LTS\lib\armv6m-ti-none-eabi\</path>
         <kind>archive</kind>
         <file>libclang_rt.builtins.a</file>
         <name>udivmoddi4.S.obj</name>
      </input_file>
      <input_file id="fl-12a">
         <path>D:\software_code\ti\ccs\tools\compiler\ti-cgt-armllvm_4.0.4.LTS\lib\armv6m-ti-none-eabi\</path>
         <kind>archive</kind>
         <file>libclang_rt.builtins.a</file>
         <name>ashldi3.S.obj</name>
      </input_file>
      <input_file id="fl-12b">
         <path>D:\software_code\ti\ccs\tools\compiler\ti-cgt-armllvm_4.0.4.LTS\lib\armv6m-ti-none-eabi\</path>
         <kind>archive</kind>
         <file>libclang_rt.builtins.a</file>
         <name>comparedf2.c.obj</name>
      </input_file>
      <input_file id="fl-12c">
         <path>D:\software_code\ti\ccs\tools\compiler\ti-cgt-armllvm_4.0.4.LTS\lib\armv6m-ti-none-eabi\</path>
         <kind>archive</kind>
         <file>libclang_rt.builtins.a</file>
         <name>aeabi_div0.c.obj</name>
      </input_file>
      <input_file id="fl-12d">
         <path>D:\software_code\ti\ccs\tools\compiler\ti-cgt-armllvm_4.0.4.LTS\lib\armv6m-ti-none-eabi\c\</path>
         <kind>archive</kind>
         <file>libc.a</file>
         <name>getdevice.c.obj</name>
      </input_file>
      <input_file id="fl-12e">
         <path>D:\software_code\ti\ccs\tools\compiler\ti-cgt-armllvm_4.0.4.LTS\lib\armv6m-ti-none-eabi\c\</path>
         <kind>archive</kind>
         <file>libc.a</file>
         <name>memcpy16.S.obj</name>
      </input_file>
      <input_file id="fl-12f">
         <path>D:\software_code\ti\ccs\tools\compiler\ti-cgt-armllvm_4.0.4.LTS\lib\armv6m-ti-none-eabi\c\</path>
         <kind>archive</kind>
         <file>libc.a</file>
         <name>memset16.S.obj</name>
      </input_file>
      <input_file id="fl-130">
         <path>D:\software_code\ti\ccs\tools\compiler\ti-cgt-armllvm_4.0.4.LTS\lib\armv6m-ti-none-eabi\c\</path>
         <kind>archive</kind>
         <file>libc.a</file>
         <name>strcmp-armv6m.S.obj</name>
      </input_file>
   </input_file_list>
   <object_component_list>
      <object_component id="oc-18">
         <name>.intvecs</name>
         <load_address>0x0</load_address>
         <readonly>true</readonly>
         <run_address>0x0</run_address>
         <size>0xc0</size>
         <alignment>0x4</alignment>
         <input_file_ref idref="fl-3"/>
      </object_component>
      <object_component id="oc-290">
         <name>.text:__TI_printfi</name>
         <load_address>0x15fb0</load_address>
         <readonly>true</readonly>
         <executable>true</executable>
         <run_address>0x15fb0</run_address>
         <size>0x9d0</size>
         <alignment>0x4</alignment>
         <input_file_ref idref="fl-4d"/>
      </object_component>
      <object_component id="oc-21d">
         <name>.text.arm_radix8_butterfly_f32</name>
         <load_address>0x16980</load_address>
         <readonly>true</readonly>
         <executable>true</executable>
         <run_address>0x16980</run_address>
         <size>0x8fc</size>
         <alignment>0x4</alignment>
         <input_file_ref idref="fl-1d"/>
      </object_component>
      <object_component id="oc-21b">
         <name>.text.arm_cfft_radix8by4_f32</name>
         <load_address>0x1727c</load_address>
         <readonly>true</readonly>
         <executable>true</executable>
         <run_address>0x1727c</run_address>
         <size>0x774</size>
         <alignment>0x2</alignment>
         <input_file_ref idref="fl-1b"/>
      </object_component>
      <object_component id="oc-21c">
         <name>.text.arm_cfft_radix8by2_f32</name>
         <load_address>0x179f0</load_address>
         <readonly>true</readonly>
         <executable>true</executable>
         <run_address>0x179f0</run_address>
         <size>0x2b0</size>
         <alignment>0x2</alignment>
         <input_file_ref idref="fl-1b"/>
      </object_component>
      <object_component id="oc-f4">
         <name>.text.find_peak_info</name>
         <load_address>0x17ca0</load_address>
         <readonly>true</readonly>
         <executable>true</executable>
         <run_address>0x17ca0</run_address>
         <size>0x290</size>
         <alignment>0x4</alignment>
         <input_file_ref idref="fl-5"/>
      </object_component>
      <object_component id="oc-2ae">
         <name>.text._pconv_a</name>
         <load_address>0x17f30</load_address>
         <readonly>true</readonly>
         <executable>true</executable>
         <run_address>0x17f30</run_address>
         <size>0x220</size>
         <alignment>0x4</alignment>
         <input_file_ref idref="fl-4d"/>
      </object_component>
      <object_component id="oc-2b3">
         <name>.text._pconv_g</name>
         <load_address>0x18150</load_address>
         <readonly>true</readonly>
         <executable>true</executable>
         <run_address>0x18150</run_address>
         <size>0x1dc</size>
         <alignment>0x4</alignment>
         <input_file_ref idref="fl-4d"/>
      </object_component>
      <object_component id="oc-191">
         <name>.text.arm_cfft_f32</name>
         <load_address>0x1832c</load_address>
         <readonly>true</readonly>
         <executable>true</executable>
         <run_address>0x1832c</run_address>
         <size>0x1c8</size>
         <alignment>0x4</alignment>
         <input_file_ref idref="fl-1b"/>
      </object_component>
      <object_component id="oc-ef">
         <name>.text.fft_calculate</name>
         <load_address>0x184f4</load_address>
         <readonly>true</readonly>
         <executable>true</executable>
         <run_address>0x184f4</run_address>
         <size>0x1b0</size>
         <alignment>0x4</alignment>
         <input_file_ref idref="fl-7"/>
      </object_component>
      <object_component id="oc-197">
         <name>.text.arm_cmplx_mag_f32</name>
         <load_address>0x186a4</load_address>
         <readonly>true</readonly>
         <executable>true</executable>
         <run_address>0x186a4</run_address>
         <size>0x1a0</size>
         <alignment>0x4</alignment>
         <input_file_ref idref="fl-18"/>
      </object_component>
      <object_component id="oc-2df">
         <name>.text.adddf3_subdf3</name>
         <load_address>0x18844</load_address>
         <readonly>true</readonly>
         <executable>true</executable>
         <run_address>0x18844</run_address>
         <size>0x192</size>
         <alignment>0x4</alignment>
         <input_file_ref idref="fl-110"/>
      </object_component>
      <object_component id="oc-273">
         <name>.text.__aeabi_idiv0</name>
         <load_address>0x189d6</load_address>
         <readonly>true</readonly>
         <executable>true</executable>
         <run_address>0x189d6</run_address>
         <size>0x2</size>
         <alignment>0x2</alignment>
         <input_file_ref idref="fl-12c"/>
      </object_component>
      <object_component id="oc-fc">
         <name>.text.uart_send_display_data</name>
         <load_address>0x189d8</load_address>
         <readonly>true</readonly>
         <executable>true</executable>
         <run_address>0x189d8</run_address>
         <size>0x184</size>
         <alignment>0x4</alignment>
         <input_file_ref idref="fl-9"/>
      </object_component>
      <object_component id="oc-2e3">
         <name>.text.fcvt</name>
         <load_address>0x18b5c</load_address>
         <readonly>true</readonly>
         <executable>true</executable>
         <run_address>0x18b5c</run_address>
         <size>0x13c</size>
         <alignment>0x4</alignment>
         <input_file_ref idref="fl-4d"/>
      </object_component>
      <object_component id="oc-221">
         <name>.text.arm_bitreversal_32</name>
         <load_address>0x18c98</load_address>
         <readonly>true</readonly>
         <executable>true</executable>
         <run_address>0x18c98</run_address>
         <size>0x134</size>
         <alignment>0x2</alignment>
         <input_file_ref idref="fl-20"/>
      </object_component>
      <object_component id="oc-2b5">
         <name>.text._pconv_e</name>
         <load_address>0x18dcc</load_address>
         <readonly>true</readonly>
         <executable>true</executable>
         <run_address>0x18dcc</run_address>
         <size>0x120</size>
         <alignment>0x4</alignment>
         <input_file_ref idref="fl-4d"/>
      </object_component>
      <object_component id="oc-fb">
         <name>.text.bluteeth_transmit_data</name>
         <load_address>0x18eec</load_address>
         <readonly>true</readonly>
         <executable>true</executable>
         <run_address>0x18eec</run_address>
         <size>0x11c</size>
         <alignment>0x4</alignment>
         <input_file_ref idref="fl-8"/>
      </object_component>
      <object_component id="oc-167">
         <name>.text.__divdf3</name>
         <load_address>0x19008</load_address>
         <readonly>true</readonly>
         <executable>true</executable>
         <run_address>0x19008</run_address>
         <size>0x10c</size>
         <alignment>0x4</alignment>
         <input_file_ref idref="fl-115"/>
      </object_component>
      <object_component id="oc-132">
         <name>.text.DL_Timer_initTimerMode</name>
         <load_address>0x19114</load_address>
         <readonly>true</readonly>
         <executable>true</executable>
         <run_address>0x19114</run_address>
         <size>0xe8</size>
         <alignment>0x4</alignment>
         <input_file_ref idref="fl-24"/>
      </object_component>
      <object_component id="oc-181">
         <name>.text.__muldf3</name>
         <load_address>0x191fc</load_address>
         <readonly>true</readonly>
         <executable>true</executable>
         <run_address>0x191fc</run_address>
         <size>0xe4</size>
         <alignment>0x4</alignment>
         <input_file_ref idref="fl-111"/>
      </object_component>
      <object_component id="oc-123">
         <name>.text.DL_SYSCTL_configSYSPLL</name>
         <load_address>0x192e0</load_address>
         <readonly>true</readonly>
         <executable>true</executable>
         <run_address>0x192e0</run_address>
         <size>0xdc</size>
         <alignment>0x4</alignment>
         <input_file_ref idref="fl-26"/>
      </object_component>
      <object_component id="oc-fa">
         <name>.text.calculate_thd</name>
         <load_address>0x193bc</load_address>
         <readonly>true</readonly>
         <executable>true</executable>
         <run_address>0x193bc</run_address>
         <size>0xdc</size>
         <alignment>0x4</alignment>
         <input_file_ref idref="fl-5"/>
      </object_component>
      <object_component id="oc-2ca">
         <name>.text.scalbn</name>
         <load_address>0x19498</load_address>
         <readonly>true</readonly>
         <executable>true</executable>
         <run_address>0x19498</run_address>
         <size>0xd8</size>
         <alignment>0x4</alignment>
         <input_file_ref idref="fl-5a"/>
      </object_component>
      <object_component id="oc-174">
         <name>.text</name>
         <load_address>0x19570</load_address>
         <readonly>true</readonly>
         <executable>true</executable>
         <run_address>0x19570</run_address>
         <size>0xd8</size>
         <alignment>0x4</alignment>
         <input_file_ref idref="fl-10f"/>
      </object_component>
      <object_component id="oc-18d">
         <name>.text.arm_cfft_init_f32</name>
         <load_address>0x19648</load_address>
         <readonly>true</readonly>
         <executable>true</executable>
         <run_address>0x19648</run_address>
         <size>0xb0</size>
         <alignment>0x4</alignment>
         <input_file_ref idref="fl-1c"/>
      </object_component>
      <object_component id="oc-1fe">
         <name>.text.arm_cos_f32</name>
         <load_address>0x196f8</load_address>
         <readonly>true</readonly>
         <executable>true</executable>
         <run_address>0x196f8</run_address>
         <size>0xb0</size>
         <alignment>0x4</alignment>
         <input_file_ref idref="fl-19"/>
      </object_component>
      <object_component id="oc-b3">
         <name>.text.process_once</name>
         <load_address>0x197a8</load_address>
         <readonly>true</readonly>
         <executable>true</executable>
         <run_address>0x197a8</run_address>
         <size>0xac</size>
         <alignment>0x4</alignment>
         <input_file_ref idref="fl-1"/>
      </object_component>
      <object_component id="oc-1c4">
         <name>.text.pack_short_and_6floats</name>
         <load_address>0x19854</load_address>
         <readonly>true</readonly>
         <executable>true</executable>
         <run_address>0x19854</run_address>
         <size>0xaa</size>
         <alignment>0x2</alignment>
         <input_file_ref idref="fl-8"/>
      </object_component>
      <object_component id="oc-2e5">
         <name>.text.__aeabi_ldiv0</name>
         <load_address>0x198fe</load_address>
         <readonly>true</readonly>
         <executable>true</executable>
         <run_address>0x198fe</run_address>
         <size>0x2</size>
         <alignment>0x2</alignment>
         <input_file_ref idref="fl-12c"/>
      </object_component>
      <object_component id="oc-1a7">
         <name>.text.arm_sin_f32</name>
         <load_address>0x19900</load_address>
         <readonly>true</readonly>
         <executable>true</executable>
         <run_address>0x19900</run_address>
         <size>0xa8</size>
         <alignment>0x4</alignment>
         <input_file_ref idref="fl-1a"/>
      </object_component>
      <object_component id="oc-2c1">
         <name>.text</name>
         <load_address>0x199a8</load_address>
         <readonly>true</readonly>
         <executable>true</executable>
         <run_address>0x199a8</run_address>
         <size>0xa2</size>
         <alignment>0x4</alignment>
         <input_file_ref idref="fl-129"/>
      </object_component>
      <object_component id="oc-1be">
         <name>.text.sqrtf</name>
         <load_address>0x19a4c</load_address>
         <readonly>true</readonly>
         <executable>true</executable>
         <run_address>0x19a4c</run_address>
         <size>0xa0</size>
         <alignment>0x4</alignment>
         <input_file_ref idref="fl-3d"/>
      </object_component>
      <object_component id="oc-1a2">
         <name>.text.get_peak_offset_correction_factor</name>
         <load_address>0x19aec</load_address>
         <readonly>true</readonly>
         <executable>true</executable>
         <run_address>0x19aec</run_address>
         <size>0x9c</size>
         <alignment>0x4</alignment>
         <input_file_ref idref="fl-5"/>
      </object_component>
      <object_component id="oc-f9">
         <name>.text.calculate_optimal_sampling_rate</name>
         <load_address>0x19b88</load_address>
         <readonly>true</readonly>
         <executable>true</executable>
         <run_address>0x19b88</run_address>
         <size>0x94</size>
         <alignment>0x4</alignment>
         <input_file_ref idref="fl-4"/>
      </object_component>
      <object_component id="oc-dc">
         <name>.text.SYSCFG_DL_ADC12_0_init</name>
         <load_address>0x19c1c</load_address>
         <readonly>true</readonly>
         <executable>true</executable>
         <run_address>0x19c1c</run_address>
         <size>0x90</size>
         <alignment>0x4</alignment>
         <input_file_ref idref="fl-2"/>
      </object_component>
      <object_component id="oc-189">
         <name>.text.__mulsf3</name>
         <load_address>0x19cac</load_address>
         <readonly>true</readonly>
         <executable>true</executable>
         <run_address>0x19cac</run_address>
         <size>0x8c</size>
         <alignment>0x4</alignment>
         <input_file_ref idref="fl-113"/>
      </object_component>
      <object_component id="oc-23b">
         <name>.text.floorf</name>
         <load_address>0x19d38</load_address>
         <readonly>true</readonly>
         <executable>true</executable>
         <run_address>0x19d38</run_address>
         <size>0x8c</size>
         <alignment>0x4</alignment>
         <input_file_ref idref="fl-4c"/>
      </object_component>
      <object_component id="oc-1f7">
         <name>.text.__NVIC_SetPriority</name>
         <load_address>0x19dc4</load_address>
         <readonly>true</readonly>
         <executable>true</executable>
         <run_address>0x19dc4</run_address>
         <size>0x84</size>
         <alignment>0x4</alignment>
         <input_file_ref idref="fl-2"/>
      </object_component>
      <object_component id="oc-178">
         <name>.text.__divsf3</name>
         <load_address>0x19e48</load_address>
         <readonly>true</readonly>
         <executable>true</executable>
         <run_address>0x19e48</run_address>
         <size>0x82</size>
         <alignment>0x4</alignment>
         <input_file_ref idref="fl-114"/>
      </object_component>
      <object_component id="oc-1c">
         <name>.text:decompress:lzss</name>
         <load_address>0x19ecc</load_address>
         <readonly>true</readonly>
         <executable>true</executable>
         <run_address>0x19ecc</run_address>
         <size>0x7c</size>
         <alignment>0x4</alignment>
         <input_file_ref idref="fl-4b"/>
      </object_component>
      <object_component id="oc-d6">
         <name>.text.SYSCFG_DL_initPower</name>
         <load_address>0x19f48</load_address>
         <readonly>true</readonly>
         <executable>true</executable>
         <run_address>0x19f48</run_address>
         <size>0x78</size>
         <alignment>0x4</alignment>
         <input_file_ref idref="fl-2"/>
      </object_component>
      <object_component id="oc-45">
         <name>.text.UART2_IRQHandler</name>
         <load_address>0x19fc0</load_address>
         <readonly>true</readonly>
         <executable>true</executable>
         <run_address>0x19fc0</run_address>
         <size>0x74</size>
         <alignment>0x4</alignment>
         <input_file_ref idref="fl-9"/>
      </object_component>
      <object_component id="oc-2dd">
         <name>.text.__gedf2</name>
         <load_address>0x1a034</load_address>
         <readonly>true</readonly>
         <executable>true</executable>
         <run_address>0x1a034</run_address>
         <size>0x74</size>
         <alignment>0x4</alignment>
         <input_file_ref idref="fl-12b"/>
      </object_component>
      <object_component id="oc-243">
         <name>.text.__aeabi_errno_addr</name>
         <load_address>0x1a0a8</load_address>
         <readonly>true</readonly>
         <executable>true</executable>
         <run_address>0x1a0a8</run_address>
         <size>0x8</size>
         <alignment>0x4</alignment>
         <input_file_ref idref="fl-40"/>
      </object_component>
      <object_component id="oc-185">
         <name>.text.__truncdfsf2</name>
         <load_address>0x1a0b0</load_address>
         <readonly>true</readonly>
         <executable>true</executable>
         <run_address>0x1a0b0</run_address>
         <size>0x74</size>
         <alignment>0x10</alignment>
         <input_file_ref idref="fl-120"/>
      </object_component>
      <object_component id="oc-17c">
         <name>.text.Hanningwindow</name>
         <load_address>0x1a124</load_address>
         <readonly>true</readonly>
         <executable>true</executable>
         <run_address>0x1a124</run_address>
         <size>0x6c</size>
         <alignment>0x4</alignment>
         <input_file_ref idref="fl-7"/>
      </object_component>
      <object_component id="oc-da">
         <name>.text.SYSCFG_DL_UART_BLUTEETH_init</name>
         <load_address>0x1a190</load_address>
         <readonly>true</readonly>
         <executable>true</executable>
         <run_address>0x1a190</run_address>
         <size>0x68</size>
         <alignment>0x4</alignment>
         <input_file_ref idref="fl-2"/>
      </object_component>
      <object_component id="oc-2d7">
         <name>.text.__ledf2</name>
         <load_address>0x1a1f8</load_address>
         <readonly>true</readonly>
         <executable>true</executable>
         <run_address>0x1a1f8</run_address>
         <size>0x68</size>
         <alignment>0x4</alignment>
         <input_file_ref idref="fl-12b"/>
      </object_component>
      <object_component id="oc-1b4">
         <name>.text.roundf</name>
         <load_address>0x1a260</load_address>
         <readonly>true</readonly>
         <executable>true</executable>
         <run_address>0x1a260</run_address>
         <size>0x68</size>
         <alignment>0x2</alignment>
         <input_file_ref idref="fl-3e"/>
      </object_component>
      <object_component id="oc-2d6">
         <name>.text._mcpy</name>
         <load_address>0x1a2c8</load_address>
         <readonly>true</readonly>
         <executable>true</executable>
         <run_address>0x1a2c8</run_address>
         <size>0x66</size>
         <alignment>0x2</alignment>
         <input_file_ref idref="fl-4d"/>
      </object_component>
      <object_component id="oc-2af">
         <name>.text.__aeabi_dcmp</name>
         <load_address>0x1a330</load_address>
         <readonly>true</readonly>
         <executable>true</executable>
         <run_address>0x1a330</run_address>
         <size>0x62</size>
         <alignment>0x4</alignment>
         <input_file_ref idref="fl-121"/>
      </object_component>
      <object_component id="oc-19e">
         <name>.text.__aeabi_fcmp</name>
         <load_address>0x1a394</load_address>
         <readonly>true</readonly>
         <executable>true</executable>
         <run_address>0x1a394</run_address>
         <size>0x62</size>
         <alignment>0x4</alignment>
         <input_file_ref idref="fl-122"/>
      </object_component>
      <object_component id="oc-2c6">
         <name>.text.frexp</name>
         <load_address>0x1a3f8</load_address>
         <readonly>true</readonly>
         <executable>true</executable>
         <run_address>0x1a3f8</run_address>
         <size>0x5c</size>
         <alignment>0x4</alignment>
         <input_file_ref idref="fl-59"/>
      </object_component>
      <object_component id="oc-2ce">
         <name>.text.__TI_ltoa</name>
         <load_address>0x1a454</load_address>
         <readonly>true</readonly>
         <executable>true</executable>
         <run_address>0x1a454</run_address>
         <size>0x58</size>
         <alignment>0x2</alignment>
         <input_file_ref idref="fl-55"/>
      </object_component>
      <object_component id="oc-2b4">
         <name>.text._pconv_f</name>
         <load_address>0x1a4ac</load_address>
         <readonly>true</readonly>
         <executable>true</executable>
         <run_address>0x1a4ac</run_address>
         <size>0x58</size>
         <alignment>0x2</alignment>
         <input_file_ref idref="fl-4d"/>
      </object_component>
      <object_component id="oc-2f1">
         <name>.text.__aeabi_idivmod</name>
         <load_address>0x1a504</load_address>
         <readonly>true</readonly>
         <executable>true</executable>
         <run_address>0x1a504</run_address>
         <size>0x56</size>
         <alignment>0x4</alignment>
         <input_file_ref idref="fl-123"/>
      </object_component>
      <object_component id="oc-2d4">
         <name>.text._ecpy</name>
         <load_address>0x1a55a</load_address>
         <readonly>true</readonly>
         <executable>true</executable>
         <run_address>0x1a55a</run_address>
         <size>0x52</size>
         <alignment>0x2</alignment>
         <input_file_ref idref="fl-4d"/>
      </object_component>
      <object_component id="oc-15f">
         <name>.text.SysTick_Config</name>
         <load_address>0x1a5ac</load_address>
         <readonly>true</readonly>
         <executable>true</executable>
         <run_address>0x1a5ac</run_address>
         <size>0x50</size>
         <alignment>0x4</alignment>
         <input_file_ref idref="fl-2"/>
      </object_component>
      <object_component id="oc-7f">
         <name>.text.button_cmd</name>
         <load_address>0x1a5fc</load_address>
         <readonly>true</readonly>
         <executable>true</executable>
         <run_address>0x1a5fc</run_address>
         <size>0x50</size>
         <alignment>0x4</alignment>
         <input_file_ref idref="fl-9"/>
      </object_component>
      <object_component id="oc-1c5">
         <name>.text.uart_bluteeth_send</name>
         <load_address>0x1a64c</load_address>
         <readonly>true</readonly>
         <executable>true</executable>
         <run_address>0x1a64c</run_address>
         <size>0x50</size>
         <alignment>0x4</alignment>
         <input_file_ref idref="fl-8"/>
      </object_component>
      <object_component id="oc-151">
         <name>.text.DL_ADC12_initSingleSample</name>
         <load_address>0x1a69c</load_address>
         <readonly>true</readonly>
         <executable>true</executable>
         <run_address>0x1a69c</run_address>
         <size>0x4c</size>
         <alignment>0x4</alignment>
         <input_file_ref idref="fl-2"/>
      </object_component>
      <object_component id="oc-1f1">
         <name>.text.DL_DMA_initChannel</name>
         <load_address>0x1a6e8</load_address>
         <readonly>true</readonly>
         <executable>true</executable>
         <run_address>0x1a6e8</run_address>
         <size>0x4c</size>
         <alignment>0x4</alignment>
         <input_file_ref idref="fl-23"/>
      </object_component>
      <object_component id="oc-140">
         <name>.text.DL_UART_setBaudRateDivisor</name>
         <load_address>0x1a734</load_address>
         <readonly>true</readonly>
         <executable>true</executable>
         <run_address>0x1a734</run_address>
         <size>0x4c</size>
         <alignment>0x4</alignment>
         <input_file_ref idref="fl-2"/>
      </object_component>
      <object_component id="oc-1c6">
         <name>.text.snprintf</name>
         <load_address>0x1a780</load_address>
         <readonly>true</readonly>
         <executable>true</executable>
         <run_address>0x1a780</run_address>
         <size>0x4c</size>
         <alignment>0x4</alignment>
         <input_file_ref idref="fl-3f"/>
      </object_component>
      <object_component id="oc-152">
         <name>.text.DL_ADC12_configConversionMem</name>
         <load_address>0x1a7cc</load_address>
         <readonly>true</readonly>
         <executable>true</executable>
         <run_address>0x1a7cc</run_address>
         <size>0x4a</size>
         <alignment>0x2</alignment>
         <input_file_ref idref="fl-2"/>
      </object_component>
      <object_component id="oc-1d1">
         <name>.text.__fixdfsi</name>
         <load_address>0x1a818</load_address>
         <readonly>true</readonly>
         <executable>true</executable>
         <run_address>0x1a818</run_address>
         <size>0x4a</size>
         <alignment>0x4</alignment>
         <input_file_ref idref="fl-117"/>
      </object_component>
      <object_component id="oc-13e">
         <name>.text.DL_UART_init</name>
         <load_address>0x1a864</load_address>
         <readonly>true</readonly>
         <executable>true</executable>
         <run_address>0x1a864</run_address>
         <size>0x48</size>
         <alignment>0x4</alignment>
         <input_file_ref idref="fl-25"/>
      </object_component>
      <object_component id="oc-db">
         <name>.text.SYSCFG_DL_UART_SCREEN_DISPLAY_init</name>
         <load_address>0x1a8ac</load_address>
         <readonly>true</readonly>
         <executable>true</executable>
         <run_address>0x1a8ac</run_address>
         <size>0x48</size>
         <alignment>0x4</alignment>
         <input_file_ref idref="fl-2"/>
      </object_component>
      <object_component id="oc-12a">
         <name>.text.DL_SYSCTL_switchMCLKfromSYSOSCtoHSCLK</name>
         <load_address>0x1a8f4</load_address>
         <readonly>true</readonly>
         <executable>true</executable>
         <run_address>0x1a8f4</run_address>
         <size>0x44</size>
         <alignment>0x4</alignment>
         <input_file_ref idref="fl-26"/>
      </object_component>
      <object_component id="oc-d9">
         <name>.text.SYSCFG_DL_TIMER_0_init</name>
         <load_address>0x1a938</load_address>
         <readonly>true</readonly>
         <executable>true</executable>
         <run_address>0x1a938</run_address>
         <size>0x44</size>
         <alignment>0x4</alignment>
         <input_file_ref idref="fl-2"/>
      </object_component>
      <object_component id="oc-1cc">
         <name>.text.uart_send_string</name>
         <load_address>0x1a97c</load_address>
         <readonly>true</readonly>
         <executable>true</executable>
         <run_address>0x1a97c</run_address>
         <size>0x44</size>
         <alignment>0x4</alignment>
         <input_file_ref idref="fl-9"/>
      </object_component>
      <object_component id="oc-16b">
         <name>.text.__fixunsdfsi</name>
         <load_address>0x1a9c0</load_address>
         <readonly>true</readonly>
         <executable>true</executable>
         <run_address>0x1a9c0</run_address>
         <size>0x42</size>
         <alignment>0x4</alignment>
         <input_file_ref idref="fl-119"/>
      </object_component>
      <object_component id="oc-14b">
         <name>.text.DL_ADC12_setClockConfig</name>
         <load_address>0x1aa04</load_address>
         <readonly>true</readonly>
         <executable>true</executable>
         <run_address>0x1aa04</run_address>
         <size>0x40</size>
         <alignment>0x4</alignment>
         <input_file_ref idref="fl-21"/>
      </object_component>
      <object_component id="oc-217">
         <name>.text.__aeabi_uidivmod</name>
         <load_address>0x1aa44</load_address>
         <readonly>true</readonly>
         <executable>true</executable>
         <run_address>0x1aa44</run_address>
         <size>0x40</size>
         <alignment>0x4</alignment>
         <input_file_ref idref="fl-126"/>
      </object_component>
      <object_component id="oc-17d">
         <name>.text.__extendsfdf2</name>
         <load_address>0x1aa84</load_address>
         <readonly>true</readonly>
         <executable>true</executable>
         <run_address>0x1aa84</run_address>
         <size>0x40</size>
         <alignment>0x4</alignment>
         <input_file_ref idref="fl-116"/>
      </object_component>
      <object_component id="oc-b0">
         <name>.text.adc_init</name>
         <load_address>0x1aac4</load_address>
         <readonly>true</readonly>
         <executable>true</executable>
         <run_address>0x1aac4</run_address>
         <size>0x40</size>
         <alignment>0x4</alignment>
         <input_file_ref idref="fl-4"/>
      </object_component>
      <object_component id="oc-29d">
         <name>.text.atoi</name>
         <load_address>0x1ab04</load_address>
         <readonly>true</readonly>
         <executable>true</executable>
         <run_address>0x1ab04</run_address>
         <size>0x40</size>
         <alignment>0x4</alignment>
         <input_file_ref idref="fl-57"/>
      </object_component>
      <object_component id="oc-d8">
         <name>.text.SYSCFG_DL_SYSCTL_init</name>
         <load_address>0x1ab44</load_address>
         <readonly>true</readonly>
         <executable>true</executable>
         <run_address>0x1ab44</run_address>
         <size>0x3c</size>
         <alignment>0x4</alignment>
         <input_file_ref idref="fl-2"/>
      </object_component>
      <object_component id="oc-170">
         <name>.text.__floatsisf</name>
         <load_address>0x1ab80</load_address>
         <readonly>true</readonly>
         <executable>true</executable>
         <run_address>0x1ab80</run_address>
         <size>0x3c</size>
         <alignment>0x4</alignment>
         <input_file_ref idref="fl-11c"/>
      </object_component>
      <object_component id="oc-232">
         <name>.text.__gtsf2</name>
         <load_address>0x1abbc</load_address>
         <readonly>true</readonly>
         <executable>true</executable>
         <run_address>0x1abbc</run_address>
         <size>0x3c</size>
         <alignment>0x4</alignment>
         <input_file_ref idref="fl-128"/>
      </object_component>
      <object_component id="oc-bd">
         <name>.text:__TI_auto_init_nobinit_nopinit</name>
         <load_address>0x1abf8</load_address>
         <readonly>true</readonly>
         <executable>true</executable>
         <run_address>0x1abf8</run_address>
         <size>0x3c</size>
         <alignment>0x4</alignment>
         <input_file_ref idref="fl-46"/>
      </object_component>
      <object_component id="oc-22d">
         <name>.text.__eqsf2</name>
         <load_address>0x1ac34</load_address>
         <readonly>true</readonly>
         <executable>true</executable>
         <run_address>0x1ac34</run_address>
         <size>0x3a</size>
         <alignment>0x4</alignment>
         <input_file_ref idref="fl-128"/>
      </object_component>
      <object_component id="oc-203">
         <name>.text.__muldsi3</name>
         <load_address>0x1ac70</load_address>
         <readonly>true</readonly>
         <executable>true</executable>
         <run_address>0x1ac70</run_address>
         <size>0x3a</size>
         <alignment>0x4</alignment>
         <input_file_ref idref="fl-112"/>
      </object_component>
      <object_component id="oc-135">
         <name>.text.DL_Timer_setPublisherChanID</name>
         <load_address>0x1acac</load_address>
         <readonly>true</readonly>
         <executable>true</executable>
         <run_address>0x1acac</run_address>
         <size>0x38</size>
         <alignment>0x4</alignment>
         <input_file_ref idref="fl-2"/>
      </object_component>
      <object_component id="oc-1ba">
         <name>.text.__fixsfsi</name>
         <load_address>0x1ace4</load_address>
         <readonly>true</readonly>
         <executable>true</executable>
         <run_address>0x1ace4</run_address>
         <size>0x38</size>
         <alignment>0x4</alignment>
         <input_file_ref idref="fl-118"/>
      </object_component>
      <object_component id="oc-ec">
         <name>.text.clear_sampling_data</name>
         <load_address>0x1ad1c</load_address>
         <readonly>true</readonly>
         <executable>true</executable>
         <run_address>0x1ad1c</run_address>
         <size>0x38</size>
         <alignment>0x4</alignment>
         <input_file_ref idref="fl-1"/>
      </object_component>
      <object_component id="oc-92">
         <name>.text.main</name>
         <load_address>0x1ad54</load_address>
         <readonly>true</readonly>
         <executable>true</executable>
         <run_address>0x1ad54</run_address>
         <size>0x38</size>
         <alignment>0x4</alignment>
         <input_file_ref idref="fl-1"/>
      </object_component>
      <object_component id="oc-ab">
         <name>.text.SYSCFG_DL_init</name>
         <load_address>0x1ad8c</load_address>
         <readonly>true</readonly>
         <executable>true</executable>
         <run_address>0x1ad8c</run_address>
         <size>0x34</size>
         <alignment>0x4</alignment>
         <input_file_ref idref="fl-2"/>
      </object_component>
      <object_component id="oc-ed">
         <name>.text.set_sample_freq</name>
         <load_address>0x1adc0</load_address>
         <readonly>true</readonly>
         <executable>true</executable>
         <run_address>0x1adc0</run_address>
         <size>0x34</size>
         <alignment>0x4</alignment>
         <input_file_ref idref="fl-4"/>
      </object_component>
      <object_component id="oc-1b0">
         <name>.text.__fixunssfsi</name>
         <load_address>0x1adf4</load_address>
         <readonly>true</readonly>
         <executable>true</executable>
         <run_address>0x1adf4</run_address>
         <size>0x32</size>
         <alignment>0x4</alignment>
         <input_file_ref idref="fl-11a"/>
      </object_component>
      <object_component id="oc-1f0">
         <name>.text.DL_DMA_setTransferSize</name>
         <load_address>0x1ae28</load_address>
         <readonly>true</readonly>
         <executable>true</executable>
         <run_address>0x1ae28</run_address>
         <size>0x30</size>
         <alignment>0x4</alignment>
         <input_file_ref idref="fl-2"/>
      </object_component>
      <object_component id="oc-24d">
         <name>.text.DL_DMA_setTransferSize</name>
         <load_address>0x1ae58</load_address>
         <readonly>true</readonly>
         <executable>true</executable>
         <run_address>0x1ae58</run_address>
         <size>0x30</size>
         <alignment>0x4</alignment>
         <input_file_ref idref="fl-8"/>
      </object_component>
      <object_component id="oc-2d5">
         <name>.text._fcpy</name>
         <load_address>0x1ae88</load_address>
         <readonly>true</readonly>
         <executable>true</executable>
         <run_address>0x1ae88</run_address>
         <size>0x30</size>
         <alignment>0x2</alignment>
         <input_file_ref idref="fl-4d"/>
      </object_component>
      <object_component id="oc-250">
         <name>.text._outs</name>
         <load_address>0x1aeb8</load_address>
         <readonly>true</readonly>
         <executable>true</executable>
         <run_address>0x1aeb8</run_address>
         <size>0x30</size>
         <alignment>0x2</alignment>
         <input_file_ref idref="fl-3f"/>
      </object_component>
      <object_component id="oc-160">
         <name>.text.clear_peaks_data</name>
         <load_address>0x1aee8</load_address>
         <readonly>true</readonly>
         <executable>true</executable>
         <run_address>0x1aee8</run_address>
         <size>0x30</size>
         <alignment>0x4</alignment>
         <input_file_ref idref="fl-5"/>
      </object_component>
      <object_component id="oc-3b">
         <name>.text.ADC0_IRQHandler</name>
         <load_address>0x1af18</load_address>
         <readonly>true</readonly>
         <executable>true</executable>
         <run_address>0x1af18</run_address>
         <size>0x2c</size>
         <alignment>0x4</alignment>
         <input_file_ref idref="fl-4"/>
      </object_component>
      <object_component id="oc-156">
         <name>.text.DL_ADC12_setDMASamplesCnt</name>
         <load_address>0x1af44</load_address>
         <readonly>true</readonly>
         <executable>true</executable>
         <run_address>0x1af44</run_address>
         <size>0x2c</size>
         <alignment>0x4</alignment>
         <input_file_ref idref="fl-2"/>
      </object_component>
      <object_component id="oc-e8">
         <name>.text.__NVIC_ClearPendingIRQ</name>
         <load_address>0x1af70</load_address>
         <readonly>true</readonly>
         <executable>true</executable>
         <run_address>0x1af70</run_address>
         <size>0x2c</size>
         <alignment>0x4</alignment>
         <input_file_ref idref="fl-9"/>
      </object_component>
      <object_component id="oc-e2">
         <name>.text.__NVIC_EnableIRQ</name>
         <load_address>0x1af9c</load_address>
         <readonly>true</readonly>
         <executable>true</executable>
         <run_address>0x1af9c</run_address>
         <size>0x2c</size>
         <alignment>0x4</alignment>
         <input_file_ref idref="fl-4"/>
      </object_component>
      <object_component id="oc-ea">
         <name>.text.__NVIC_EnableIRQ</name>
         <load_address>0x1afc8</load_address>
         <readonly>true</readonly>
         <executable>true</executable>
         <run_address>0x1afc8</run_address>
         <size>0x2c</size>
         <alignment>0x4</alignment>
         <input_file_ref idref="fl-8"/>
      </object_component>
      <object_component id="oc-e9">
         <name>.text.__NVIC_EnableIRQ</name>
         <load_address>0x1aff4</load_address>
         <readonly>true</readonly>
         <executable>true</executable>
         <run_address>0x1aff4</run_address>
         <size>0x2c</size>
         <alignment>0x4</alignment>
         <input_file_ref idref="fl-9"/>
      </object_component>
      <object_component id="oc-1cd">
         <name>.text.__floatsidf</name>
         <load_address>0x1b020</load_address>
         <readonly>true</readonly>
         <executable>true</executable>
         <run_address>0x1b020</run_address>
         <size>0x2c</size>
         <alignment>0x4</alignment>
         <input_file_ref idref="fl-11b"/>
      </object_component>
      <object_component id="oc-d7">
         <name>.text.SYSCFG_DL_GPIO_init</name>
         <load_address>0x1b04c</load_address>
         <readonly>true</readonly>
         <executable>true</executable>
         <run_address>0x1b04c</run_address>
         <size>0x2a</size>
         <alignment>0x2</alignment>
         <input_file_ref idref="fl-2"/>
      </object_component>
      <object_component id="oc-1e7">
         <name>.text.DL_Common_updateReg</name>
         <load_address>0x1b076</load_address>
         <readonly>true</readonly>
         <executable>true</executable>
         <run_address>0x1b076</run_address>
         <size>0x28</size>
         <alignment>0x2</alignment>
         <input_file_ref idref="fl-2"/>
      </object_component>
      <object_component id="oc-e5">
         <name>.text.DL_DMA_setDestAddr</name>
         <load_address>0x1b0a0</load_address>
         <readonly>true</readonly>
         <executable>true</executable>
         <run_address>0x1b0a0</run_address>
         <size>0x28</size>
         <alignment>0x4</alignment>
         <input_file_ref idref="fl-4"/>
      </object_component>
      <object_component id="oc-24c">
         <name>.text.DL_DMA_setDestAddr</name>
         <load_address>0x1b0c8</load_address>
         <readonly>true</readonly>
         <executable>true</executable>
         <run_address>0x1b0c8</run_address>
         <size>0x28</size>
         <alignment>0x4</alignment>
         <input_file_ref idref="fl-8"/>
      </object_component>
      <object_component id="oc-e4">
         <name>.text.DL_DMA_setSrcAddr</name>
         <load_address>0x1b0f0</load_address>
         <readonly>true</readonly>
         <executable>true</executable>
         <run_address>0x1b0f0</run_address>
         <size>0x28</size>
         <alignment>0x4</alignment>
         <input_file_ref idref="fl-4"/>
      </object_component>
      <object_component id="oc-24b">
         <name>.text.DL_DMA_setSrcAddr</name>
         <load_address>0x1b118</load_address>
         <readonly>true</readonly>
         <executable>true</executable>
         <run_address>0x1b118</run_address>
         <size>0x28</size>
         <alignment>0x4</alignment>
         <input_file_ref idref="fl-8"/>
      </object_component>
      <object_component id="oc-134">
         <name>.text.DL_Timer_enableEvent</name>
         <load_address>0x1b140</load_address>
         <readonly>true</readonly>
         <executable>true</executable>
         <run_address>0x1b140</run_address>
         <size>0x28</size>
         <alignment>0x4</alignment>
         <input_file_ref idref="fl-2"/>
      </object_component>
      <object_component id="oc-144">
         <name>.text.DL_UART_setRXFIFOThreshold</name>
         <load_address>0x1b168</load_address>
         <readonly>true</readonly>
         <executable>true</executable>
         <run_address>0x1b168</run_address>
         <size>0x28</size>
         <alignment>0x4</alignment>
         <input_file_ref idref="fl-2"/>
      </object_component>
      <object_component id="oc-145">
         <name>.text.DL_UART_setTXFIFOThreshold</name>
         <load_address>0x1b190</load_address>
         <readonly>true</readonly>
         <executable>true</executable>
         <run_address>0x1b190</run_address>
         <size>0x28</size>
         <alignment>0x4</alignment>
         <input_file_ref idref="fl-2"/>
      </object_component>
      <object_component id="oc-15d">
         <name>.text.SYSCFG_DL_DMA_CH0_init</name>
         <load_address>0x1b1b8</load_address>
         <readonly>true</readonly>
         <executable>true</executable>
         <run_address>0x1b1b8</run_address>
         <size>0x28</size>
         <alignment>0x4</alignment>
         <input_file_ref idref="fl-2"/>
      </object_component>
      <object_component id="oc-40">
         <name>.text.UART1_IRQHandler</name>
         <load_address>0x1b1e0</load_address>
         <readonly>true</readonly>
         <executable>true</executable>
         <run_address>0x1b1e0</run_address>
         <size>0x28</size>
         <alignment>0x4</alignment>
         <input_file_ref idref="fl-8"/>
      </object_component>
      <object_component id="oc-1a3">
         <name>.text.__floatunsisf</name>
         <load_address>0x1b208</load_address>
         <readonly>true</readonly>
         <executable>true</executable>
         <run_address>0x1b208</run_address>
         <size>0x28</size>
         <alignment>0x4</alignment>
         <input_file_ref idref="fl-11e"/>
      </object_component>
      <object_component id="oc-65">
         <name>.text:_c_int00_noargs</name>
         <load_address>0x1b230</load_address>
         <readonly>true</readonly>
         <executable>true</executable>
         <run_address>0x1b230</run_address>
         <size>0x28</size>
         <alignment>0x4</alignment>
         <input_file_ref idref="fl-44"/>
      </object_component>
      <object_component id="oc-e6">
         <name>.text.DL_DMA_enableChannel</name>
         <load_address>0x1b258</load_address>
         <readonly>true</readonly>
         <executable>true</executable>
         <run_address>0x1b258</run_address>
         <size>0x26</size>
         <alignment>0x2</alignment>
         <input_file_ref idref="fl-4"/>
      </object_component>
      <object_component id="oc-24e">
         <name>.text.DL_DMA_enableChannel</name>
         <load_address>0x1b27e</load_address>
         <readonly>true</readonly>
         <executable>true</executable>
         <run_address>0x1b27e</run_address>
         <size>0x26</size>
         <alignment>0x2</alignment>
         <input_file_ref idref="fl-8"/>
      </object_component>
      <object_component id="oc-e3">
         <name>.text.DL_ADC12_getMemResultAddress</name>
         <load_address>0x1b2a4</load_address>
         <readonly>true</readonly>
         <executable>true</executable>
         <run_address>0x1b2a4</run_address>
         <size>0x24</size>
         <alignment>0x4</alignment>
         <input_file_ref idref="fl-4"/>
      </object_component>
      <object_component id="oc-163">
         <name>.text.__floatunsidf</name>
         <load_address>0x1b2c8</load_address>
         <readonly>true</readonly>
         <executable>true</executable>
         <run_address>0x1b2c8</run_address>
         <size>0x24</size>
         <alignment>0x4</alignment>
         <input_file_ref idref="fl-11d"/>
      </object_component>
      <object_component id="oc-2a5">
         <name>.text.__muldi3</name>
         <load_address>0x1b2ec</load_address>
         <readonly>true</readonly>
         <executable>true</executable>
         <run_address>0x1b2ec</run_address>
         <size>0x24</size>
         <alignment>0x4</alignment>
         <input_file_ref idref="fl-11f"/>
      </object_component>
      <object_component id="oc-296">
         <name>.text.memccpy</name>
         <load_address>0x1b310</load_address>
         <readonly>true</readonly>
         <executable>true</executable>
         <run_address>0x1b310</run_address>
         <size>0x22</size>
         <alignment>0x2</alignment>
         <input_file_ref idref="fl-58"/>
      </object_component>
      <object_component id="oc-11d">
         <name>.text.DL_GPIO_initPeripheralInputFunction</name>
         <load_address>0x1b334</load_address>
         <readonly>true</readonly>
         <executable>true</executable>
         <run_address>0x1b334</run_address>
         <size>0x20</size>
         <alignment>0x4</alignment>
         <input_file_ref idref="fl-2"/>
      </object_component>
      <object_component id="oc-11f">
         <name>.text.DL_SYSCTL_setFlashWaitState</name>
         <load_address>0x1b354</load_address>
         <readonly>true</readonly>
         <executable>true</executable>
         <run_address>0x1b354</run_address>
         <size>0x20</size>
         <alignment>0x4</alignment>
         <input_file_ref idref="fl-2"/>
      </object_component>
      <object_component id="oc-254">
         <name>.text.DL_UART_transmitDataBlocking</name>
         <load_address>0x1b374</load_address>
         <readonly>true</readonly>
         <executable>true</executable>
         <run_address>0x1b374</run_address>
         <size>0x20</size>
         <alignment>0x4</alignment>
         <input_file_ref idref="fl-25"/>
      </object_component>
      <object_component id="oc-153">
         <name>.text.DL_ADC12_setPowerDownMode</name>
         <load_address>0x1b394</load_address>
         <readonly>true</readonly>
         <executable>true</executable>
         <run_address>0x1b394</run_address>
         <size>0x1e</size>
         <alignment>0x2</alignment>
         <input_file_ref idref="fl-2"/>
      </object_component>
      <object_component id="oc-13f">
         <name>.text.DL_UART_setOversampling</name>
         <load_address>0x1b3b2</load_address>
         <readonly>true</readonly>
         <executable>true</executable>
         <run_address>0x1b3b2</run_address>
         <size>0x1e</size>
         <alignment>0x2</alignment>
         <input_file_ref idref="fl-2"/>
      </object_component>
      <object_component id="oc-2e6">
         <name>.text.__ashldi3</name>
         <load_address>0x1b3d0</load_address>
         <readonly>true</readonly>
         <executable>true</executable>
         <run_address>0x1b3d0</run_address>
         <size>0x1e</size>
         <alignment>0x4</alignment>
         <input_file_ref idref="fl-12a"/>
      </object_component>
      <object_component id="oc-159">
         <name>.text.DL_ADC12_clearInterruptStatus</name>
         <load_address>0x1b3f0</load_address>
         <readonly>true</readonly>
         <executable>true</executable>
         <run_address>0x1b3f0</run_address>
         <size>0x1c</size>
         <alignment>0x4</alignment>
         <input_file_ref idref="fl-2"/>
      </object_component>
      <object_component id="oc-155">
         <name>.text.DL_ADC12_enableDMA</name>
         <load_address>0x1b40c</load_address>
         <readonly>true</readonly>
         <executable>true</executable>
         <run_address>0x1b40c</run_address>
         <size>0x1c</size>
         <alignment>0x4</alignment>
         <input_file_ref idref="fl-2"/>
      </object_component>
      <object_component id="oc-157">
         <name>.text.DL_ADC12_enableDMATrigger</name>
         <load_address>0x1b428</load_address>
         <readonly>true</readonly>
         <executable>true</executable>
         <run_address>0x1b428</run_address>
         <size>0x1c</size>
         <alignment>0x4</alignment>
         <input_file_ref idref="fl-2"/>
      </object_component>
      <object_component id="oc-15a">
         <name>.text.DL_ADC12_enableInterrupt</name>
         <load_address>0x1b444</load_address>
         <readonly>true</readonly>
         <executable>true</executable>
         <run_address>0x1b444</run_address>
         <size>0x1c</size>
         <alignment>0x4</alignment>
         <input_file_ref idref="fl-2"/>
      </object_component>
      <object_component id="oc-11c">
         <name>.text.DL_GPIO_initPeripheralOutputFunction</name>
         <load_address>0x1b460</load_address>
         <readonly>true</readonly>
[...]
      <symbol id="sm-2b1">
         <name>DL_ADC12_setClockConfig</name>
         <value>0x1aa05</value>
         <object_component_ref idref="oc-14b"/>
      </symbol>
      <symbol id="sm-2ba">
         <name>DL_Common_delayCycles</name>
         <value>0x1b855</value>
         <object_component_ref idref="oc-118"/>
      </symbol>
      <symbol id="sm-2c4">
         <name>DL_DMA_initChannel</name>
         <value>0x1a6e9</value>
         <object_component_ref idref="oc-1f1"/>
      </symbol>
      <symbol id="sm-2d4">
         <name>DL_Timer_setClockConfig</name>
         <value>0x1b4b5</value>
         <object_component_ref idref="oc-12c"/>
      </symbol>
      <symbol id="sm-2d5">
         <name>DL_Timer_initTimerMode</name>
         <value>0x19115</value>
         <object_component_ref idref="oc-132"/>
      </symbol>
      <symbol id="sm-2e5">
         <name>DL_UART_init</name>
         <value>0x1a865</value>
         <object_component_ref idref="oc-13e"/>
      </symbol>
      <symbol id="sm-2e6">
         <name>DL_UART_setClockConfig</name>
         <value>0x1b77f</value>
         <object_component_ref idref="oc-138"/>
      </symbol>
      <symbol id="sm-2e7">
         <name>DL_UART_transmitDataBlocking</name>
         <value>0x1b375</value>
         <object_component_ref idref="oc-254"/>
      </symbol>
      <symbol id="sm-2f5">
         <name>DL_SYSCTL_configSYSPLL</name>
         <value>0x192e1</value>
         <object_component_ref idref="oc-123"/>
      </symbol>
      <symbol id="sm-2f6">
         <name>DL_SYSCTL_switchMCLKfromSYSOSCtoHSCLK</name>
         <value>0x1a8f5</value>
         <object_component_ref idref="oc-12a"/>
      </symbol>
      <symbol id="sm-300">
         <name>sqrtf</name>
         <value>0x19a4d</value>
         <object_component_ref idref="oc-1be"/>
      </symbol>
      <symbol id="sm-30d">
         <name>roundf</name>
         <value>0x1a261</value>
         <object_component_ref idref="oc-1b4"/>
      </symbol>
      <symbol id="sm-31e">
         <name>snprintf</name>
         <value>0x1a781</value>
         <object_component_ref idref="oc-1c6"/>
      </symbol>
      <symbol id="sm-329">
         <name>__aeabi_errno_addr</name>
         <value>0x1a0a9</value>
         <object_component_ref idref="oc-243"/>
      </symbol>
      <symbol id="sm-32a">
         <name>__aeabi_errno</name>
         <value>0x2020303c</value>
         <object_component_ref idref="oc-285"/>
      </symbol>
      <symbol id="sm-333">
         <name>_sys_memory</name>
         <value>0x202038f0</value>
         <object_component_ref idref="oc-2f"/>
      </symbol>
      <symbol id="sm-33e">
         <name>_c_int00_noargs</name>
         <value>0x1b231</value>
         <object_component_ref idref="oc-65"/>
      </symbol>
      <symbol id="sm-33f">
         <name>__stack</name>
         <value>0x20207e00</value>
         <object_component_ref idref="oc-1a"/>
      </symbol>
      <symbol id="sm-34b">
         <name>__TI_auto_init_nobinit_nopinit</name>
         <value>0x1abf9</value>
         <object_component_ref idref="oc-bd"/>
      </symbol>
      <symbol id="sm-353">
         <name>_system_pre_init</name>
         <value>0x1b8c3</value>
         <object_component_ref idref="oc-8e"/>
      </symbol>
      <symbol id="sm-35e">
         <name>__TI_zero_init</name>
         <value>0x1b7f5</value>
         <object_component_ref idref="oc-62"/>
      </symbol>
      <symbol id="sm-367">
         <name>__TI_decompress_none</name>
         <value>0x1b7a3</value>
         <object_component_ref idref="oc-20"/>
      </symbol>
      <symbol id="sm-372">
         <name>__TI_decompress_lzss</name>
         <value>0x19ecd</value>
         <object_component_ref idref="oc-1c"/>
      </symbol>
      <symbol id="sm-37c">
         <name>floorf</name>
         <value>0x19d39</value>
         <object_component_ref idref="oc-23b"/>
      </symbol>
      <symbol id="sm-3c5">
         <name>__TI_printfi</name>
         <value>0x15fb1</value>
         <object_component_ref idref="oc-290"/>
      </symbol>
      <symbol id="sm-3d4">
         <name>abort</name>
         <value>0x1b8b1</value>
         <object_component_ref idref="oc-b6"/>
      </symbol>
      <symbol id="sm-3de">
         <name>__TI_ltoa</name>
         <value>0x1a455</value>
         <object_component_ref idref="oc-2ce"/>
      </symbol>
      <symbol id="sm-3e9">
         <name>atoi</name>
         <value>0x1ab05</value>
         <object_component_ref idref="oc-29d"/>
      </symbol>
      <symbol id="sm-3f2">
         <name>memccpy</name>
         <value>0x1b311</value>
         <object_component_ref idref="oc-296"/>
      </symbol>
      <symbol id="sm-3fc">
         <name>frexp</name>
         <value>0x1a3f9</value>
         <object_component_ref idref="oc-2c6"/>
      </symbol>
      <symbol id="sm-3fd">
         <name>frexpl</name>
         <value>0x1a3f9</value>
         <object_component_ref idref="oc-2c6"/>
      </symbol>
      <symbol id="sm-407">
         <name>scalbn</name>
         <value>0x19499</value>
         <object_component_ref idref="oc-2ca"/>
      </symbol>
      <symbol id="sm-408">
         <name>ldexp</name>
         <value>0x19499</value>
         <object_component_ref idref="oc-2ca"/>
      </symbol>
      <symbol id="sm-409">
         <name>scalbnl</name>
         <value>0x19499</value>
         <object_component_ref idref="oc-2ca"/>
      </symbol>
      <symbol id="sm-40a">
         <name>ldexpl</name>
         <value>0x19499</value>
         <object_component_ref idref="oc-2ca"/>
      </symbol>
      <symbol id="sm-413">
         <name>wcslen</name>
         <value>0x1b7e5</value>
         <object_component_ref idref="oc-2a1"/>
      </symbol>
      <symbol id="sm-416">
         <name>__aeabi_ctype_table_</name>
         <value>0x15ab0</value>
         <object_component_ref idref="oc-2b9"/>
      </symbol>
      <symbol id="sm-417">
         <name>__aeabi_ctype_table_C</name>
         <value>0x15ab0</value>
         <object_component_ref idref="oc-2b9"/>
      </symbol>
      <symbol id="sm-420">
         <name>HOSTexit</name>
         <value>0x1b8bb</value>
         <object_component_ref idref="oc-ff"/>
      </symbol>
      <symbol id="sm-421">
         <name>C$$EXIT</name>
         <value>0x1b8ba</value>
         <object_component_ref idref="oc-ff"/>
      </symbol>
      <symbol id="sm-436">
         <name>__aeabi_fadd</name>
         <value>0x1957b</value>
         <object_component_ref idref="oc-174"/>
      </symbol>
      <symbol id="sm-437">
         <name>__addsf3</name>
         <value>0x1957b</value>
         <object_component_ref idref="oc-174"/>
      </symbol>
      <symbol id="sm-438">
         <name>__aeabi_fsub</name>
         <value>0x19571</value>
         <object_component_ref idref="oc-174"/>
      </symbol>
      <symbol id="sm-439">
         <name>__subsf3</name>
         <value>0x19571</value>
         <object_component_ref idref="oc-174"/>
      </symbol>
      <symbol id="sm-442">
         <name>__aeabi_dadd</name>
         <value>0x1884f</value>
         <object_component_ref idref="oc-2df"/>
      </symbol>
      <symbol id="sm-443">
         <name>__adddf3</name>
         <value>0x1884f</value>
         <object_component_ref idref="oc-2df"/>
      </symbol>
      <symbol id="sm-444">
         <name>__aeabi_dsub</name>
         <value>0x18845</value>
         <object_component_ref idref="oc-2df"/>
      </symbol>
      <symbol id="sm-445">
         <name>__subdf3</name>
         <value>0x18845</value>
         <object_component_ref idref="oc-2df"/>
      </symbol>
      <symbol id="sm-44e">
         <name>__aeabi_dmul</name>
         <value>0x191fd</value>
         <object_component_ref idref="oc-181"/>
      </symbol>
      <symbol id="sm-44f">
         <name>__muldf3</name>
         <value>0x191fd</value>
         <object_component_ref idref="oc-181"/>
      </symbol>
      <symbol id="sm-455">
         <name>__muldsi3</name>
         <value>0x1ac71</value>
         <object_component_ref idref="oc-203"/>
      </symbol>
      <symbol id="sm-45b">
         <name>__aeabi_fmul</name>
         <value>0x19cad</value>
         <object_component_ref idref="oc-189"/>
      </symbol>
      <symbol id="sm-45c">
         <name>__mulsf3</name>
         <value>0x19cad</value>
         <object_component_ref idref="oc-189"/>
      </symbol>
      <symbol id="sm-462">
         <name>__aeabi_fdiv</name>
         <value>0x19e49</value>
         <object_component_ref idref="oc-178"/>
      </symbol>
      <symbol id="sm-463">
         <name>__divsf3</name>
         <value>0x19e49</value>
         <object_component_ref idref="oc-178"/>
      </symbol>
      <symbol id="sm-469">
         <name>__aeabi_ddiv</name>
         <value>0x19009</value>
         <object_component_ref idref="oc-167"/>
      </symbol>
      <symbol id="sm-46a">
         <name>__divdf3</name>
         <value>0x19009</value>
         <object_component_ref idref="oc-167"/>
      </symbol>
      <symbol id="sm-470">
         <name>__aeabi_f2d</name>
         <value>0x1aa85</value>
         <object_component_ref idref="oc-17d"/>
      </symbol>
      <symbol id="sm-471">
         <name>__extendsfdf2</name>
         <value>0x1aa85</value>
         <object_component_ref idref="oc-17d"/>
      </symbol>
      <symbol id="sm-477">
         <name>__aeabi_d2iz</name>
         <value>0x1a819</value>
         <object_component_ref idref="oc-1d1"/>
      </symbol>
      <symbol id="sm-478">
         <name>__fixdfsi</name>
         <value>0x1a819</value>
         <object_component_ref idref="oc-1d1"/>
      </symbol>
      <symbol id="sm-47e">
         <name>__aeabi_f2iz</name>
         <value>0x1ace5</value>
         <object_component_ref idref="oc-1ba"/>
      </symbol>
      <symbol id="sm-47f">
         <name>__fixsfsi</name>
         <value>0x1ace5</value>
         <object_component_ref idref="oc-1ba"/>
      </symbol>
      <symbol id="sm-485">
         <name>__aeabi_d2uiz</name>
         <value>0x1a9c1</value>
         <object_component_ref idref="oc-16b"/>
      </symbol>
      <symbol id="sm-486">
         <name>__fixunsdfsi</name>
         <value>0x1a9c1</value>
         <object_component_ref idref="oc-16b"/>
      </symbol>
      <symbol id="sm-48c">
         <name>__aeabi_f2uiz</name>
         <value>0x1adf5</value>
         <object_component_ref idref="oc-1b0"/>
      </symbol>
      <symbol id="sm-48d">
         <name>__fixunssfsi</name>
         <value>0x1adf5</value>
         <object_component_ref idref="oc-1b0"/>
      </symbol>
      <symbol id="sm-493">
         <name>__aeabi_i2d</name>
         <value>0x1b021</value>
         <object_component_ref idref="oc-1cd"/>
      </symbol>
      <symbol id="sm-494">
         <name>__floatsidf</name>
         <value>0x1b021</value>
         <object_component_ref idref="oc-1cd"/>
      </symbol>
      <symbol id="sm-49a">
         <name>__aeabi_i2f</name>
         <value>0x1ab81</value>
         <object_component_ref idref="oc-170"/>
      </symbol>
      <symbol id="sm-49b">
         <name>__floatsisf</name>
         <value>0x1ab81</value>
         <object_component_ref idref="oc-170"/>
      </symbol>
      <symbol id="sm-4a1">
         <name>__aeabi_ui2d</name>
         <value>0x1b2c9</value>
         <object_component_ref idref="oc-163"/>
      </symbol>
      <symbol id="sm-4a2">
         <name>__floatunsidf</name>
         <value>0x1b2c9</value>
         <object_component_ref idref="oc-163"/>
      </symbol>
      <symbol id="sm-4a8">
         <name>__aeabi_ui2f</name>
         <value>0x1b209</value>
         <object_component_ref idref="oc-1a3"/>
      </symbol>
      <symbol id="sm-4a9">
         <name>__floatunsisf</name>
         <value>0x1b209</value>
         <object_component_ref idref="oc-1a3"/>
      </symbol>
      <symbol id="sm-4af">
         <name>__aeabi_lmul</name>
         <value>0x1b2ed</value>
         <object_component_ref idref="oc-2a5"/>
      </symbol>
      <symbol id="sm-4b0">
         <name>__muldi3</name>
         <value>0x1b2ed</value>
         <object_component_ref idref="oc-2a5"/>
      </symbol>
      <symbol id="sm-4b7">
         <name>__aeabi_d2f</name>
         <value>0x1a0b1</value>
         <object_component_ref idref="oc-185"/>
      </symbol>
      <symbol id="sm-4b8">
         <name>__truncdfsf2</name>
         <value>0x1a0b1</value>
         <object_component_ref idref="oc-185"/>
      </symbol>
      <symbol id="sm-4be">
         <name>__aeabi_dcmpeq</name>
         <value>0x1a331</value>
         <object_component_ref idref="oc-2af"/>
      </symbol>
      <symbol id="sm-4bf">
         <name>__aeabi_dcmplt</name>
         <value>0x1a345</value>
         <object_component_ref idref="oc-2af"/>
      </symbol>
      <symbol id="sm-4c0">
         <name>__aeabi_dcmple</name>
         <value>0x1a359</value>
         <object_component_ref idref="oc-2af"/>
      </symbol>
      <symbol id="sm-4c1">
         <name>__aeabi_dcmpge</name>
         <value>0x1a36d</value>
         <object_component_ref idref="oc-2af"/>
      </symbol>
      <symbol id="sm-4c2">
         <name>__aeabi_dcmpgt</name>
         <value>0x1a381</value>
         <object_component_ref idref="oc-2af"/>
      </symbol>
      <symbol id="sm-4c8">
         <name>__aeabi_fcmpeq</name>
         <value>0x1a395</value>
         <object_component_ref idref="oc-19e"/>
      </symbol>
      <symbol id="sm-4c9">
         <name>__aeabi_fcmplt</name>
         <value>0x1a3a9</value>
         <object_component_ref idref="oc-19e"/>
      </symbol>
      <symbol id="sm-4ca">
         <name>__aeabi_fcmple</name>
         <value>0x1a3bd</value>
         <object_component_ref idref="oc-19e"/>
      </symbol>
      <symbol id="sm-4cb">
         <name>__aeabi_fcmpge</name>
         <value>0x1a3d1</value>
         <object_component_ref idref="oc-19e"/>
      </symbol>
      <symbol id="sm-4cc">
         <name>__aeabi_fcmpgt</name>
         <value>0x1a3e5</value>
         <object_component_ref idref="oc-19e"/>
      </symbol>
      <symbol id="sm-4d2">
         <name>__aeabi_idiv</name>
         <value>0x1a505</value>
         <object_component_ref idref="oc-2f1"/>
      </symbol>
      <symbol id="sm-4d3">
         <name>__aeabi_idivmod</name>
         <value>0x1a505</value>
         <object_component_ref idref="oc-2f1"/>
      </symbol>
      <symbol id="sm-4d9">
         <name>__aeabi_memcpy</name>
         <value>0x1b8a9</value>
         <object_component_ref idref="oc-55"/>
      </symbol>
      <symbol id="sm-4da">
         <name>__aeabi_memcpy4</name>
         <value>0x1b8a9</value>
         <object_component_ref idref="oc-55"/>
      </symbol>
      <symbol id="sm-4db">
         <name>__aeabi_memcpy8</name>
         <value>0x1b8a9</value>
         <object_component_ref idref="oc-55"/>
      </symbol>
      <symbol id="sm-4e4">
         <name>__aeabi_memset</name>
         <value>0x1b805</value>
         <object_component_ref idref="oc-295"/>
      </symbol>
      <symbol id="sm-4e5">
         <name>__aeabi_memset4</name>
         <value>0x1b805</value>
         <object_component_ref idref="oc-295"/>
      </symbol>
      <symbol id="sm-4e6">
         <name>__aeabi_memset8</name>
         <value>0x1b805</value>
         <object_component_ref idref="oc-295"/>
      </symbol>
      <symbol id="sm-4e7">
         <name>__aeabi_memclr</name>
         <value>0x1b83d</value>
         <object_component_ref idref="oc-89"/>
      </symbol>
      <symbol id="sm-4e8">
         <name>__aeabi_memclr4</name>
         <value>0x1b83d</value>
         <object_component_ref idref="oc-89"/>
      </symbol>
      <symbol id="sm-4e9">
         <name>__aeabi_memclr8</name>
         <value>0x1b83d</value>
         <object_component_ref idref="oc-89"/>
      </symbol>
      <symbol id="sm-4ef">
         <name>__aeabi_uidiv</name>
         <value>0x1aa45</value>
         <object_component_ref idref="oc-217"/>
      </symbol>
      <symbol id="sm-4f0">
         <name>__aeabi_uidivmod</name>
         <value>0x1aa45</value>
         <object_component_ref idref="oc-217"/>
      </symbol>
      <symbol id="sm-4f6">
         <name>__aeabi_uldivmod</name>
         <value>0x1b721</value>
         <object_component_ref idref="oc-2aa"/>
      </symbol>
      <symbol id="sm-4ff">
         <name>__eqsf2</name>
         <value>0x1ac35</value>
         <object_component_ref idref="oc-22d"/>
      </symbol>
      <symbol id="sm-500">
         <name>__lesf2</name>
         <value>0x1ac35</value>
         <object_component_ref idref="oc-22d"/>
      </symbol>
      <symbol id="sm-501">
         <name>__ltsf2</name>
         <value>0x1ac35</value>
         <object_component_ref idref="oc-22d"/>
      </symbol>
      <symbol id="sm-502">
         <name>__nesf2</name>
         <value>0x1ac35</value>
         <object_component_ref idref="oc-22d"/>
      </symbol>
      <symbol id="sm-503">
         <name>__cmpsf2</name>
         <value>0x1ac35</value>
         <object_component_ref idref="oc-22d"/>
      </symbol>
      <symbol id="sm-504">
         <name>__gtsf2</name>
         <value>0x1abbd</value>
         <object_component_ref idref="oc-232"/>
      </symbol>
      <symbol id="sm-505">
         <name>__gesf2</name>
         <value>0x1abbd</value>
         <object_component_ref idref="oc-232"/>
      </symbol>
      <symbol id="sm-50b">
         <name>__udivmoddi4</name>
         <value>0x199a9</value>
         <object_component_ref idref="oc-2c1"/>
      </symbol>
      <symbol id="sm-511">
         <name>__aeabi_llsl</name>
         <value>0x1b3d1</value>
         <object_component_ref idref="oc-2e6"/>
      </symbol>
      <symbol id="sm-512">
         <name>__ashldi3</name>
         <value>0x1b3d1</value>
         <object_component_ref idref="oc-2e6"/>
      </symbol>
      <symbol id="sm-520">
         <name>__ledf2</name>
         <value>0x1a1f9</value>
         <object_component_ref idref="oc-2d7"/>
      </symbol>
      <symbol id="sm-521">
         <name>__gedf2</name>
         <value>0x1a035</value>
         <object_component_ref idref="oc-2dd"/>
      </symbol>
      <symbol id="sm-522">
         <name>__cmpdf2</name>
         <value>0x1a1f9</value>
         <object_component_ref idref="oc-2d7"/>
      </symbol>
      <symbol id="sm-523">
         <name>__eqdf2</name>
         <value>0x1a1f9</value>
         <object_component_ref idref="oc-2d7"/>
      </symbol>
      <symbol id="sm-524">
         <name>__ltdf2</name>
         <value>0x1a1f9</value>
         <object_component_ref idref="oc-2d7"/>
      </symbol>
      <symbol id="sm-525">
         <name>__nedf2</name>
         <value>0x1a1f9</value>
         <object_component_ref idref="oc-2d7"/>
      </symbol>
      <symbol id="sm-526">
         <name>__gtdf2</name>
         <value>0x1a035</value>
         <object_component_ref idref="oc-2dd"/>
      </symbol>
      <symbol id="sm-532">
         <name>__aeabi_idiv0</name>
         <value>0x189d7</value>
         <object_component_ref idref="oc-273"/>
      </symbol>
      <symbol id="sm-533">
         <name>__aeabi_ldiv0</name>
         <value>0x198ff</value>
         <object_component_ref idref="oc-2e5"/>
      </symbol>
      <symbol id="sm-53d">
         <name>TI_memcpy_small</name>
         <value>0x1b791</value>
         <object_component_ref idref="oc-a1"/>
      </symbol>
      <symbol id="sm-546">
         <name>TI_memset_small</name>
         <value>0x1b821</value>
         <object_component_ref idref="oc-d0"/>
      </symbol>
      <symbol id="sm-547">
         <name>__TI_static_base__</name>
         <value>0x0</value>
      </symbol>
      <symbol id="sm-54b">
         <name>__mpu_init</name>
         <value>0x0</value>
      </symbol>
      <symbol id="sm-54c">
         <name>_system_post_cinit</name>
         <value>0x0</value>
      </symbol>
   </symbol_table>
   <title>Link successful</title>
</link_info>
