<?xml version="1.0" encoding="ISO-8859-1" ?>
<link_info>
   <banner>TI ARM Clang Linker PC v4.0.4.LTS</banner>
   <copyright>Copyright (c) 1996-2018 Texas Instruments Incorporated</copyright>
   <command_line>D:\software_code\ti\ccs\tools\compiler\ti-cgt-armllvm_4.0.4.LTS\bin\tiarmlnk -ID:\software_code\ti\ccs\tools\compiler\ti-cgt-armllvm_4.0.4.LTS\lib -o signal_distortion_measurement.out -msignal_distortion_measurement.map --heap_size=1024 --stack_size=1024 -iC:/ti/mspm0_sdk_2_00_01_00/source -iD:/workspace_ccs/signal_distortion_measurement -iD:/workspace_ccs/signal_distortion_measurement/Debug/syscfg -iD:/software_code/ti/ccs/tools/compiler/ti-cgt-armllvm_4.0.4.LTS/lib --diag_wrap=off --display_error_number --warn_sections --xml_link_info=signal_distortion_measurement_linkInfo.xml --rom_model ./main.o ./ti_msp_dl_config.o ./startup_mspm0g350x_ticlang.o ./USER/adc.o ./USER/calculate_thd.o ./USER/clock.o ./USER/fft.o ./USER/uart_bluteeth.o ./USER/uart_screen_display.o -l./device_linker.cmd -ldevice.cmd.genlibs -llibc.a --start-group -llibc++.a -llibc++abi.a -llibc.a -llibsys.a -llibsysbm.a -llibclang_rt.builtins.a -llibclang_rt.profile.a --end-group --cg_opt_level=0</command_line>
   <link_time>0x6969bb3e</link_time>
   <link_errors>0x0</link_errors>
   <output_file>D:\workspace_ccs\signal_distortion_measurement\Debug\signal_distortion_measurement.out</output_file>
   <entry_point>
      <name>_c_int00_noargs</name>
      <address>0x1ae75</address>
   </entry_point>
   <input_file_list>
      <input_file id="fl-1">
         <path>D:\workspace_ccs\signal_distortion_measurement\Debug\.\</path>
         <kind>object</kind>
         <file>main.o</file>
         <name>main.o</name>
      </input_file>
      <input_file id="fl-2">
         <path>D:\workspace_ccs\signal_distortion_measurement\Debug\.\</path>
         <kind>object</kind>
         <file>ti_msp_dl_config.o</file>
         <name>ti_msp_dl_config.o</name>
      </input_file>
      <input_file id="fl-3">
         <path>D:\workspace_ccs\signal_distortion_measurement\Debug\.\</path>
         <kind>object</kind>
         <file>startup_mspm0g350x_ticlang.o</file>
         <name>startup_mspm0g350x_ticlang.o</name>
      </input_file>
      <input_file id="fl-4">
         <path>D:\workspace_ccs\signal_distortion_measurement\Debug\.\USER\</path>
         <kind>object</kind>
         <file>adc.o</file>
         <name>adc.o</name>
      </input_file>
      <input_file id="fl-5">
         <path>D:\workspace_ccs\signal_distortion_measurement\Debug\.\USER\</path>
         <kind>object</kind>
         <file>calculate_thd.o</file>
         <name>calculate_thd.o</name>
      </input_file>
      <input_file id="fl-6">
         <path>D:\workspace_ccs\signal_distortion_measurement\Debug\.\USER\</path>
         <kind>object</kind>
         <file>clock.o</file>
         <name>clock.o</name>
      </input_file>
      <input_file id="fl-7">
         <path>D:\workspace_ccs\signal_distortion_measurement\Debug\.\USER\</path>
         <kind>object</kind>
         <file>fft.o</file>
         <name>fft.o</name>
      </input_file>
      <input_file id="fl-8">
         <path>D:\workspace_ccs\signal_distortion_measurement\Debug\.\USER\</path>
         <kind>object</kind>
         <file>uart_bluteeth.o</file>
         <name>uart_bluteeth.o</name>
      </input_file>
      <input_file id="fl-9">
         <path>D:\workspace_ccs\signal_distortion_measurement\Debug\.\USER\</path>
         <kind>object</kind>
         <file>uart_screen_display.o</file>
         <name>uart_screen_display.o</name>
      </input_file>
      <input_file id="fl-17">
         <path>D:\workspace_ccs\signal_distortion_measurement\Debug\</path>
         <kind>object</kind>
         <file>&lt;internal&gt;</file>
         <name>&lt;internal&gt;</name>
      </input_file>
      <input_file id="fl-18">
         <path>C:\ti\mspm0_sdk_2_00_01_00\source\third_party\CMSIS\DSP\lib\ticlang\m0p\</path>
         <kind>archive</kind>
         <file>arm_cortexM0l_math.a</file>
         <name>arm_cmplx_mag_f32.o</name>
      </input_file>
      <input_file id="fl-19">
         <path>C:\ti\mspm0_sdk_2_00_01_00\source\third_party\CMSIS\DSP\lib\ticlang\m0p\</path>
         <kind>archive</kind>
         <file>arm_cortexM0l_math.a</file>
         <name>arm_cos_f32.o</name>
      </input_file>
      <input_file id="fl-1a">
         <path>C:\ti\mspm0_sdk_2_00_01_00\source\third_party\CMSIS\DSP\lib\ticlang\m0p\</path>
         <kind>archive</kind>
         <file>arm_cortexM0l_math.a</file>
         <name>arm_sin_f32.o</name>
      </input_file>
      <input_file id="fl-1b">
         <path>C:\ti\mspm0_sdk_2_00_01_00\source\third_party\CMSIS\DSP\lib\ticlang\m0p\</path>
         <kind>archive</kind>
         <file>arm_cortexM0l_math.a</file>
         <name>arm_cfft_f32.o</name>
      </input_file>
      <input_file id="fl-1c">
         <path>C:\ti\mspm0_sdk_2_00_01_00\source\third_party\CMSIS\DSP\lib\ticlang\m0p\</path>
         <kind>archive</kind>
         <file>arm_cortexM0l_math.a</file>
         <name>arm_cfft_init_f32.o</name>
      </input_file>
      <input_file id="fl-1d">
         <path>C:\ti\mspm0_sdk_2_00_01_00\source\third_party\CMSIS\DSP\lib\ticlang\m0p\</path>
         <kind>archive</kind>
         <file>arm_cortexM0l_math.a</file>
         <name>arm_cfft_radix8_f32.o</name>
      </input_file>
      <input_file id="fl-1e">
         <path>C:\ti\mspm0_sdk_2_00_01_00\source\third_party\CMSIS\DSP\lib\ticlang\m0p\</path>
         <kind>archive</kind>
         <file>arm_cortexM0l_math.a</file>
         <name>arm_common_tables.o</name>
      </input_file>
      <input_file id="fl-1f">
         <path>C:\ti\mspm0_sdk_2_00_01_00\source\third_party\CMSIS\DSP\lib\ticlang\m0p\</path>
         <kind>archive</kind>
         <file>arm_cortexM0l_math.a</file>
         <name>arm_const_structs.o</name>
      </input_file>
      <input_file id="fl-20">
         <path>C:\ti\mspm0_sdk_2_00_01_00\source\third_party\CMSIS\DSP\lib\ticlang\m0p\</path>
         <kind>archive</kind>
         <file>arm_cortexM0l_math.a</file>
         <name>arm_bitreversal2.o</name>
      </input_file>
      <input_file id="fl-21">
         <path>C:\ti\mspm0_sdk_2_00_01_00\source\ti\driverlib\lib\ticlang\m0p\mspm0g1x0x_g3x0x\</path>
         <kind>archive</kind>
         <file>driverlib.a</file>
         <name>dl_adc12.o</name>
      </input_file>
      <input_file id="fl-22">
         <path>C:\ti\mspm0_sdk_2_00_01_00\source\ti\driverlib\lib\ticlang\m0p\mspm0g1x0x_g3x0x\</path>
         <kind>archive</kind>
         <file>driverlib.a</file>
         <name>dl_common.o</name>
      </input_file>
      <input_file id="fl-23">
         <path>C:\ti\mspm0_sdk_2_00_01_00\source\ti\driverlib\lib\ticlang\m0p\mspm0g1x0x_g3x0x\</path>
         <kind>archive</kind>
         <file>driverlib.a</file>
         <name>dl_dma.o</name>
      </input_file>
      <input_file id="fl-24">
         <path>C:\ti\mspm0_sdk_2_00_01_00\source\ti\driverlib\lib\ticlang\m0p\mspm0g1x0x_g3x0x\</path>
         <kind>archive</kind>
         <file>driverlib.a</file>
         <name>dl_timer.o</name>
      </input_file>
      <input_file id="fl-25">
         <path>C:\ti\mspm0_sdk_2_00_01_00\source\ti\driverlib\lib\ticlang\m0p\mspm0g1x0x_g3x0x\</path>
         <kind>archive</kind>
         <file>driverlib.a</file>
         <name>dl_uart.o</name>
      </input_file>
      <input_file id="fl-26">
         <path>C:\ti\mspm0_sdk_2_00_01_00\source\ti\driverlib\lib\ticlang\m0p\mspm0g1x0x_g3x0x\</path>
         <kind>archive</kind>
         <file>driverlib.a</file>
         <name>dl_sysctl_mspm0g1x0x_g3x0x.o</name>
      </input_file>
      <input_file id="fl-3d">
         <path>D:\software_code\ti\ccs\tools\compiler\ti-cgt-armllvm_4.0.4.LTS\lib\armv6m-ti-none-eabi\c\</path>
         <kind>archive</kind>
         <file>libc.a</file>
         <name>e_sqrtf.c.obj</name>
      </input_file>
      <input_file id="fl-3e">
         <path>D:\software_code\ti\ccs\tools\compiler\ti-cgt-armllvm_4.0.4.LTS\lib\armv6m-ti-none-eabi\c\</path>
         <kind>archive</kind>
         <file>libc.a</file>
         <name>s_roundf.c.obj</name>
      </input_file>
      <input_file id="fl-3f">
         <path>D:\software_code\ti\ccs\tools\compiler\ti-cgt-armllvm_4.0.4.LTS\lib\armv6m-ti-none-eabi\c\</path>
         <kind>archive</kind>
         <file>libc.a</file>
         <name>snprintf.c.obj</name>
      </input_file>
      <input_file id="fl-40">
         <path>D:\software_code\ti\ccs\tools\compiler\ti-cgt-armllvm_4.0.4.LTS\lib\armv6m-ti-none-eabi\c\</path>
         <kind>archive</kind>
         <file>libc.a</file>
         <name>aeabi_portable.c.obj</name>
      </input_file>
      <input_file id="fl-41">
         <path>D:\software_code\ti\ccs\tools\compiler\ti-cgt-armllvm_4.0.4.LTS\lib\armv6m-ti-none-eabi\c\</path>
         <kind>archive</kind>
         <file>libc.a</file>
         <name>assert.c.obj</name>
      </input_file>
      <input_file id="fl-42">
         <path>D:\software_code\ti\ccs\tools\compiler\ti-cgt-armllvm_4.0.4.LTS\lib\armv6m-ti-none-eabi\c\</path>
         <kind>archive</kind>
         <file>libc.a</file>
         <name>defs.c.obj</name>
      </input_file>
      <input_file id="fl-43">
         <path>D:\software_code\ti\ccs\tools\compiler\ti-cgt-armllvm_4.0.4.LTS\lib\armv6m-ti-none-eabi\c\</path>
         <kind>archive</kind>
         <file>libc.a</file>
         <name>memory.c.obj</name>
      </input_file>
      <input_file id="fl-44">
         <path>D:\software_code\ti\ccs\tools\compiler\ti-cgt-armllvm_4.0.4.LTS\lib\armv6m-ti-none-eabi\c\</path>
         <kind>archive</kind>
         <file>libc.a</file>
         <name>boot_cortex_m.c.obj</name>
      </input_file>
      <input_file id="fl-45">
         <path>D:\software_code\ti\ccs\tools\compiler\ti-cgt-armllvm_4.0.4.LTS\lib\armv6m-ti-none-eabi\c\</path>
         <kind>archive</kind>
         <file>libc.a</file>
         <name>mathacl_init.c.obj</name>
      </input_file>
      <input_file id="fl-46">
         <path>D:\software_code\ti\ccs\tools\compiler\ti-cgt-armllvm_4.0.4.LTS\lib\armv6m-ti-none-eabi\c\</path>
         <kind>archive</kind>
         <file>libc.a</file>
         <name>autoinit.c.obj</name>
      </input_file>
      <input_file id="fl-47">
         <path>D:\software_code\ti\ccs\tools\compiler\ti-cgt-armllvm_4.0.4.LTS\lib\armv6m-ti-none-eabi\c\</path>
         <kind>archive</kind>
         <file>libc.a</file>
         <name>pre_init.c.obj</name>
      </input_file>
      <input_file id="fl-48">
         <path>D:\software_code\ti\ccs\tools\compiler\ti-cgt-armllvm_4.0.4.LTS\lib\armv6m-ti-none-eabi\c\</path>
         <kind>archive</kind>
         <file>libc.a</file>
         <name>cpy_tbl.c.obj</name>
      </input_file>
      <input_file id="fl-49">
         <path>D:\software_code\ti\ccs\tools\compiler\ti-cgt-armllvm_4.0.4.LTS\lib\armv6m-ti-none-eabi\c\</path>
         <kind>archive</kind>
         <file>libc.a</file>
         <name>copy_zero_init.c.obj</name>
      </input_file>
      <input_file id="fl-4a">
         <path>D:\software_code\ti\ccs\tools\compiler\ti-cgt-armllvm_4.0.4.LTS\lib\armv6m-ti-none-eabi\c\</path>
         <kind>archive</kind>
         <file>libc.a</file>
         <name>copy_decompress_none.c.obj</name>
      </input_file>
      <input_file id="fl-4b">
         <path>D:\software_code\ti\ccs\tools\compiler\ti-cgt-armllvm_4.0.4.LTS\lib\armv6m-ti-none-eabi\c\</path>
         <kind>archive</kind>
         <file>libc.a</file>
         <name>copy_decompress_lzss.c.obj</name>
      </input_file>
      <input_file id="fl-4c">
         <path>D:\software_code\ti\ccs\tools\compiler\ti-cgt-armllvm_4.0.4.LTS\lib\armv6m-ti-none-eabi\c\</path>
         <kind>archive</kind>
         <file>libc.a</file>
         <name>s_floorf.c.obj</name>
      </input_file>
      <input_file id="fl-4d">
         <path>D:\software_code\ti\ccs\tools\compiler\ti-cgt-armllvm_4.0.4.LTS\lib\armv6m-ti-none-eabi\c\</path>
         <kind>archive</kind>
         <file>libc.a</file>
         <name>_printfi.c.obj</name>
      </input_file>
      <input_file id="fl-4e">
         <path>D:\software_code\ti\ccs\tools\compiler\ti-cgt-armllvm_4.0.4.LTS\lib\armv6m-ti-none-eabi\c\</path>
         <kind>archive</kind>
         <file>libc.a</file>
         <name>sprintf.c.obj</name>
      </input_file>
      <input_file id="fl-4f">
         <path>D:\software_code\ti\ccs\tools\compiler\ti-cgt-armllvm_4.0.4.LTS\lib\armv6m-ti-none-eabi\c\</path>
         <kind>archive</kind>
         <file>libc.a</file>
         <name>fflush.c.obj</name>
      </input_file>
      <input_file id="fl-50">
         <path>D:\software_code\ti\ccs\tools\compiler\ti-cgt-armllvm_4.0.4.LTS\lib\armv6m-ti-none-eabi\c\</path>
         <kind>archive</kind>
         <file>libc.a</file>
         <name>fputs.c.obj</name>
      </input_file>
      <input_file id="fl-51">
         <path>D:\software_code\ti\ccs\tools\compiler\ti-cgt-armllvm_4.0.4.LTS\lib\armv6m-ti-none-eabi\c\</path>
         <kind>archive</kind>
         <file>libc.a</file>
         <name>_io_perm.c.obj</name>
      </input_file>
      <input_file id="fl-52">
         <path>D:\software_code\ti\ccs\tools\compiler\ti-cgt-armllvm_4.0.4.LTS\lib\armv6m-ti-none-eabi\c\</path>
         <kind>archive</kind>
         <file>libc.a</file>
         <name>setvbuf.c.obj</name>
      </input_file>
      <input_file id="fl-53">
         <path>D:\software_code\ti\ccs\tools\compiler\ti-cgt-armllvm_4.0.4.LTS\lib\armv6m-ti-none-eabi\c\</path>
         <kind>archive</kind>
         <file>libc.a</file>
         <name>exit.c.obj</name>
      </input_file>
      <input_file id="fl-54">
         <path>D:\software_code\ti\ccs\tools\compiler\ti-cgt-armllvm_4.0.4.LTS\lib\armv6m-ti-none-eabi\c\</path>
         <kind>archive</kind>
         <file>libc.a</file>
         <name>_lock.c.obj</name>
      </input_file>
      <input_file id="fl-55">
         <path>D:\software_code\ti\ccs\tools\compiler\ti-cgt-armllvm_4.0.4.LTS\lib\armv6m-ti-none-eabi\c\</path>
         <kind>archive</kind>
         <file>libc.a</file>
         <name>_ltoa.c.obj</name>
      </input_file>
      <input_file id="fl-56">
         <path>D:\software_code\ti\ccs\tools\compiler\ti-cgt-armllvm_4.0.4.LTS\lib\armv6m-ti-none-eabi\c\</path>
         <kind>archive</kind>
         <file>libc.a</file>
         <name>args_main.c.obj</name>
      </input_file>
      <input_file id="fl-57">
         <path>D:\software_code\ti\ccs\tools\compiler\ti-cgt-armllvm_4.0.4.LTS\lib\armv6m-ti-none-eabi\c\</path>
         <kind>archive</kind>
         <file>libc.a</file>
         <name>atoi.c.obj</name>
      </input_file>
      <input_file id="fl-58">
         <path>D:\software_code\ti\ccs\tools\compiler\ti-cgt-armllvm_4.0.4.LTS\lib\armv6m-ti-none-eabi\c\</path>
         <kind>archive</kind>
         <file>libc.a</file>
         <name>memccpy.c.obj</name>
      </input_file>
      <input_file id="fl-59">
         <path>D:\software_code\ti\ccs\tools\compiler\ti-cgt-armllvm_4.0.4.LTS\lib\armv6m-ti-none-eabi\c\</path>
         <kind>archive</kind>
         <file>libc.a</file>
         <name>s_frexp.c.obj</name>
      </input_file>
      <input_file id="fl-5a">
         <path>D:\software_code\ti\ccs\tools\compiler\ti-cgt-armllvm_4.0.4.LTS\lib\armv6m-ti-none-eabi\c\</path>
         <kind>archive</kind>
         <file>libc.a</file>
         <name>s_scalbn.c.obj</name>
      </input_file>
      <input_file id="fl-5b">
         <path>D:\software_code\ti\ccs\tools\compiler\ti-cgt-armllvm_4.0.4.LTS\lib\armv6m-ti-none-eabi\c\</path>
         <kind>archive</kind>
         <file>libc.a</file>
         <name>wcslen.c.obj</name>
      </input_file>
      <input_file id="fl-5c">
         <path>D:\software_code\ti\ccs\tools\compiler\ti-cgt-armllvm_4.0.4.LTS\lib\armv6m-ti-none-eabi\c\</path>
         <kind>archive</kind>
         <file>libc.a</file>
         <name>fopen.c.obj</name>
      </input_file>
      <input_file id="fl-5d">
         <path>D:\software_code\ti\ccs\tools\compiler\ti-cgt-armllvm_4.0.4.LTS\lib\armv6m-ti-none-eabi\c\</path>
         <kind>archive</kind>
         <file>libc.a</file>
         <name>fseek.c.obj</name>
      </input_file>
      <input_file id="fl-5e">
         <path>D:\software_code\ti\ccs\tools\compiler\ti-cgt-armllvm_4.0.4.LTS\lib\armv6m-ti-none-eabi\c\</path>
         <kind>archive</kind>
         <file>libc.a</file>
         <name>aeabi_ctype.S.obj</name>
      </input_file>
      <input_file id="fl-5f">
         <path>D:\software_code\ti\ccs\tools\compiler\ti-cgt-armllvm_4.0.4.LTS\lib\armv6m-ti-none-eabi\c\</path>
         <kind>archive</kind>
         <file>libc.a</file>
         <name>fclose.c.obj</name>
      </input_file>
      <input_file id="fl-ff">
         <path>D:\software_code\ti\ccs\tools\compiler\ti-cgt-armllvm_4.0.4.LTS\lib\armv6m-ti-none-eabi\c\</path>
         <kind>archive</kind>
         <file>libsysbm.a</file>
         <name>hostexit.c.obj</name>
      </input_file>
      <input_file id="fl-100">
         <path>D:\software_code\ti\ccs\tools\compiler\ti-cgt-armllvm_4.0.4.LTS\lib\armv6m-ti-none-eabi\c\</path>
         <kind>archive</kind>
         <file>libsysbm.a</file>
         <name>write.c.obj</name>
      </input_file>
      <input_file id="fl-101">
         <path>D:\software_code\ti\ccs\tools\compiler\ti-cgt-armllvm_4.0.4.LTS\lib\armv6m-ti-none-eabi\c\</path>
         <kind>archive</kind>
         <file>libsysbm.a</file>
         <name>host_device.c.obj</name>
      </input_file>
      <input_file id="fl-102">
         <path>D:\software_code\ti\ccs\tools\compiler\ti-cgt-armllvm_4.0.4.LTS\lib\armv6m-ti-none-eabi\c\</path>
         <kind>archive</kind>
         <file>libsysbm.a</file>
         <name>remove.c.obj</name>
      </input_file>
      <input_file id="fl-103">
         <path>D:\software_code\ti\ccs\tools\compiler\ti-cgt-armllvm_4.0.4.LTS\lib\armv6m-ti-none-eabi\c\</path>
         <kind>archive</kind>
         <file>libsysbm.a</file>
         <name>open.c.obj</name>
      </input_file>
      <input_file id="fl-104">
         <path>D:\software_code\ti\ccs\tools\compiler\ti-cgt-armllvm_4.0.4.LTS\lib\armv6m-ti-none-eabi\c\</path>
         <kind>archive</kind>
         <file>libsysbm.a</file>
         <name>lseek.c.obj</name>
      </input_file>
      <input_file id="fl-105">
         <path>D:\software_code\ti\ccs\tools\compiler\ti-cgt-armllvm_4.0.4.LTS\lib\armv6m-ti-none-eabi\c\</path>
         <kind>archive</kind>
         <file>libsysbm.a</file>
         <name>close.c.obj</name>
      </input_file>
      <input_file id="fl-106">
         <path>D:\software_code\ti\ccs\tools\compiler\ti-cgt-armllvm_4.0.4.LTS\lib\armv6m-ti-none-eabi\c\</path>
         <kind>archive</kind>
         <file>libsysbm.a</file>
         <name>unlink.c.obj</name>
      </input_file>
      <input_file id="fl-107">
         <path>D:\software_code\ti\ccs\tools\compiler\ti-cgt-armllvm_4.0.4.LTS\lib\armv6m-ti-none-eabi\c\</path>
         <kind>archive</kind>
         <file>libsysbm.a</file>
         <name>hostclose.c.obj</name>
      </input_file>
      <input_file id="fl-108">
         <path>D:\software_code\ti\ccs\tools\compiler\ti-cgt-armllvm_4.0.4.LTS\lib\armv6m-ti-none-eabi\c\</path>
         <kind>archive</kind>
         <file>libsysbm.a</file>
         <name>hostlseek.c.obj</name>
      </input_file>
      <input_file id="fl-109">
         <path>D:\software_code\ti\ccs\tools\compiler\ti-cgt-armllvm_4.0.4.LTS\lib\armv6m-ti-none-eabi\c\</path>
         <kind>archive</kind>
         <file>libsysbm.a</file>
         <name>hostopen.c.obj</name>
      </input_file>
      <input_file id="fl-10a">
         <path>D:\software_code\ti\ccs\tools\compiler\ti-cgt-armllvm_4.0.4.LTS\lib\armv6m-ti-none-eabi\c\</path>
         <kind>archive</kind>
         <file>libsysbm.a</file>
         <name>hostread.c.obj</name>
      </input_file>
      <input_file id="fl-10b">
         <path>D:\software_code\ti\ccs\tools\compiler\ti-cgt-armllvm_4.0.4.LTS\lib\armv6m-ti-none-eabi\c\</path>
         <kind>archive</kind>
         <file>libsysbm.a</file>
         <name>hostrename.c.obj</name>
      </input_file>
      <input_file id="fl-10c">
         <path>D:\software_code\ti\ccs\tools\compiler\ti-cgt-armllvm_4.0.4.LTS\lib\armv6m-ti-none-eabi\c\</path>
         <kind>archive</kind>
         <file>libsysbm.a</file>
         <name>hostunlink.c.obj</name>
      </input_file>
      <input_file id="fl-10d">
         <path>D:\software_code\ti\ccs\tools\compiler\ti-cgt-armllvm_4.0.4.LTS\lib\armv6m-ti-none-eabi\c\</path>
         <kind>archive</kind>
         <file>libsysbm.a</file>
         <name>hostwrite.c.obj</name>
      </input_file>
      <input_file id="fl-10e">
         <path>D:\software_code\ti\ccs\tools\compiler\ti-cgt-armllvm_4.0.4.LTS\lib\armv6m-ti-none-eabi\c\</path>
         <kind>archive</kind>
         <file>libsysbm.a</file>
         <name>trgmsg.c.obj</name>
      </input_file>
      <input_file id="fl-10f">
         <path>D:\software_code\ti\ccs\tools\compiler\ti-cgt-armllvm_4.0.4.LTS\lib\armv6m-ti-none-eabi\</path>
         <kind>archive</kind>
         <file>libclang_rt.builtins.a</file>
         <name>addsf3.S.obj</name>
      </input_file>
      <input_file id="fl-110">
         <path>D:\software_code\ti\ccs\tools\compiler\ti-cgt-armllvm_4.0.4.LTS\lib\armv6m-ti-none-eabi\</path>
         <kind>archive</kind>
         <file>libclang_rt.builtins.a</file>
         <name>adddf3.S.obj</name>
      </input_file>
      <input_file id="fl-111">
         <path>D:\software_code\ti\ccs\tools\compiler\ti-cgt-armllvm_4.0.4.LTS\lib\armv6m-ti-none-eabi\</path>
         <kind>archive</kind>
         <file>libclang_rt.builtins.a</file>
         <name>muldf3.S.obj</name>
      </input_file>
      <input_file id="fl-112">
         <path>D:\software_code\ti\ccs\tools\compiler\ti-cgt-armllvm_4.0.4.LTS\lib\armv6m-ti-none-eabi\</path>
         <kind>archive</kind>
         <file>libclang_rt.builtins.a</file>
         <name>muldsi3.S.obj</name>
      </input_file>
      <input_file id="fl-113">
         <path>D:\software_code\ti\ccs\tools\compiler\ti-cgt-armllvm_4.0.4.LTS\lib\armv6m-ti-none-eabi\</path>
         <kind>archive</kind>
         <file>libclang_rt.builtins.a</file>
         <name>mulsf3.S.obj</name>
      </input_file>
      <input_file id="fl-114">
         <path>D:\software_code\ti\ccs\tools\compiler\ti-cgt-armllvm_4.0.4.LTS\lib\armv6m-ti-none-eabi\</path>
         <kind>archive</kind>
         <file>libclang_rt.builtins.a</file>
         <name>divsf3.S.obj</name>
      </input_file>
      <input_file id="fl-115">
         <path>D:\software_code\ti\ccs\tools\compiler\ti-cgt-armllvm_4.0.4.LTS\lib\armv6m-ti-none-eabi\</path>
         <kind>archive</kind>
         <file>libclang_rt.builtins.a</file>
         <name>divdf3.S.obj</name>
      </input_file>
      <input_file id="fl-116">
         <path>D:\software_code\ti\ccs\tools\compiler\ti-cgt-armllvm_4.0.4.LTS\lib\armv6m-ti-none-eabi\</path>
         <kind>archive</kind>
         <file>libclang_rt.builtins.a</file>
         <name>extendsfdf2.S.obj</name>
      </input_file>
      <input_file id="fl-117">
         <path>D:\software_code\ti\ccs\tools\compiler\ti-cgt-armllvm_4.0.4.LTS\lib\armv6m-ti-none-eabi\</path>
         <kind>archive</kind>
         <file>libclang_rt.builtins.a</file>
         <name>fixdfsi.S.obj</name>
      </input_file>
      <input_file id="fl-118">
         <path>D:\software_code\ti\ccs\tools\compiler\ti-cgt-armllvm_4.0.4.LTS\lib\armv6m-ti-none-eabi\</path>
         <kind>archive</kind>
         <file>libclang_rt.builtins.a</file>
         <name>fixsfsi.S.obj</name>
      </input_file>
      <input_file id="fl-119">
         <path>D:\software_code\ti\ccs\tools\compiler\ti-cgt-armllvm_4.0.4.LTS\lib\armv6m-ti-none-eabi\</path>
         <kind>archive</kind>
         <file>libclang_rt.builtins.a</file>
         <name>fixunssfsi.S.obj</name>
      </input_file>
      <input_file id="fl-11a">
         <path>D:\software_code\ti\ccs\tools\compiler\ti-cgt-armllvm_4.0.4.LTS\lib\armv6m-ti-none-eabi\</path>
         <kind>archive</kind>
         <file>libclang_rt.builtins.a</file>
         <name>floatsidf.S.obj</name>
      </input_file>
      <input_file id="fl-11b">
         <path>D:\software_code\ti\ccs\tools\compiler\ti-cgt-armllvm_4.0.4.LTS\lib\armv6m-ti-none-eabi\</path>
         <kind>archive</kind>
         <file>libclang_rt.builtins.a</file>
         <name>floatsisf.S.obj</name>
      </input_file>
      <input_file id="fl-11c">
         <path>D:\software_code\ti\ccs\tools\compiler\ti-cgt-armllvm_4.0.4.LTS\lib\armv6m-ti-none-eabi\</path>
         <kind>archive</kind>
         <file>libclang_rt.builtins.a</file>
         <name>floatunsisf.S.obj</name>
      </input_file>
      <input_file id="fl-11d">
         <path>D:\software_code\ti\ccs\tools\compiler\ti-cgt-armllvm_4.0.4.LTS\lib\armv6m-ti-none-eabi\</path>
         <kind>archive</kind>
         <file>libclang_rt.builtins.a</file>
         <name>muldi3.S.obj</name>
      </input_file>
      <input_file id="fl-11e">
         <path>D:\software_code\ti\ccs\tools\compiler\ti-cgt-armllvm_4.0.4.LTS\lib\armv6m-ti-none-eabi\</path>
         <kind>archive</kind>
         <file>libclang_rt.builtins.a</file>
         <name>truncdfsf2.S.obj</name>
      </input_file>
      <input_file id="fl-11f">
         <path>D:\software_code\ti\ccs\tools\compiler\ti-cgt-armllvm_4.0.4.LTS\lib\armv6m-ti-none-eabi\</path>
         <kind>archive</kind>
         <file>libclang_rt.builtins.a</file>
         <name>aeabi_dcmp.S.obj</name>
      </input_file>
      <input_file id="fl-120">
         <path>D:\software_code\ti\ccs\tools\compiler\ti-cgt-armllvm_4.0.4.LTS\lib\armv6m-ti-none-eabi\</path>
         <kind>archive</kind>
         <file>libclang_rt.builtins.a</file>
         <name>aeabi_fcmp.S.obj</name>
      </input_file>
      <input_file id="fl-121">
         <path>D:\software_code\ti\ccs\tools\compiler\ti-cgt-armllvm_4.0.4.LTS\lib\armv6m-ti-none-eabi\</path>
         <kind>archive</kind>
         <file>libclang_rt.builtins.a</file>
         <name>aeabi_idivmod.S.obj</name>
      </input_file>
      <input_file id="fl-122">
         <path>D:\software_code\ti\ccs\tools\compiler\ti-cgt-armllvm_4.0.4.LTS\lib\armv6m-ti-none-eabi\</path>
         <kind>archive</kind>
         <file>libclang_rt.builtins.a</file>
         <name>aeabi_memcpy.S.obj</name>
      </input_file>
      <input_file id="fl-123">
         <path>D:\software_code\ti\ccs\tools\compiler\ti-cgt-armllvm_4.0.4.LTS\lib\armv6m-ti-none-eabi\</path>
         <kind>archive</kind>
         <file>libclang_rt.builtins.a</file>
         <name>aeabi_memset.S.obj</name>
      </input_file>
      <input_file id="fl-124">
         <path>D:\software_code\ti\ccs\tools\compiler\ti-cgt-armllvm_4.0.4.LTS\lib\armv6m-ti-none-eabi\</path>
         <kind>archive</kind>
         <file>libclang_rt.builtins.a</file>
         <name>aeabi_uidivmod.S.obj</name>
      </input_file>
      <input_file id="fl-125">
         <path>D:\software_code\ti\ccs\tools\compiler\ti-cgt-armllvm_4.0.4.LTS\lib\armv6m-ti-none-eabi\</path>
         <kind>archive</kind>
         <file>libclang_rt.builtins.a</file>
         <name>aeabi_uldivmod.S.obj</name>
      </input_file>
      <input_file id="fl-126">
         <path>D:\software_code\ti\ccs\tools\compiler\ti-cgt-armllvm_4.0.4.LTS\lib\armv6m-ti-none-eabi\</path>
         <kind>archive</kind>
         <file>libclang_rt.builtins.a</file>
         <name>comparesf2.S.obj</name>
      </input_file>
      <input_file id="fl-127">
         <path>D:\software_code\ti\ccs\tools\compiler\ti-cgt-armllvm_4.0.4.LTS\lib\armv6m-ti-none-eabi\</path>
         <kind>archive</kind>
         <file>libclang_rt.builtins.a</file>
         <name>udivmoddi4.S.obj</name>
      </input_file>
      <input_file id="fl-128">
         <path>D:\software_code\ti\ccs\tools\compiler\ti-cgt-armllvm_4.0.4.LTS\lib\armv6m-ti-none-eabi\</path>
         <kind>archive</kind>
         <file>libclang_rt.builtins.a</file>
         <name>ashldi3.S.obj</name>
      </input_file>
      <input_file id="fl-129">
         <path>D:\software_code\ti\ccs\tools\compiler\ti-cgt-armllvm_4.0.4.LTS\lib\armv6m-ti-none-eabi\</path>
         <kind>archive</kind>
         <file>libclang_rt.builtins.a</file>
         <name>comparedf2.c.obj</name>
      </input_file>
      <input_file id="fl-12a">
         <path>D:\software_code\ti\ccs\tools\compiler\ti-cgt-armllvm_4.0.4.LTS\lib\armv6m-ti-none-eabi\</path>
         <kind>archive</kind>
         <file>libclang_rt.builtins.a</file>
         <name>aeabi_div0.c.obj</name>
      </input_file>
      <input_file id="fl-12b">
         <path>D:\software_code\ti\ccs\tools\compiler\ti-cgt-armllvm_4.0.4.LTS\lib\armv6m-ti-none-eabi\c\</path>
         <kind>archive</kind>
         <file>libc.a</file>
         <name>getdevice.c.obj</name>
      </input_file>
      <input_file id="fl-12c">
         <path>D:\software_code\ti\ccs\tools\compiler\ti-cgt-armllvm_4.0.4.LTS\lib\armv6m-ti-none-eabi\c\</path>
         <kind>archive</kind>
         <file>libc.a</file>
         <name>memcpy16.S.obj</name>
      </input_file>
      <input_file id="fl-12d">
         <path>D:\software_code\ti\ccs\tools\compiler\ti-cgt-armllvm_4.0.4.LTS\lib\armv6m-ti-none-eabi\c\</path>
         <kind>archive</kind>
         <file>libc.a</file>
         <name>memset16.S.obj</name>
      </input_file>
      <input_file id="fl-12e">
         <path>D:\software_code\ti\ccs\tools\compiler\ti-cgt-armllvm_4.0.4.LTS\lib\armv6m-ti-none-eabi\c\</path>
         <kind>archive</kind>
         <file>libc.a</file>
         <name>strcmp-armv6m.S.obj</name>
      </input_file>
   </input_file_list>
   <object_component_list>
      <object_component id="oc-18">
         <name>.intvecs</name>
         <load_address>0x0</load_address>
         <readonly>true</readonly>
         <run_address>0x0</run_address>
         <size>0xc0</size>
         <alignment>0x4</alignment>
         <input_file_ref idref="fl-3"/>
      </object_component>
      <object_component id="oc-278">
         <name>.text:__TI_printfi</name>
         <load_address>0x15fa0</load_address>
         <readonly>true</readonly>
         <executable>true</executable>
         <run_address>0x15fa0</run_address>
         <size>0x9d0</size>
         <alignment>0x4</alignment>
         <input_file_ref idref="fl-4d"/>
      </object_component>
      <object_component id="oc-20e">
         <name>.text.arm_radix8_butterfly_f32</name>
         <load_address>0x16970</load_address>
         <readonly>true</readonly>
         <executable>true</executable>
         <run_address>0x16970</run_address>
         <size>0x8fc</size>
         <alignment>0x4</alignment>
         <input_file_ref idref="fl-1d"/>
      </object_component>
      <object_component id="oc-20c">
         <name>.text.arm_cfft_radix8by4_f32</name>
         <load_address>0x1726c</load_address>
         <readonly>true</readonly>
         <executable>true</executable>
         <run_address>0x1726c</run_address>
         <size>0x774</size>
         <alignment>0x2</alignment>
         <input_file_ref idref="fl-1b"/>
      </object_component>
      <object_component id="oc-20d">
         <name>.text.arm_cfft_radix8by2_f32</name>
         <load_address>0x179e0</load_address>
         <readonly>true</readonly>
         <executable>true</executable>
         <run_address>0x179e0</run_address>
         <size>0x2b0</size>
         <alignment>0x2</alignment>
         <input_file_ref idref="fl-1b"/>
      </object_component>
      <object_component id="oc-f5">
         <name>.text.find_peak_info</name>
         <load_address>0x17c90</load_address>
         <readonly>true</readonly>
         <executable>true</executable>
         <run_address>0x17c90</run_address>
         <size>0x290</size>
         <alignment>0x4</alignment>
         <input_file_ref idref="fl-5"/>
      </object_component>
      <object_component id="oc-293">
         <name>.text._pconv_a</name>
         <load_address>0x17f20</load_address>
         <readonly>true</readonly>
         <executable>true</executable>
         <run_address>0x17f20</run_address>
         <size>0x220</size>
         <alignment>0x4</alignment>
         <input_file_ref idref="fl-4d"/>
      </object_component>
      <object_component id="oc-298">
         <name>.text._pconv_g</name>
         <load_address>0x18140</load_address>
         <readonly>true</readonly>
         <executable>true</executable>
         <run_address>0x18140</run_address>
         <size>0x1dc</size>
         <alignment>0x4</alignment>
         <input_file_ref idref="fl-4d"/>
      </object_component>
      <object_component id="oc-18d">
         <name>.text.arm_cfft_f32</name>
         <load_address>0x1831c</load_address>
         <readonly>true</readonly>
         <executable>true</executable>
         <run_address>0x1831c</run_address>
         <size>0x1c8</size>
         <alignment>0x4</alignment>
         <input_file_ref idref="fl-1b"/>
      </object_component>
      <object_component id="oc-f0">
         <name>.text.fft_calculate</name>
         <load_address>0x184e4</load_address>
         <readonly>true</readonly>
         <executable>true</executable>
         <run_address>0x184e4</run_address>
         <size>0x1b0</size>
         <alignment>0x4</alignment>
         <input_file_ref idref="fl-7"/>
      </object_component>
      <object_component id="oc-193">
         <name>.text.arm_cmplx_mag_f32</name>
         <load_address>0x18694</load_address>
         <readonly>true</readonly>
         <executable>true</executable>
         <run_address>0x18694</run_address>
         <size>0x1a0</size>
         <alignment>0x4</alignment>
         <input_file_ref idref="fl-18"/>
      </object_component>
      <object_component id="oc-2cc">
         <name>.text.adddf3_subdf3</name>
         <load_address>0x18834</load_address>
         <readonly>true</readonly>
         <executable>true</executable>
         <run_address>0x18834</run_address>
         <size>0x192</size>
         <alignment>0x4</alignment>
         <input_file_ref idref="fl-110"/>
      </object_component>
      <object_component id="oc-1e9">
         <name>.text.__aeabi_idiv0</name>
         <load_address>0x189c6</load_address>
         <readonly>true</readonly>
         <executable>true</executable>
         <run_address>0x189c6</run_address>
         <size>0x2</size>
         <alignment>0x2</alignment>
         <input_file_ref idref="fl-12a"/>
      </object_component>
      <object_component id="oc-2d0">
         <name>.text.fcvt</name>
         <load_address>0x189c8</load_address>
         <readonly>true</readonly>
         <executable>true</executable>
         <run_address>0x189c8</run_address>
         <size>0x13c</size>
         <alignment>0x4</alignment>
         <input_file_ref idref="fl-4d"/>
      </object_component>
      <object_component id="oc-212">
         <name>.text.arm_bitreversal_32</name>
         <load_address>0x18b04</load_address>
         <readonly>true</readonly>
         <executable>true</executable>
         <run_address>0x18b04</run_address>
         <size>0x134</size>
         <alignment>0x2</alignment>
         <input_file_ref idref="fl-20"/>
      </object_component>
      <object_component id="oc-29a">
         <name>.text._pconv_e</name>
         <load_address>0x18c38</load_address>
         <readonly>true</readonly>
         <executable>true</executable>
         <run_address>0x18c38</run_address>
         <size>0x120</size>
         <alignment>0x4</alignment>
         <input_file_ref idref="fl-4d"/>
      </object_component>
      <object_component id="oc-17d">
         <name>.text.__divdf3</name>
         <load_address>0x18d58</load_address>
         <readonly>true</readonly>
         <executable>true</executable>
         <run_address>0x18d58</run_address>
         <size>0x10c</size>
         <alignment>0x4</alignment>
         <input_file_ref idref="fl-115"/>
      </object_component>
      <object_component id="oc-132">
         <name>.text.DL_Timer_initTimerMode</name>
         <load_address>0x18e64</load_address>
         <readonly>true</readonly>
         <executable>true</executable>
         <run_address>0x18e64</run_address>
         <size>0xe8</size>
         <alignment>0x4</alignment>
         <input_file_ref idref="fl-24"/>
      </object_component>
      <object_component id="oc-179">
         <name>.text.__muldf3</name>
         <load_address>0x18f4c</load_address>
         <readonly>true</readonly>
         <executable>true</executable>
         <run_address>0x18f4c</run_address>
         <size>0xe4</size>
         <alignment>0x4</alignment>
         <input_file_ref idref="fl-111"/>
      </object_component>
      <object_component id="oc-123">
         <name>.text.DL_SYSCTL_configSYSPLL</name>
         <load_address>0x19030</load_address>
         <readonly>true</readonly>
         <executable>true</executable>
         <run_address>0x19030</run_address>
         <size>0xdc</size>
         <alignment>0x4</alignment>
         <input_file_ref idref="fl-26"/>
      </object_component>
      <object_component id="oc-fb">
         <name>.text.calculate_thd</name>
         <load_address>0x1910c</load_address>
         <readonly>true</readonly>
         <executable>true</executable>
         <run_address>0x1910c</run_address>
         <size>0xdc</size>
         <alignment>0x4</alignment>
         <input_file_ref idref="fl-5"/>
      </object_component>
      <object_component id="oc-2af">
         <name>.text.scalbn</name>
         <load_address>0x191e8</load_address>
         <readonly>true</readonly>
         <executable>true</executable>
         <run_address>0x191e8</run_address>
         <size>0xd8</size>
         <alignment>0x4</alignment>
         <input_file_ref idref="fl-5a"/>
      </object_component>
      <object_component id="oc-16c">
         <name>.text</name>
         <load_address>0x192c0</load_address>
         <readonly>true</readonly>
         <executable>true</executable>
         <run_address>0x192c0</run_address>
         <size>0xd8</size>
         <alignment>0x4</alignment>
         <input_file_ref idref="fl-10f"/>
      </object_component>
      <object_component id="oc-fc">
         <name>.text.uart_send_display_data</name>
         <load_address>0x19398</load_address>
         <readonly>true</readonly>
         <executable>true</executable>
         <run_address>0x19398</run_address>
         <size>0xc4</size>
         <alignment>0x4</alignment>
         <input_file_ref idref="fl-9"/>
      </object_component>
      <object_component id="oc-189">
         <name>.text.arm_cfft_init_f32</name>
         <load_address>0x1945c</load_address>
         <readonly>true</readonly>
         <executable>true</executable>
         <run_address>0x1945c</run_address>
         <size>0xb0</size>
         <alignment>0x4</alignment>
         <input_file_ref idref="fl-1c"/>
      </object_component>
      <object_component id="oc-1f2">
         <name>.text.arm_cos_f32</name>
         <load_address>0x1950c</load_address>
         <readonly>true</readonly>
         <executable>true</executable>
         <run_address>0x1950c</run_address>
         <size>0xb0</size>
         <alignment>0x4</alignment>
         <input_file_ref idref="fl-19"/>
      </object_component>
      <object_component id="oc-1a3">
         <name>.text.arm_sin_f32</name>
         <load_address>0x195bc</load_address>
         <readonly>true</readonly>
         <executable>true</executable>
         <run_address>0x195bc</run_address>
         <size>0xa8</size>
         <alignment>0x4</alignment>
         <input_file_ref idref="fl-1a"/>
      </object_component>
      <object_component id="oc-b3">
         <name>.text.process_once</name>
         <load_address>0x19664</load_address>
         <readonly>true</readonly>
         <executable>true</executable>
         <run_address>0x19664</run_address>
         <size>0xa4</size>
         <alignment>0x4</alignment>
         <input_file_ref idref="fl-1"/>
      </object_component>
      <object_component id="oc-2a6">
         <name>.text</name>
         <load_address>0x19708</load_address>
         <readonly>true</readonly>
         <executable>true</executable>
         <run_address>0x19708</run_address>
         <size>0xa2</size>
         <alignment>0x4</alignment>
         <input_file_ref idref="fl-127"/>
      </object_component>
      <object_component id="oc-2d2">
         <name>.text.__aeabi_ldiv0</name>
         <load_address>0x197aa</load_address>
         <readonly>true</readonly>
         <executable>true</executable>
         <run_address>0x197aa</run_address>
         <size>0x2</size>
         <alignment>0x2</alignment>
         <input_file_ref idref="fl-12a"/>
      </object_component>
      <object_component id="oc-1ba">
         <name>.text.sqrtf</name>
         <load_address>0x197ac</load_address>
         <readonly>true</readonly>
         <executable>true</executable>
         <run_address>0x197ac</run_address>
         <size>0xa0</size>
         <alignment>0x4</alignment>
         <input_file_ref idref="fl-3d"/>
      </object_component>
      <object_component id="oc-19e">
         <name>.text.get_peak_offset_correction_factor</name>
         <load_address>0x1984c</load_address>
         <readonly>true</readonly>
         <executable>true</executable>
         <run_address>0x1984c</run_address>
         <size>0x9c</size>
         <alignment>0x4</alignment>
         <input_file_ref idref="fl-5"/>
      </object_component>
      <object_component id="oc-fa">
         <name>.text.calculate_optimal_sampling_rate</name>
         <load_address>0x198e8</load_address>
         <readonly>true</readonly>
         <executable>true</executable>
         <run_address>0x198e8</run_address>
         <size>0x94</size>
         <alignment>0x4</alignment>
         <input_file_ref idref="fl-4"/>
      </object_component>
      <object_component id="oc-dc">
         <name>.text.SYSCFG_DL_ADC12_0_init</name>
         <load_address>0x1997c</load_address>
         <readonly>true</readonly>
         <executable>true</executable>
         <run_address>0x1997c</run_address>
         <size>0x90</size>
         <alignment>0x4</alignment>
         <input_file_ref idref="fl-2"/>
      </object_component>
      <object_component id="oc-185">
         <name>.text.__mulsf3</name>
         <load_address>0x19a0c</load_address>
         <readonly>true</readonly>
         <executable>true</executable>
         <run_address>0x19a0c</run_address>
         <size>0x8c</size>
         <alignment>0x4</alignment>
         <input_file_ref idref="fl-113"/>
      </object_component>
      <object_component id="oc-22c">
         <name>.text.floorf</name>
         <load_address>0x19a98</load_address>
         <readonly>true</readonly>
         <executable>true</executable>
         <run_address>0x19a98</run_address>
         <size>0x8c</size>
         <alignment>0x4</alignment>
         <input_file_ref idref="fl-4c"/>
      </object_component>
      <object_component id="oc-1e8">
         <name>.text.__NVIC_SetPriority</name>
         <load_address>0x19b24</load_address>
         <readonly>true</readonly>
         <executable>true</executable>
         <run_address>0x19b24</run_address>
         <size>0x84</size>
         <alignment>0x4</alignment>
         <input_file_ref idref="fl-2"/>
      </object_component>
      <object_component id="oc-170">
         <name>.text.__divsf3</name>
         <load_address>0x19ba8</load_address>
         <readonly>true</readonly>
         <executable>true</executable>
         <run_address>0x19ba8</run_address>
         <size>0x82</size>
         <alignment>0x4</alignment>
         <input_file_ref idref="fl-114"/>
      </object_component>
      <object_component id="oc-1c">
         <name>.text:decompress:lzss</name>
         <load_address>0x19c2c</load_address>
         <readonly>true</readonly>
         <executable>true</executable>
         <run_address>0x19c2c</run_address>
         <size>0x7c</size>
         <alignment>0x4</alignment>
         <input_file_ref idref="fl-4b"/>
      </object_component>
      <object_component id="oc-d6">
         <name>.text.SYSCFG_DL_initPower</name>
         <load_address>0x19ca8</load_address>
         <readonly>true</readonly>
         <executable>true</executable>
         <run_address>0x19ca8</run_address>
         <size>0x78</size>
         <alignment>0x4</alignment>
         <input_file_ref idref="fl-2"/>
      </object_component>
      <object_component id="oc-45">
         <name>.text.UART0_IRQHandler</name>
         <load_address>0x19d20</load_address>
         <readonly>true</readonly>
         <executable>true</executable>
         <run_address>0x19d20</run_address>
         <size>0x74</size>
         <alignment>0x4</alignment>
         <input_file_ref idref="fl-9"/>
      </object_component>
      <object_component id="oc-2ca">
         <name>.text.__gedf2</name>
         <load_address>0x19d94</load_address>
         <readonly>true</readonly>
         <executable>true</executable>
         <run_address>0x19d94</run_address>
         <size>0x74</size>
         <alignment>0x4</alignment>
         <input_file_ref idref="fl-129"/>
      </object_component>
      <object_component id="oc-234">
         <name>.text.__aeabi_errno_addr</name>
         <load_address>0x19e08</load_address>
         <readonly>true</readonly>
         <executable>true</executable>
         <run_address>0x19e08</run_address>
         <size>0x8</size>
         <alignment>0x4</alignment>
         <input_file_ref idref="fl-40"/>
      </object_component>
      <object_component id="oc-181">
         <name>.text.__truncdfsf2</name>
         <load_address>0x19e10</load_address>
         <readonly>true</readonly>
         <executable>true</executable>
         <run_address>0x19e10</run_address>
         <size>0x74</size>
         <alignment>0x10</alignment>
         <input_file_ref idref="fl-11e"/>
      </object_component>
      <object_component id="oc-174">
         <name>.text.Hanningwindow</name>
         <load_address>0x19e84</load_address>
         <readonly>true</readonly>
         <executable>true</executable>
         <run_address>0x19e84</run_address>
         <size>0x6c</size>
         <alignment>0x4</alignment>
         <input_file_ref idref="fl-7"/>
      </object_component>
      <object_component id="oc-da">
         <name>.text.SYSCFG_DL_UART_BLUTEETH_init</name>
         <load_address>0x19ef0</load_address>
         <readonly>true</readonly>
         <executable>true</executable>
         <run_address>0x19ef0</run_address>
         <size>0x68</size>
         <alignment>0x4</alignment>
         <input_file_ref idref="fl-2"/>
      </object_component>
      <object_component id="oc-2c4">
         <name>.text.__ledf2</name>
         <load_address>0x19f58</load_address>
         <readonly>true</readonly>
         <executable>true</executable>
         <run_address>0x19f58</run_address>
         <size>0x68</size>
         <alignment>0x4</alignment>
         <input_file_ref idref="fl-129"/>
      </object_component>
      <object_component id="oc-1b0">
         <name>.text.roundf</name>
         <load_address>0x19fc0</load_address>
         <readonly>true</readonly>
         <executable>true</executable>
         <run_address>0x19fc0</run_address>
         <size>0x68</size>
         <alignment>0x2</alignment>
         <input_file_ref idref="fl-3e"/>
      </object_component>
      <object_component id="oc-2c3">
         <name>.text._mcpy</name>
         <load_address>0x1a028</load_address>
         <readonly>true</readonly>
         <executable>true</executable>
         <run_address>0x1a028</run_address>
         <size>0x66</size>
         <alignment>0x2</alignment>
         <input_file_ref idref="fl-4d"/>
      </object_component>
      <object_component id="oc-294">
         <name>.text.__aeabi_dcmp</name>
         <load_address>0x1a090</load_address>
         <readonly>true</readonly>
         <executable>true</executable>
         <run_address>0x1a090</run_address>
         <size>0x62</size>
         <alignment>0x4</alignment>
         <input_file_ref idref="fl-11f"/>
      </object_component>
      <object_component id="oc-19a">
         <name>.text.__aeabi_fcmp</name>
         <load_address>0x1a0f4</load_address>
         <readonly>true</readonly>
         <executable>true</executable>
         <run_address>0x1a0f4</run_address>
         <size>0x62</size>
         <alignment>0x4</alignment>
         <input_file_ref idref="fl-120"/>
      </object_component>
      <object_component id="oc-2ab">
         <name>.text.frexp</name>
         <load_address>0x1a158</load_address>
         <readonly>true</readonly>
         <executable>true</executable>
         <run_address>0x1a158</run_address>
         <size>0x5c</size>
         <alignment>0x4</alignment>
         <input_file_ref idref="fl-59"/>
      </object_component>
      <object_component id="oc-2b7">
         <name>.text.__TI_ltoa</name>
         <load_address>0x1a1b4</load_address>
         <readonly>true</readonly>
         <executable>true</executable>
         <run_address>0x1a1b4</run_address>
         <size>0x58</size>
         <alignment>0x2</alignment>
         <input_file_ref idref="fl-55"/>
      </object_component>
      <object_component id="oc-299">
         <name>.text._pconv_f</name>
         <load_address>0x1a20c</load_address>
         <readonly>true</readonly>
         <executable>true</executable>
         <run_address>0x1a20c</run_address>
         <size>0x58</size>
         <alignment>0x2</alignment>
         <input_file_ref idref="fl-4d"/>
      </object_component>
      <object_component id="oc-2df">
         <name>.text.__aeabi_idivmod</name>
         <load_address>0x1a264</load_address>
         <readonly>true</readonly>
         <executable>true</executable>
         <run_address>0x1a264</run_address>
         <size>0x56</size>
         <alignment>0x4</alignment>
         <input_file_ref idref="fl-121"/>
      </object_component>
      <object_component id="oc-2c1">
         <name>.text._ecpy</name>
         <load_address>0x1a2ba</load_address>
         <readonly>true</readonly>
         <executable>true</executable>
         <run_address>0x1a2ba</run_address>
         <size>0x52</size>
         <alignment>0x2</alignment>
         <input_file_ref idref="fl-4d"/>
      </object_component>
      <object_component id="oc-15f">
         <name>.text.SysTick_Config</name>
         <load_address>0x1a30c</load_address>
         <readonly>true</readonly>
         <executable>true</executable>
         <run_address>0x1a30c</run_address>
         <size>0x50</size>
         <alignment>0x4</alignment>
         <input_file_ref idref="fl-2"/>
      </object_component>
      <object_component id="oc-7f">
         <name>.text.button_cmd</name>
         <load_address>0x1a35c</load_address>
         <readonly>true</readonly>
         <executable>true</executable>
         <run_address>0x1a35c</run_address>
         <size>0x50</size>
         <alignment>0x4</alignment>
         <input_file_ref idref="fl-9"/>
      </object_component>
      <object_component id="oc-151">
         <name>.text.DL_ADC12_initSingleSample</name>
         <load_address>0x1a3ac</load_address>
         <readonly>true</readonly>
         <executable>true</executable>
         <run_address>0x1a3ac</run_address>
         <size>0x4c</size>
         <alignment>0x4</alignment>
         <input_file_ref idref="fl-2"/>
      </object_component>
      <object_component id="oc-1e2">
         <name>.text.DL_DMA_initChannel</name>
         <load_address>0x1a3f8</load_address>
         <readonly>true</readonly>
         <executable>true</executable>
         <run_address>0x1a3f8</run_address>
         <size>0x4c</size>
         <alignment>0x4</alignment>
         <input_file_ref idref="fl-23"/>
      </object_component>
      <object_component id="oc-140">
         <name>.text.DL_UART_setBaudRateDivisor</name>
         <load_address>0x1a444</load_address>
         <readonly>true</readonly>
         <executable>true</executable>
         <run_address>0x1a444</run_address>
         <size>0x4c</size>
         <alignment>0x4</alignment>
         <input_file_ref idref="fl-2"/>
      </object_component>
      <object_component id="oc-1c0">
         <name>.text.snprintf</name>
         <load_address>0x1a490</load_address>
         <readonly>true</readonly>
         <executable>true</executable>
         <run_address>0x1a490</run_address>
         <size>0x4c</size>
         <alignment>0x4</alignment>
         <input_file_ref idref="fl-3f"/>
      </object_component>
      <object_component id="oc-152">
         <name>.text.DL_ADC12_configConversionMem</name>
         <load_address>0x1a4dc</load_address>
         <readonly>true</readonly>
         <executable>true</executable>
         <run_address>0x1a4dc</run_address>
         <size>0x4a</size>
         <alignment>0x2</alignment>
         <input_file_ref idref="fl-2"/>
      </object_component>
      <object_component id="oc-2b3">
         <name>.text.__fixdfsi</name>
         <load_address>0x1a528</load_address>
         <readonly>true</readonly>
         <executable>true</executable>
         <run_address>0x1a528</run_address>
         <size>0x4a</size>
         <alignment>0x4</alignment>
         <input_file_ref idref="fl-117"/>
      </object_component>
      <object_component id="oc-13e">
         <name>.text.DL_UART_init</name>
         <load_address>0x1a574</load_address>
         <readonly>true</readonly>
         <executable>true</executable>
         <run_address>0x1a574</run_address>
         <size>0x48</size>
         <alignment>0x4</alignment>
         <input_file_ref idref="fl-25"/>
      </object_component>
      <object_component id="oc-db">
         <name>.text.SYSCFG_DL_UART_SCREEN_DISPLAY_init</name>
         <load_address>0x1a5bc</load_address>
         <readonly>true</readonly>
         <executable>true</executable>
         <run_address>0x1a5bc</run_address>
         <size>0x48</size>
         <alignment>0x4</alignment>
         <input_file_ref idref="fl-2"/>
      </object_component>
      <object_component id="oc-12a">
         <name>.text.DL_SYSCTL_switchMCLKfromSYSOSCtoHSCLK</name>
         <load_address>0x1a604</load_address>
         <readonly>true</readonly>
         <executable>true</executable>
         <run_address>0x1a604</run_address>
         <size>0x44</size>
         <alignment>0x4</alignment>
         <input_file_ref idref="fl-26"/>
      </object_component>
      <object_component id="oc-d9">
         <name>.text.SYSCFG_DL_TIMER_0_init</name>
         <load_address>0x1a648</load_address>
         <readonly>true</readonly>
         <executable>true</executable>
         <run_address>0x1a648</run_address>
         <size>0x44</size>
         <alignment>0x4</alignment>
         <input_file_ref idref="fl-2"/>
      </object_component>
      <object_component id="oc-1c6">
         <name>.text.uart_send_string</name>
         <load_address>0x1a68c</load_address>
         <readonly>true</readonly>
         <executable>true</executable>
         <run_address>0x1a68c</run_address>
         <size>0x44</size>
         <alignment>0x4</alignment>
         <input_file_ref idref="fl-9"/>
      </object_component>
      <object_component id="oc-14b">
         <name>.text.DL_ADC12_setClockConfig</name>
         <load_address>0x1a6d0</load_address>
         <readonly>true</readonly>
         <executable>true</executable>
         <run_address>0x1a6d0</run_address>
         <size>0x40</size>
         <alignment>0x4</alignment>
         <input_file_ref idref="fl-21"/>
      </object_component>
      <object_component id="oc-163">
         <name>.text.__aeabi_uidivmod</name>
         <load_address>0x1a710</load_address>
         <readonly>true</readonly>
         <executable>true</executable>
         <run_address>0x1a710</run_address>
         <size>0x40</size>
         <alignment>0x4</alignment>
         <input_file_ref idref="fl-124"/>
      </object_component>
      <object_component id="oc-175">
         <name>.text.__extendsfdf2</name>
         <load_address>0x1a750</load_address>
         <readonly>true</readonly>
         <executable>true</executable>
         <run_address>0x1a750</run_address>
         <size>0x40</size>
         <alignment>0x4</alignment>
         <input_file_ref idref="fl-116"/>
      </object_component>
      <object_component id="oc-b0">
         <name>.text.adc_init</name>
         <load_address>0x1a790</load_address>
         <readonly>true</readonly>
         <executable>true</executable>
         <run_address>0x1a790</run_address>
         <size>0x40</size>
         <alignment>0x4</alignment>
         <input_file_ref idref="fl-4"/>
      </object_component>
      <object_component id="oc-282">
         <name>.text.atoi</name>
         <load_address>0x1a7d0</load_address>
         <readonly>true</readonly>
         <executable>true</executable>
         <run_address>0x1a7d0</run_address>
         <size>0x40</size>
         <alignment>0x4</alignment>
         <input_file_ref idref="fl-57"/>
      </object_component>
      <object_component id="oc-d8">
         <name>.text.SYSCFG_DL_SYSCTL_init</name>
         <load_address>0x1a810</load_address>
         <readonly>true</readonly>
         <executable>true</executable>
         <run_address>0x1a810</run_address>
         <size>0x3c</size>
         <alignment>0x4</alignment>
         <input_file_ref idref="fl-2"/>
      </object_component>
      <object_component id="oc-168">
         <name>.text.__floatsisf</name>
         <load_address>0x1a84c</load_address>
         <readonly>true</readonly>
         <executable>true</executable>
         <run_address>0x1a84c</run_address>
         <size>0x3c</size>
         <alignment>0x4</alignment>
         <input_file_ref idref="fl-11b"/>
      </object_component>
      <object_component id="oc-223">
         <name>.text.__gtsf2</name>
         <load_address>0x1a888</load_address>
         <readonly>true</readonly>
         <executable>true</executable>
         <run_address>0x1a888</run_address>
         <size>0x3c</size>
         <alignment>0x4</alignment>
         <input_file_ref idref="fl-126"/>
      </object_component>
      <object_component id="oc-bd">
         <name>.text:__TI_auto_init_nobinit_nopinit</name>
         <load_address>0x1a8c4</load_address>
         <readonly>true</readonly>
         <executable>true</executable>
         <run_address>0x1a8c4</run_address>
         <size>0x3c</size>
         <alignment>0x4</alignment>
         <input_file_ref idref="fl-46"/>
      </object_component>
      <object_component id="oc-21e">
         <name>.text.__eqsf2</name>
         <load_address>0x1a900</load_address>
         <readonly>true</readonly>
         <executable>true</executable>
         <run_address>0x1a900</run_address>
         <size>0x3a</size>
         <alignment>0x4</alignment>
         <input_file_ref idref="fl-126"/>
      </object_component>
      <object_component id="oc-1f7">
         <name>.text.__muldsi3</name>
         <load_address>0x1a93c</load_address>
         <readonly>true</readonly>
         <executable>true</executable>
         <run_address>0x1a93c</run_address>
         <size>0x3a</size>
         <alignment>0x4</alignment>
         <input_file_ref idref="fl-112"/>
      </object_component>
      <object_component id="oc-135">
         <name>.text.DL_Timer_setPublisherChanID</name>
         <load_address>0x1a978</load_address>
         <readonly>true</readonly>
         <executable>true</executable>
         <run_address>0x1a978</run_address>
         <size>0x38</size>
         <alignment>0x4</alignment>
         <input_file_ref idref="fl-2"/>
      </object_component>
      <object_component id="oc-1b6">
         <name>.text.__fixsfsi</name>
         <load_address>0x1a9b0</load_address>
         <readonly>true</readonly>
         <executable>true</executable>
         <run_address>0x1a9b0</run_address>
         <size>0x38</size>
         <alignment>0x4</alignment>
         <input_file_ref idref="fl-118"/>
      </object_component>
      <object_component id="oc-ed">
         <name>.text.clear_sampling_data</name>
         <load_address>0x1a9e8</load_address>
         <readonly>true</readonly>
         <executable>true</executable>
         <run_address>0x1a9e8</run_address>
         <size>0x38</size>
         <alignment>0x4</alignment>
         <input_file_ref idref="fl-1"/>
      </object_component>
      <object_component id="oc-92">
         <name>.text.main</name>
         <load_address>0x1aa20</load_address>
         <readonly>true</readonly>
         <executable>true</executable>
         <run_address>0x1aa20</run_address>
         <size>0x38</size>
         <alignment>0x4</alignment>
         <input_file_ref idref="fl-1"/>
      </object_component>
      <object_component id="oc-ab">
         <name>.text.SYSCFG_DL_init</name>
         <load_address>0x1aa58</load_address>
         <readonly>true</readonly>
         <executable>true</executable>
         <run_address>0x1aa58</run_address>
         <size>0x34</size>
         <alignment>0x4</alignment>
         <input_file_ref idref="fl-2"/>
      </object_component>
      <object_component id="oc-1ac">
         <name>.text.__fixunssfsi</name>
         <load_address>0x1aa8c</load_address>
         <readonly>true</readonly>
         <executable>true</executable>
         <run_address>0x1aa8c</run_address>
         <size>0x32</size>
         <alignment>0x4</alignment>
         <input_file_ref idref="fl-119"/>
      </object_component>
      <object_component id="oc-1e1">
         <name>.text.DL_DMA_setTransferSize</name>
         <load_address>0x1aac0</load_address>
         <readonly>true</readonly>
         <executable>true</executable>
         <run_address>0x1aac0</run_address>
         <size>0x30</size>
         <alignment>0x4</alignment>
         <input_file_ref idref="fl-2"/>
      </object_component>
      <object_component id="oc-2c2">
         <name>.text._fcpy</name>
         <load_address>0x1aaf0</load_address>
         <readonly>true</readonly>
         <executable>true</executable>
         <run_address>0x1aaf0</run_address>
         <size>0x30</size>
         <alignment>0x2</alignment>
         <input_file_ref idref="fl-4d"/>
      </object_component>
      <object_component id="oc-23d">
         <name>.text._outs</name>
         <load_address>0x1ab20</load_address>
         <readonly>true</readonly>
         <executable>true</executable>
         <run_address>0x1ab20</run_address>
         <size>0x30</size>
         <alignment>0x2</alignment>
         <input_file_ref idref="fl-3f"/>
      </object_component>
      <object_component id="oc-160">
         <name>.text.clear_peaks_data</name>
         <load_address>0x1ab50</load_address>
         <readonly>true</readonly>
         <executable>true</executable>
         <run_address>0x1ab50</run_address>
         <size>0x30</size>
         <alignment>0x4</alignment>
         <input_file_ref idref="fl-5"/>
      </object_component>
      <object_component id="oc-3b">
         <name>.text.ADC0_IRQHandler</name>
         <load_address>0x1ab80</load_address>
         <readonly>true</readonly>
         <executable>true</executable>
         <run_address>0x1ab80</run_address>
         <size>0x2c</size>
         <alignment>0x4</alignment>
         <input_file_ref idref="fl-4"/>
      </object_component>
      <object_component id="oc-156">
         <name>.text.DL_ADC12_setDMASamplesCnt</name>
         <load_address>0x1abac</load_address>
         <readonly>true</readonly>
         <executable>true</executable>
         <run_address>0x1abac</run_address>
         <size>0x2c</size>
         <alignment>0x4</alignment>
         <input_file_ref idref="fl-2"/>
      </object_component>
      <object_component id="oc-ea">
         <name>.text.__NVIC_ClearPendingIRQ</name>
         <load_address>0x1abd8</load_address>
         <readonly>true</readonly>
         <executable>true</executable>
         <run_address>0x1abd8</run_address>
         <size>0x2c</size>
         <alignment>0x4</alignment>
         <input_file_ref idref="fl-8"/>
      </object_component>
      <object_component id="oc-e8">
         <name>.text.__NVIC_ClearPendingIRQ</name>
         <load_address>0x1ac04</load_address>
         <readonly>true</readonly>
         <executable>true</executable>
         <run_address>0x1ac04</run_address>
         <size>0x2c</size>
         <alignment>0x4</alignment>
         <input_file_ref idref="fl-9"/>
      </object_component>
      <object_component id="oc-e2">
         <name>.text.__NVIC_EnableIRQ</name>
         <load_address>0x1ac30</load_address>
         <readonly>true</readonly>
         <executable>true</executable>
         <run_address>0x1ac30</run_address>
         <size>0x2c</size>
         <alignment>0x4</alignment>
         <input_file_ref idref="fl-4"/>
      </object_component>
      <object_component id="oc-eb">
         <name>.text.__NVIC_EnableIRQ</name>
         <load_address>0x1ac5c</load_address>
         <readonly>true</readonly>
         <executable>true</executable>
         <run_address>0x1ac5c</run_address>
         <size>0x2c</size>
         <alignment>0x4</alignment>
         <input_file_ref idref="fl-8"/>
      </object_component>
      <object_component id="oc-e9">
         <name>.text.__NVIC_EnableIRQ</name>
         <load_address>0x1ac88</load_address>
         <readonly>true</readonly>
         <executable>true</executable>
         <run_address>0x1ac88</run_address>
         <size>0x2c</size>
         <alignment>0x4</alignment>
         <input_file_ref idref="fl-9"/>
      </object_component>
      <object_component id="oc-2bb">
         <name>.text.__floatsidf</name>
         <load_address>0x1acb4</load_address>
         <readonly>true</readonly>
         <executable>true</executable>
         <run_address>0x1acb4</run_address>
         <size>0x2c</size>
         <alignment>0x4</alignment>
         <input_file_ref idref="fl-11a"/>
      </object_component>
      <object_component id="oc-d7">
         <name>.text.SYSCFG_DL_GPIO_init</name>
         <load_address>0x1ace0</load_address>
         <readonly>true</readonly>
         <executable>true</executable>
         <run_address>0x1ace0</run_address>
         <size>0x2a</size>
         <alignment>0x2</alignment>
         <input_file_ref idref="fl-2"/>
      </object_component>
      <object_component id="oc-1d8">
         <name>.text.DL_Common_updateReg</name>
         <load_address>0x1ad0a</load_address>
         <readonly>true</readonly>
         <executable>true</executable>
         <run_address>0x1ad0a</run_address>
         <size>0x28</size>
         <alignment>0x2</alignment>
         <input_file_ref idref="fl-2"/>
      </object_component>
      <object_component id="oc-e5">
         <name>.text.DL_DMA_setDestAddr</name>
         <load_address>0x1ad34</load_address>
         <readonly>true</readonly>
         <executable>true</executable>
         <run_address>0x1ad34</run_address>
         <size>0x28</size>
         <alignment>0x4</alignment>
         <input_file_ref idref="fl-4"/>
      </object_component>
      <object_component id="oc-e4">
         <name>.text.DL_DMA_setSrcAddr</name>
         <load_address>0x1ad5c</load_address>
         <readonly>true</readonly>
         <executable>true</executable>
         <run_address>0x1ad5c</run_address>
         <size>0x28</size>
         <alignment>0x4</alignment>
         <input_file_ref idref="fl-4"/>
      </object_component>
      <object_component id="oc-134">
         <name>.text.DL_Timer_enableEvent</name>
         <load_address>0x1ad84</load_address>
         <readonly>true</readonly>
         <executable>true</executable>
         <run_address>0x1ad84</run_address>
         <size>0x28</size>
         <alignment>0x4</alignment>
         <input_file_ref idref="fl-2"/>
      </object_component>
      <object_component id="oc-144">
         <name>.text.DL_UART_setRXFIFOThreshold</name>
         <load_address>0x1adac</load_address>
         <readonly>true</readonly>
         <executable>true</executable>
         <run_address>0x1adac</run_address>
         <size>0x28</size>
         <alignment>0x4</alignment>
         <input_file_ref idref="fl-2"/>
      </object_component>
      <object_component id="oc-145">
         <name>.text.DL_UART_setTXFIFOThreshold</name>
         <load_address>0x1add4</load_address>
         <readonly>true</readonly>
         <executable>true</executable>
         <run_address>0x1add4</run_address>
         <size>0x28</size>
         <alignment>0x4</alignment>
         <input_file_ref idref="fl-2"/>
      </object_component>
      <object_component id="oc-15d">
         <name>.text.SYSCFG_DL_DMA_CH0_init</name>
         <load_address>0x1adfc</load_address>
         <readonly>true</readonly>
         <executable>true</executable>
         <run_address>0x1adfc</run_address>
         <size>0x28</size>
         <alignment>0x4</alignment>
         <input_file_ref idref="fl-2"/>
      </object_component>
      <object_component id="oc-40">
         <name>.text.UART1_IRQHandler</name>
         <load_address>0x1ae24</load_address>
         <readonly>true</readonly>
         <executable>true</executable>
         <run_address>0x1ae24</run_address>
         <size>0x28</size>
         <alignment>0x4</alignment>
         <input_file_ref idref="fl-8"/>
      </object_component>
      <object_component id="oc-19f">
         <name>.text.__floatunsisf</name>
         <load_address>0x1ae4c</load_address>
         <readonly>true</readonly>
         <executable>true</executable>
         <run_address>0x1ae4c</run_address>
         <size>0x28</size>
         <alignment>0x4</alignment>
         <input_file_ref idref="fl-11c"/>
      </object_component>
      <object_component id="oc-65">
         <name>.text:_c_int00_noargs</name>
         <load_address>0x1ae74</load_address>
         <readonly>true</readonly>
         <executable>true</executable>
         <run_address>0x1ae74</run_address>
         <size>0x28</size>
         <alignment>0x4</alignment>
         <input_file_ref idref="fl-44"/>
      </object_component>
      <object_component id="oc-e6">
         <name>.text.DL_DMA_enableChannel</name>
         <load_address>0x1ae9c</load_address>
         <readonly>true</readonly>
         <executable>true</executable>
         <run_address>0x1ae9c</run_address>
         <size>0x26</size>
         <alignment>0x2</alignment>
         <input_file_ref idref="fl-4"/>
      </object_component>
      <object_component id="oc-e3">
         <name>.text.DL_ADC12_getMemResultAddress</name>
         <load_address>0x1aec4</load_address>
         <readonly>true</readonly>
         <executable>true</executable>
         <run_address>0x1aec4</run_address>
         <size>0x24</size>
         <alignment>0x4</alignment>
         <input_file_ref idref="fl-4"/>
      </object_component>
      <object_component id="oc-28a">
         <name>.text.__muldi3</name>
         <load_address>0x1aee8</load_address>
         <readonly>true</readonly>
         <executable>true</executable>
         <run_address>0x1aee8</run_address>
         <size>0x24</size>
         <alignment>0x4</alignment>
         <input_file_ref idref="fl-11d"/>
      </object_component>
      <object_component id="oc-ee">
         <name>.text.set_sample_freq</name>
         <load_address>0x1af0c</load_address>
         <readonly>true</readonly>
         <executable>true</executable>
         <run_address>0x1af0c</run_address>
         <size>0x24</size>
         <alignment>0x4</alignment>
         <input_file_ref idref="fl-4"/>
      </object_component>
      <object_component id="oc-27b">
         <name>.text.memccpy</name>
         <load_address>0x1af30</load_address>
         <readonly>true</readonly>
         <executable>true</executable>
         <run_address>0x1af30</run_address>
         <size>0x22</size>
         <alignment>0x2</alignment>
         <input_file_ref idref="fl-58"/>
      </object_component>
      <object_component id="oc-11d">
         <name>.text.DL_GPIO_initPeripheralInputFunction</name>
         <load_address>0x1af54</load_address>
         <readonly>true</readonly>
         <executable>true</executable>
         <run_address>0x1af54</run_address>
         <size>0x20</size>
         <alignment>0x4</alignment>
         <input_file_ref idref="fl-2"/>
      </object_component>
      <object_component id="oc-11f">
         <name>.text.DL_SYSCTL_setFlashWaitState</name>
         <load_address>0x1af74</load_address>
         <readonly>true</readonly>
         <executable>true</executable>
         <run_address>0x1af74</run_address>
         <size>0x20</size>
         <alignment>0x4</alignment>
         <input_file_ref idref="fl-2"/>
      </object_component>
      <object_component id="oc-241">
         <name>.text.DL_UART_transmitDataBlocking</name>
         <load_address>0x1af94</load_address>
         <readonly>true</readonly>
         <executable>true</executable>
         <run_address>0x1af94</run_address>
         <size>0x20</size>
         <alignment>0x4</alignment>
         <input_file_ref idref="fl-25"/>
      </object_component>
      <object_component id="oc-153">
         <name>.text.DL_ADC12_setPowerDownMode</name>
         <load_address>0x1afb4</load_address>
         <readonly>true</readonly>
         <executable>true</executable>
         <run_address>0x1afb4</run_address>
         <size>0x1e</size>
         <alignment>0x2</alignment>
         <input_file_ref idref="fl-2"/>
      </object_component>
      <object_component id="oc-13f">
         <name>.text.DL_UART_setOversampling</name>
         <load_address>0x1afd2</load_address>
         <readonly>true</readonly>
         <executable>true</executable>
         <run_address>0x1afd2</run_address>
         <size>0x1e</size>
         <alignment>0x2</alignment>
         <input_file_ref idref="fl-2"/>
      </object_component>
      <object_component id="oc-2d3">
         <name>.text.__ashldi3</name>
         <load_address>0x1aff0</load_address>
         <readonly>true</readonly>
         <executable>true</executable>
         <run_address>0x1aff0</run_address>
         <size>0x1e</size>
         <alignment>0x4</alignment>
         <input_file_ref idref="fl-128"/>
      </object_component>
      <object_component id="oc-159">
         <name>.text.DL_ADC12_clearInterruptStatus</name>
         <load_address>0x1b010</load_address>
         <readonly>true</readonly>
         <executable>true</executable>
         <run_address>0x1b010</run_address>
         <size>0x1c</size>
         <alignment>0x4</alignment>
         <input_file_ref idref="fl-2"/>
      </object_component>
      <object_component id="oc-155">
         <name>.text.DL_ADC12_enableDMA</name>
         <load_address>0x1b02c</load_address>
         <readonly>true</readonly>
         <executable>true</executable>
         <run_address>0x1b02c</run_address>
         <size>0x1c</size>
         <alignment>0x4</alignment>
         <input_file_ref idref="fl-2"/>
      </object_component>
      <object_component id="oc-157">
         <name>.text.DL_ADC12_enableDMATrigger</name>
         <load_address>0x1b048</load_address>
         <readonly>true</readonly>
         <executable>true</executable>
         <run_address>0x1b048</run_address>
         <size>0x1c</size>
         <alignment>0x4</alignment>
         <input_file_ref idref="fl-2"/>
      </object_component>
      <object_component id="oc-15a">
         <name>.text.DL_ADC12_enableInterrupt</name>
         <load_address>0x1b064</load_address>
         <readonly>true</readonly>
         <executable>true</executable>
         <run_address>0x1b064</run_address>
         <size>0x1c</size>
         <alignment>0x4</alignment>
         <input_file_ref idref="fl-2"/>
      </object_component>
      <object_component id="oc-11c">
         <name>.text.DL_GPIO_initPeripheralOutputFunction</name>
         <load_address>0x1b080</load_address>
         <readonly>true</readonly>
         <executable>true</executable>
         <run_address>0x1b080</run_address>
         <size>0x1c</size>
         <alignment>0x4</alignment>
         <input_file_ref idref="fl-2"/>
      </object_component>
      <object_component id="oc-120">
         <name>.text.DL_SYSCTL_setSYSOSCFreq</name>
         <load_address>0x1b09c</load_address>
         <readonly>true</readonly>
         <executable>true</executable>
         <run_address>0x1b09c</run_address>
         <size>0x1c</size>
         <alignment>0x4</alignment>
         <input_file_ref idref="fl-2"/>
      </object_component>
      <object_component id="oc-129">
         <name>.text.DL_SYSCTL_setULPCLKDivider</name>
         <load_address>0x1b0b8</load_address>
         <readonly>true</readonly>
         <executable>true</executable>
         <run_address>0x1b0b8</run_address>
         <size>0x1c</size>
         <alignment>0x4</alignment>
         <input_file_ref idref="fl-2"/>
      </object_component>
      <object_component id="oc-12c">
         <name>.text.DL_Timer_setClockConfig</name>
         <load_address>0x1b0d4</load_address>
         <readonly>true</readonly>
         <executable>true</executable>
         <run_address>0x1b0d4</run_address>
         <size>0x1c</size>
         <alignment>0x4</alignment>
         <input_file_ref idref="fl-24"/>
      </object_component>
      <object_component id="oc-141">
         <name>.text.DL_UART_enableInterrupt</name>
         <load_address>0x1b0f0</load_address>
         <readonly>true</readonly>
         <executable>true</executable>
         <run_address>0x1b0f0</run_address>
         <size>0x1c</size>
         <alignment>0x4</alignment>
         <input_file_ref idref="fl-2"/>
      </object_component>
      <object_component id="oc-158">
         <name>.text.DL_ADC12_setSubscriberChanID</name>
         <load_address>0x1b10c</load_address>
         <readonly>true</readonly>
         <executable>true</executable>
         <run_address>0x1b10c</run_address>
         <size>0x1a</size>
         <alignment>0x2</alignment>
         <input_file_ref idref="fl-2"/>
      </object_component>
      <object_component id="oc-117">
         <name>.text.DL_ADC12_enablePower</name>
         <load_address>0x1b128</load_address>
         <readonly>true</readonly>
         <executable>true</executable>
         <run_address>0x1b128</run_address>
         <size>0x18</size>
         <alignment>0x4</alignment>
         <input_file_ref idref="fl-2"/>
      </object_component>
      <object_component id="oc-113">
         <name>.text.DL_ADC12_reset</name>
         <load_address>0x1b140</load_address>
         <readonly>true</readonly>
         <executable>true</executable>
         <run_address>0x1b140</run_address>
         <size>0x18</size>
         <alignment>0x4</alignment>
         <input_file_ref idref="fl-2"/>
      </object_component>
      <object_component id="oc-154">
         <name>.text.DL_ADC12_setSampleTime0</name>
         <load_address>0x1b158</load_address>
         <readonly>true</readonly>
         <executable>true</executable>
         <run_address>0x1b158</run_address>
         <size>0x18</size>
         <alignment>0x4</alignment>
         <input_file_ref idref="fl-2"/>
      </object_component>
      <object_component id="oc-114">
         <name>.text.DL_GPIO_enablePower</name>
         <load_address>0x1b170</load_address>
         <readonly>true</readonly>
         <executable>true</executable>
         <run_address>0x1b170</run_address>
         <size>0x18</size>
         <alignment>0x4</alignment>
[...]
         <value>0x15ef0</value>
         <object_component_ref idref="oc-207"/>
      </symbol>
      <symbol id="sm-284">
         <name>arm_cfft_sR_f32_len2048</name>
         <value>0x15f20</value>
         <object_component_ref idref="oc-208"/>
      </symbol>
      <symbol id="sm-285">
         <name>arm_cfft_sR_f32_len4096</name>
         <value>0x15f50</value>
         <object_component_ref idref="oc-1ff"/>
      </symbol>
      <symbol id="sm-28f">
         <name>arm_bitreversal_32</name>
         <value>0x18b05</value>
         <object_component_ref idref="oc-212"/>
      </symbol>
      <symbol id="sm-29a">
         <name>DL_ADC12_setClockConfig</name>
         <value>0x1a6d1</value>
         <object_component_ref idref="oc-14b"/>
      </symbol>
      <symbol id="sm-2a3">
         <name>DL_Common_delayCycles</name>
         <value>0x1b489</value>
         <object_component_ref idref="oc-118"/>
      </symbol>
      <symbol id="sm-2ad">
         <name>DL_DMA_initChannel</name>
         <value>0x1a3f9</value>
         <object_component_ref idref="oc-1e2"/>
      </symbol>
      <symbol id="sm-2bd">
         <name>DL_Timer_setClockConfig</name>
         <value>0x1b0d5</value>
         <object_component_ref idref="oc-12c"/>
      </symbol>
      <symbol id="sm-2be">
         <name>DL_Timer_initTimerMode</name>
         <value>0x18e65</value>
         <object_component_ref idref="oc-132"/>
      </symbol>
      <symbol id="sm-2ce">
         <name>DL_UART_init</name>
         <value>0x1a575</value>
         <object_component_ref idref="oc-13e"/>
      </symbol>
      <symbol id="sm-2cf">
         <name>DL_UART_setClockConfig</name>
         <value>0x1b3b3</value>
         <object_component_ref idref="oc-138"/>
      </symbol>
      <symbol id="sm-2d0">
         <name>DL_UART_transmitDataBlocking</name>
         <value>0x1af95</value>
         <object_component_ref idref="oc-241"/>
      </symbol>
      <symbol id="sm-2de">
         <name>DL_SYSCTL_configSYSPLL</name>
         <value>0x19031</value>
         <object_component_ref idref="oc-123"/>
      </symbol>
      <symbol id="sm-2df">
         <name>DL_SYSCTL_switchMCLKfromSYSOSCtoHSCLK</name>
         <value>0x1a605</value>
         <object_component_ref idref="oc-12a"/>
      </symbol>
      <symbol id="sm-2e9">
         <name>sqrtf</name>
         <value>0x197ad</value>
         <object_component_ref idref="oc-1ba"/>
      </symbol>
      <symbol id="sm-2f6">
         <name>roundf</name>
         <value>0x19fc1</value>
         <object_component_ref idref="oc-1b0"/>
      </symbol>
      <symbol id="sm-307">
         <name>snprintf</name>
         <value>0x1a491</value>
         <object_component_ref idref="oc-1c0"/>
      </symbol>
      <symbol id="sm-312">
         <name>__aeabi_errno_addr</name>
         <value>0x19e09</value>
         <object_component_ref idref="oc-234"/>
      </symbol>
      <symbol id="sm-313">
         <name>__aeabi_errno</name>
         <value>0x2020303c</value>
         <object_component_ref idref="oc-26d"/>
      </symbol>
      <symbol id="sm-31c">
         <name>_sys_memory</name>
         <value>0x202038f0</value>
         <object_component_ref idref="oc-2f"/>
      </symbol>
      <symbol id="sm-327">
         <name>_c_int00_noargs</name>
         <value>0x1ae75</value>
         <object_component_ref idref="oc-65"/>
      </symbol>
      <symbol id="sm-328">
         <name>__stack</name>
         <value>0x20207e00</value>
         <object_component_ref idref="oc-1a"/>
      </symbol>
      <symbol id="sm-334">
         <name>__TI_auto_init_nobinit_nopinit</name>
         <value>0x1a8c5</value>
         <object_component_ref idref="oc-bd"/>
      </symbol>
      <symbol id="sm-33c">
         <name>_system_pre_init</name>
         <value>0x1b4ef</value>
         <object_component_ref idref="oc-8e"/>
      </symbol>
      <symbol id="sm-347">
         <name>__TI_zero_init</name>
         <value>0x1b429</value>
         <object_component_ref idref="oc-62"/>
      </symbol>
      <symbol id="sm-350">
         <name>__TI_decompress_none</name>
         <value>0x1b3d7</value>
         <object_component_ref idref="oc-20"/>
      </symbol>
      <symbol id="sm-35b">
         <name>__TI_decompress_lzss</name>
         <value>0x19c2d</value>
         <object_component_ref idref="oc-1c"/>
      </symbol>
      <symbol id="sm-365">
         <name>floorf</name>
         <value>0x19a99</value>
         <object_component_ref idref="oc-22c"/>
      </symbol>
      <symbol id="sm-3ae">
         <name>__TI_printfi</name>
         <value>0x15fa1</value>
         <object_component_ref idref="oc-278"/>
      </symbol>
      <symbol id="sm-3bd">
         <name>abort</name>
         <value>0x1b4dd</value>
         <object_component_ref idref="oc-b6"/>
      </symbol>
      <symbol id="sm-3c7">
         <name>__TI_ltoa</name>
         <value>0x1a1b5</value>
         <object_component_ref idref="oc-2b7"/>
      </symbol>
      <symbol id="sm-3d2">
         <name>atoi</name>
         <value>0x1a7d1</value>
         <object_component_ref idref="oc-282"/>
      </symbol>
      <symbol id="sm-3db">
         <name>memccpy</name>
         <value>0x1af31</value>
         <object_component_ref idref="oc-27b"/>
      </symbol>
      <symbol id="sm-3e5">
         <name>frexp</name>
         <value>0x1a159</value>
         <object_component_ref idref="oc-2ab"/>
      </symbol>
      <symbol id="sm-3e6">
         <name>frexpl</name>
         <value>0x1a159</value>
         <object_component_ref idref="oc-2ab"/>
      </symbol>
      <symbol id="sm-3f0">
         <name>scalbn</name>
         <value>0x191e9</value>
         <object_component_ref idref="oc-2af"/>
      </symbol>
      <symbol id="sm-3f1">
         <name>ldexp</name>
         <value>0x191e9</value>
         <object_component_ref idref="oc-2af"/>
      </symbol>
      <symbol id="sm-3f2">
         <name>scalbnl</name>
         <value>0x191e9</value>
         <object_component_ref idref="oc-2af"/>
      </symbol>
      <symbol id="sm-3f3">
         <name>ldexpl</name>
         <value>0x191e9</value>
         <object_component_ref idref="oc-2af"/>
      </symbol>
      <symbol id="sm-3fc">
         <name>wcslen</name>
         <value>0x1b419</value>
         <object_component_ref idref="oc-286"/>
      </symbol>
      <symbol id="sm-3ff">
         <name>__aeabi_ctype_table_</name>
         <value>0x15ab0</value>
         <object_component_ref idref="oc-29e"/>
      </symbol>
      <symbol id="sm-400">
         <name>__aeabi_ctype_table_C</name>
         <value>0x15ab0</value>
         <object_component_ref idref="oc-29e"/>
      </symbol>
      <symbol id="sm-409">
         <name>HOSTexit</name>
         <value>0x1b4e7</value>
         <object_component_ref idref="oc-ff"/>
      </symbol>
      <symbol id="sm-40a">
         <name>C$$EXIT</name>
         <value>0x1b4e6</value>
         <object_component_ref idref="oc-ff"/>
      </symbol>
      <symbol id="sm-41f">
         <name>__aeabi_fadd</name>
         <value>0x192cb</value>
         <object_component_ref idref="oc-16c"/>
      </symbol>
      <symbol id="sm-420">
         <name>__addsf3</name>
         <value>0x192cb</value>
         <object_component_ref idref="oc-16c"/>
      </symbol>
      <symbol id="sm-421">
         <name>__aeabi_fsub</name>
         <value>0x192c1</value>
         <object_component_ref idref="oc-16c"/>
      </symbol>
      <symbol id="sm-422">
         <name>__subsf3</name>
         <value>0x192c1</value>
         <object_component_ref idref="oc-16c"/>
      </symbol>
      <symbol id="sm-42b">
         <name>__aeabi_dadd</name>
         <value>0x1883f</value>
         <object_component_ref idref="oc-2cc"/>
      </symbol>
      <symbol id="sm-42c">
         <name>__adddf3</name>
         <value>0x1883f</value>
         <object_component_ref idref="oc-2cc"/>
      </symbol>
      <symbol id="sm-42d">
         <name>__aeabi_dsub</name>
         <value>0x18835</value>
         <object_component_ref idref="oc-2cc"/>
      </symbol>
      <symbol id="sm-42e">
         <name>__subdf3</name>
         <value>0x18835</value>
         <object_component_ref idref="oc-2cc"/>
      </symbol>
      <symbol id="sm-437">
         <name>__aeabi_dmul</name>
         <value>0x18f4d</value>
         <object_component_ref idref="oc-179"/>
      </symbol>
      <symbol id="sm-438">
         <name>__muldf3</name>
         <value>0x18f4d</value>
         <object_component_ref idref="oc-179"/>
      </symbol>
      <symbol id="sm-43e">
         <name>__muldsi3</name>
         <value>0x1a93d</value>
         <object_component_ref idref="oc-1f7"/>
      </symbol>
      <symbol id="sm-444">
         <name>__aeabi_fmul</name>
         <value>0x19a0d</value>
         <object_component_ref idref="oc-185"/>
      </symbol>
      <symbol id="sm-445">
         <name>__mulsf3</name>
         <value>0x19a0d</value>
         <object_component_ref idref="oc-185"/>
      </symbol>
      <symbol id="sm-44b">
         <name>__aeabi_fdiv</name>
         <value>0x19ba9</value>
         <object_component_ref idref="oc-170"/>
      </symbol>
      <symbol id="sm-44c">
         <name>__divsf3</name>
         <value>0x19ba9</value>
         <object_component_ref idref="oc-170"/>
      </symbol>
      <symbol id="sm-452">
         <name>__aeabi_ddiv</name>
         <value>0x18d59</value>
         <object_component_ref idref="oc-17d"/>
      </symbol>
      <symbol id="sm-453">
         <name>__divdf3</name>
         <value>0x18d59</value>
         <object_component_ref idref="oc-17d"/>
      </symbol>
      <symbol id="sm-459">
         <name>__aeabi_f2d</name>
         <value>0x1a751</value>
         <object_component_ref idref="oc-175"/>
      </symbol>
      <symbol id="sm-45a">
         <name>__extendsfdf2</name>
         <value>0x1a751</value>
         <object_component_ref idref="oc-175"/>
      </symbol>
      <symbol id="sm-460">
         <name>__aeabi_d2iz</name>
         <value>0x1a529</value>
         <object_component_ref idref="oc-2b3"/>
      </symbol>
      <symbol id="sm-461">
         <name>__fixdfsi</name>
         <value>0x1a529</value>
         <object_component_ref idref="oc-2b3"/>
      </symbol>
      <symbol id="sm-467">
         <name>__aeabi_f2iz</name>
         <value>0x1a9b1</value>
         <object_component_ref idref="oc-1b6"/>
      </symbol>
      <symbol id="sm-468">
         <name>__fixsfsi</name>
         <value>0x1a9b1</value>
         <object_component_ref idref="oc-1b6"/>
      </symbol>
      <symbol id="sm-46e">
         <name>__aeabi_f2uiz</name>
         <value>0x1aa8d</value>
         <object_component_ref idref="oc-1ac"/>
      </symbol>
      <symbol id="sm-46f">
         <name>__fixunssfsi</name>
         <value>0x1aa8d</value>
         <object_component_ref idref="oc-1ac"/>
      </symbol>
      <symbol id="sm-475">
         <name>__aeabi_i2d</name>
         <value>0x1acb5</value>
         <object_component_ref idref="oc-2bb"/>
      </symbol>
      <symbol id="sm-476">
         <name>__floatsidf</name>
         <value>0x1acb5</value>
         <object_component_ref idref="oc-2bb"/>
      </symbol>
      <symbol id="sm-47c">
         <name>__aeabi_i2f</name>
         <value>0x1a84d</value>
         <object_component_ref idref="oc-168"/>
      </symbol>
      <symbol id="sm-47d">
         <name>__floatsisf</name>
         <value>0x1a84d</value>
         <object_component_ref idref="oc-168"/>
      </symbol>
      <symbol id="sm-483">
         <name>__aeabi_ui2f</name>
         <value>0x1ae4d</value>
         <object_component_ref idref="oc-19f"/>
      </symbol>
      <symbol id="sm-484">
         <name>__floatunsisf</name>
         <value>0x1ae4d</value>
         <object_component_ref idref="oc-19f"/>
      </symbol>
      <symbol id="sm-48a">
         <name>__aeabi_lmul</name>
         <value>0x1aee9</value>
         <object_component_ref idref="oc-28a"/>
      </symbol>
      <symbol id="sm-48b">
         <name>__muldi3</name>
         <value>0x1aee9</value>
         <object_component_ref idref="oc-28a"/>
      </symbol>
      <symbol id="sm-492">
         <name>__aeabi_d2f</name>
         <value>0x19e11</value>
         <object_component_ref idref="oc-181"/>
      </symbol>
      <symbol id="sm-493">
         <name>__truncdfsf2</name>
         <value>0x19e11</value>
         <object_component_ref idref="oc-181"/>
      </symbol>
      <symbol id="sm-499">
         <name>__aeabi_dcmpeq</name>
         <value>0x1a091</value>
         <object_component_ref idref="oc-294"/>
      </symbol>
      <symbol id="sm-49a">
         <name>__aeabi_dcmplt</name>
         <value>0x1a0a5</value>
         <object_component_ref idref="oc-294"/>
      </symbol>
      <symbol id="sm-49b">
         <name>__aeabi_dcmple</name>
         <value>0x1a0b9</value>
         <object_component_ref idref="oc-294"/>
      </symbol>
      <symbol id="sm-49c">
         <name>__aeabi_dcmpge</name>
         <value>0x1a0cd</value>
         <object_component_ref idref="oc-294"/>
      </symbol>
      <symbol id="sm-49d">
         <name>__aeabi_dcmpgt</name>
         <value>0x1a0e1</value>
         <object_component_ref idref="oc-294"/>
      </symbol>
      <symbol id="sm-4a3">
         <name>__aeabi_fcmpeq</name>
         <value>0x1a0f5</value>
         <object_component_ref idref="oc-19a"/>
      </symbol>
      <symbol id="sm-4a4">
         <name>__aeabi_fcmplt</name>
         <value>0x1a109</value>
         <object_component_ref idref="oc-19a"/>
      </symbol>
      <symbol id="sm-4a5">
         <name>__aeabi_fcmple</name>
         <value>0x1a11d</value>
         <object_component_ref idref="oc-19a"/>
      </symbol>
      <symbol id="sm-4a6">
         <name>__aeabi_fcmpge</name>
         <value>0x1a131</value>
         <object_component_ref idref="oc-19a"/>
      </symbol>
      <symbol id="sm-4a7">
         <name>__aeabi_fcmpgt</name>
         <value>0x1a145</value>
         <object_component_ref idref="oc-19a"/>
      </symbol>
      <symbol id="sm-4ad">
         <name>__aeabi_idiv</name>
         <value>0x1a265</value>
         <object_component_ref idref="oc-2df"/>
      </symbol>
      <symbol id="sm-4ae">
         <name>__aeabi_idivmod</name>
         <value>0x1a265</value>
         <object_component_ref idref="oc-2df"/>
      </symbol>
      <symbol id="sm-4b4">
         <name>__aeabi_memcpy</name>
         <value>0x1b4d5</value>
         <object_component_ref idref="oc-55"/>
      </symbol>
      <symbol id="sm-4b5">
         <name>__aeabi_memcpy4</name>
         <value>0x1b4d5</value>
         <object_component_ref idref="oc-55"/>
      </symbol>
      <symbol id="sm-4b6">
         <name>__aeabi_memcpy8</name>
         <value>0x1b4d5</value>
         <object_component_ref idref="oc-55"/>
      </symbol>
      <symbol id="sm-4bf">
         <name>__aeabi_memset</name>
         <value>0x1b439</value>
         <object_component_ref idref="oc-27a"/>
      </symbol>
      <symbol id="sm-4c0">
         <name>__aeabi_memset4</name>
         <value>0x1b439</value>
         <object_component_ref idref="oc-27a"/>
      </symbol>
      <symbol id="sm-4c1">
         <name>__aeabi_memset8</name>
         <value>0x1b439</value>
         <object_component_ref idref="oc-27a"/>
      </symbol>
      <symbol id="sm-4c2">
         <name>__aeabi_memclr</name>
         <value>0x1b471</value>
         <object_component_ref idref="oc-89"/>
      </symbol>
      <symbol id="sm-4c3">
         <name>__aeabi_memclr4</name>
         <value>0x1b471</value>
         <object_component_ref idref="oc-89"/>
      </symbol>
      <symbol id="sm-4c4">
         <name>__aeabi_memclr8</name>
         <value>0x1b471</value>
         <object_component_ref idref="oc-89"/>
      </symbol>
      <symbol id="sm-4ca">
         <name>__aeabi_uidiv</name>
         <value>0x1a711</value>
         <object_component_ref idref="oc-163"/>
      </symbol>
      <symbol id="sm-4cb">
         <name>__aeabi_uidivmod</name>
         <value>0x1a711</value>
         <object_component_ref idref="oc-163"/>
      </symbol>
      <symbol id="sm-4d1">
         <name>__aeabi_uldivmod</name>
         <value>0x1b355</value>
         <object_component_ref idref="oc-28f"/>
      </symbol>
      <symbol id="sm-4da">
         <name>__eqsf2</name>
         <value>0x1a901</value>
         <object_component_ref idref="oc-21e"/>
      </symbol>
      <symbol id="sm-4db">
         <name>__lesf2</name>
         <value>0x1a901</value>
         <object_component_ref idref="oc-21e"/>
      </symbol>
      <symbol id="sm-4dc">
         <name>__ltsf2</name>
         <value>0x1a901</value>
         <object_component_ref idref="oc-21e"/>
      </symbol>
      <symbol id="sm-4dd">
         <name>__nesf2</name>
         <value>0x1a901</value>
         <object_component_ref idref="oc-21e"/>
      </symbol>
      <symbol id="sm-4de">
         <name>__cmpsf2</name>
         <value>0x1a901</value>
         <object_component_ref idref="oc-21e"/>
      </symbol>
      <symbol id="sm-4df">
         <name>__gtsf2</name>
         <value>0x1a889</value>
         <object_component_ref idref="oc-223"/>
      </symbol>
      <symbol id="sm-4e0">
         <name>__gesf2</name>
         <value>0x1a889</value>
         <object_component_ref idref="oc-223"/>
      </symbol>
      <symbol id="sm-4e6">
         <name>__udivmoddi4</name>
         <value>0x19709</value>
         <object_component_ref idref="oc-2a6"/>
      </symbol>
      <symbol id="sm-4ec">
         <name>__aeabi_llsl</name>
         <value>0x1aff1</value>
         <object_component_ref idref="oc-2d3"/>
      </symbol>
      <symbol id="sm-4ed">
         <name>__ashldi3</name>
         <value>0x1aff1</value>
         <object_component_ref idref="oc-2d3"/>
      </symbol>
      <symbol id="sm-4fb">
         <name>__ledf2</name>
         <value>0x19f59</value>
         <object_component_ref idref="oc-2c4"/>
      </symbol>
      <symbol id="sm-4fc">
         <name>__gedf2</name>
         <value>0x19d95</value>
         <object_component_ref idref="oc-2ca"/>
      </symbol>
      <symbol id="sm-4fd">
         <name>__cmpdf2</name>
         <value>0x19f59</value>
         <object_component_ref idref="oc-2c4"/>
      </symbol>
      <symbol id="sm-4fe">
         <name>__eqdf2</name>
         <value>0x19f59</value>
         <object_component_ref idref="oc-2c4"/>
      </symbol>
      <symbol id="sm-4ff">
         <name>__ltdf2</name>
         <value>0x19f59</value>
         <object_component_ref idref="oc-2c4"/>
      </symbol>
      <symbol id="sm-500">
         <name>__nedf2</name>
         <value>0x19f59</value>
         <object_component_ref idref="oc-2c4"/>
      </symbol>
      <symbol id="sm-501">
         <name>__gtdf2</name>
         <value>0x19d95</value>
         <object_component_ref idref="oc-2ca"/>
      </symbol>
      <symbol id="sm-50d">
         <name>__aeabi_idiv0</name>
         <value>0x189c7</value>
         <object_component_ref idref="oc-1e9"/>
      </symbol>
      <symbol id="sm-50e">
         <name>__aeabi_ldiv0</name>
         <value>0x197ab</value>
         <object_component_ref idref="oc-2d2"/>
      </symbol>
      <symbol id="sm-518">
         <name>TI_memcpy_small</name>
         <value>0x1b3c5</value>
         <object_component_ref idref="oc-a1"/>
      </symbol>
      <symbol id="sm-521">
         <name>TI_memset_small</name>
         <value>0x1b455</value>
         <object_component_ref idref="oc-d0"/>
      </symbol>
      <symbol id="sm-522">
         <name>__TI_static_base__</name>
         <value>0x0</value>
      </symbol>
      <symbol id="sm-526">
         <name>__mpu_init</name>
         <value>0x0</value>
      </symbol>
      <symbol id="sm-527">
         <name>_system_post_cinit</name>
         <value>0x0</value>
      </symbol>
   </symbol_table>
   <title>Link successful</title>
</link_info>
