******************************************************************************
            TI ARM Clang Linker PC v4.0.4                      
******************************************************************************
>> Linked Thu Jan 15 20:55:52 2026

OUTPUT FILE NAME:   <signal_distortion_measurement.out>
ENTRY POINT SYMBOL: "_c_int00_noargs"  address: 0001ad5d


MEMORY CONFIGURATION

         name            origin    length      used     unused   attr    fill
----------------------  --------  ---------  --------  --------  ----  --------
  FLASH                 00000000   00020000  0001b3a8  00004c58  R  X
  SRAM                  20200000   00008000  00003eea  00004116  RW X
  BCR_CONFIG            41c00000   00000080  00000000  00000080  R   
  BSL_CONFIG            41c00100   00000080  00000000  00000080  R   


SEGMENT ALLOCATION MAP

run origin  load origin   length   init length attrs members
----------  ----------- ---------- ----------- ----- -------
00000000    00000000    0001b3a8   0001b3a8    r-x
  00000000    00000000    000000c0   000000c0    r-- .intvecs
  000000c0    000000c0    00015ec0   00015ec0    r-- .rodata
  00015f80    00015f80    000053f0   000053f0    r-x .text
  0001b370    0001b370    00000038   00000038    r-- .cinit
20200000    20200000    00003cf0   00000000    rw-
  20200000    20200000    0000304e   00000000    rw- .data
  20203050    20203050    0000089c   00000000    rw- .bss
  202038f0    202038f0    00000400   00000000    rw- .sysmem
20207e00    20207e00    00000200   00000000    rw-
  20207e00    20207e00    00000200   00000000    rw- .stack


SECTION ALLOCATION MAP

 output                                  attributes/
section   page    origin      length       input sections
--------  ----  ----------  ----------   ----------------
.intvecs   0    00000000    000000c0     
                  00000000    000000c0     startup_mspm0g350x_ticlang.o (.intvecs)

.text      0    00015f80    000053f0     
                  00015f80    000009d0     libc.a : _printfi.c.obj (.text:__TI_printfi)
                  00016950    000008fc     arm_cortexM0l_math.a : arm_cfft_radix8_f32.o (.text.arm_radix8_butterfly_f32)
                  0001724c    00000774                          : arm_cfft_f32.o (.text.arm_cfft_radix8by4_f32)
                  000179c0    000002b0                          : arm_cfft_f32.o (.text.arm_cfft_radix8by2_f32)
                  00017c70    00000290     calculate_thd.o (.text.find_peak_info)
                  00017f00    00000220     libc.a : _printfi.c.obj (.text._pconv_a)
                  00018120    000001dc            : _printfi.c.obj (.text._pconv_g)
                  000182fc    000001c8     arm_cortexM0l_math.a : arm_cfft_f32.o (.text.arm_cfft_f32)
                  000184c4    000001b0     fft.o (.text.fft_calculate)
                  00018674    000001a0     arm_cortexM0l_math.a : arm_cmplx_mag_f32.o (.text.arm_cmplx_mag_f32)
                  00018814    00000192     libclang_rt.builtins.a : adddf3.S.obj (.text.adddf3_subdf3)
                  000189a6    00000002                            : aeabi_div0.c.obj (.text.__aeabi_idiv0)
                  000189a8    0000013c     libc.a : _printfi.c.obj (.text.fcvt)
                  00018ae4    00000134     arm_cortexM0l_math.a : arm_bitreversal2.o (.text.arm_bitreversal_32)
                  00018c18    00000120     libc.a : _printfi.c.obj (.text._pconv_e)
                  00018d38    0000010c     libclang_rt.builtins.a : divdf3.S.obj (.text.__divdf3)
                  00018e44    000000e8     driverlib.a : dl_timer.o (.text.DL_Timer_initTimerMode)
                  00018f2c    000000e4     libclang_rt.builtins.a : muldf3.S.obj (.text.__muldf3)
                  00019010    000000dc     driverlib.a : dl_sysctl_mspm0g1x0x_g3x0x.o (.text.DL_SYSCTL_configSYSPLL)
                  000190ec    000000dc     calculate_thd.o (.text.calculate_thd)
                  000191c8    000000d8     libc.a : s_scalbn.c.obj (.text.scalbn)
                  000192a0    000000d8     libclang_rt.builtins.a : addsf3.S.obj (.text)
                  00019378    000000c4     uart_screen_display.o (.text.uart_send_display_data)
                  0001943c    000000b0     arm_cortexM0l_math.a : arm_cfft_init_f32.o (.text.arm_cfft_init_f32)
                  000194ec    000000b0                          : arm_cos_f32.o (.text.arm_cos_f32)
                  0001959c    000000a8                          : arm_sin_f32.o (.text.arm_sin_f32)
                  00019644    000000a4     main.o (.text.process_once)
                  000196e8    000000a2     libclang_rt.builtins.a : udivmoddi4.S.obj (.text)
                  0001978a    00000002                            : aeabi_div0.c.obj (.text.__aeabi_ldiv0)
                  0001978c    000000a0     libc.a : e_sqrtf.c.obj (.text.sqrtf)
                  0001982c    0000009c     calculate_thd.o (.text.get_peak_offset_correction_factor)
                  000198c8    00000094     adc.o (.text.calculate_optimal_sampling_rate)
                  0001995c    00000090     ti_msp_dl_config.o (.text.SYSCFG_DL_ADC12_0_init)
                  000199ec    0000008c     libclang_rt.builtins.a : mulsf3.S.obj (.text.__mulsf3)
                  00019a78    0000008c     libc.a : s_floorf.c.obj (.text.floorf)
                  00019b04    00000084     ti_msp_dl_config.o (.text.__NVIC_SetPriority)
                  00019b88    00000082     libclang_rt.builtins.a : divsf3.S.obj (.text.__divsf3)
                  00019c0a    00000002     --HOLE-- [fill = 0]
                  00019c0c    0000007c     libc.a : copy_decompress_lzss.c.obj (.text:decompress:lzss)
                  00019c88    00000078     ti_msp_dl_config.o (.text.SYSCFG_DL_initPower)
                  00019d00    00000074     uart_screen_display.o (.text.UART0_IRQHandler)
                  00019d74    00000074     libclang_rt.builtins.a : comparedf2.c.obj (.text.__gedf2)
                  00019de8    00000008     ti_msp_dl_config.o (.text.SYSCFG_DL_DMA_init)
                  00019df0    00000074     libclang_rt.builtins.a : truncdfsf2.S.obj (.text.__truncdfsf2)
                  00019e64    0000006c     fft.o (.text.Hanningwindow)
                  00019ed0    00000068     libclang_rt.builtins.a : comparedf2.c.obj (.text.__ledf2)
                  00019f38    00000068     libc.a : s_roundf.c.obj (.text.roundf)
                  00019fa0    00000066            : _printfi.c.obj (.text._mcpy)
                  0001a006    00000002     --HOLE-- [fill = 0]
                  0001a008    00000062     libclang_rt.builtins.a : aeabi_dcmp.S.obj (.text.__aeabi_dcmp)
                  0001a06a    00000002     --HOLE-- [fill = 0]
                  0001a06c    00000062                            : aeabi_fcmp.S.obj (.text.__aeabi_fcmp)
                  0001a0ce    00000002     --HOLE-- [fill = 0]
                  0001a0d0    0000005c     libc.a : s_frexp.c.obj (.text.frexp)
                  0001a12c    00000058            : _ltoa.c.obj (.text.__TI_ltoa)
                  0001a184    00000058            : _printfi.c.obj (.text._pconv_f)
                  0001a1dc    00000056     libclang_rt.builtins.a : aeabi_idivmod.S.obj (.text.__aeabi_idivmod)
                  0001a232    00000052     libc.a : _printfi.c.obj (.text._ecpy)
                  0001a284    00000050     ti_msp_dl_config.o (.text.SysTick_Config)
                  0001a2d4    00000050     uart_screen_display.o (.text.button_cmd)
                  0001a324    0000004c     ti_msp_dl_config.o (.text.DL_ADC12_initSingleSample)
                  0001a370    0000004c     driverlib.a : dl_dma.o (.text.DL_DMA_initChannel)
                  0001a3bc    0000004c     ti_msp_dl_config.o (.text.DL_UART_setBaudRateDivisor)
                  0001a408    0000004c     libc.a : snprintf.c.obj (.text.snprintf)
                  0001a454    0000004a     ti_msp_dl_config.o (.text.DL_ADC12_configConversionMem)
                  0001a49e    00000002     --HOLE-- [fill = 0]
                  0001a4a0    0000004a     libclang_rt.builtins.a : fixdfsi.S.obj (.text.__fixdfsi)
                  0001a4ea    00000002     --HOLE-- [fill = 0]
                  0001a4ec    00000048     driverlib.a : dl_uart.o (.text.DL_UART_init)
                  0001a534    00000048     ti_msp_dl_config.o (.text.SYSCFG_DL_UART_SCREEN_DISPLAY_init)
                  0001a57c    00000044     driverlib.a : dl_sysctl_mspm0g1x0x_g3x0x.o (.text.DL_SYSCTL_switchMCLKfromSYSOSCtoHSCLK)
                  0001a5c0    00000044     ti_msp_dl_config.o (.text.SYSCFG_DL_TIMER_0_init)
                  0001a604    00000044     uart_screen_display.o (.text.uart_send_string)
                  0001a648    00000040     driverlib.a : dl_adc12.o (.text.DL_ADC12_setClockConfig)
                  0001a688    00000040     ti_msp_dl_config.o (.text.SYSCFG_DL_UART_BIUTEETH_init)
                  0001a6c8    00000040     libclang_rt.builtins.a : aeabi_uidivmod.S.obj (.text.__aeabi_uidivmod)
                  0001a708    00000040                            : extendsfdf2.S.obj (.text.__extendsfdf2)
                  0001a748    00000040     adc.o (.text.adc_init)
                  0001a788    00000040     libc.a : atoi.c.obj (.text.atoi)
                  0001a7c8    0000003c     ti_msp_dl_config.o (.text.SYSCFG_DL_SYSCTL_init)
                  0001a804    0000003c     libclang_rt.builtins.a : floatsisf.S.obj (.text.__floatsisf)
                  0001a840    0000003c                            : comparesf2.S.obj (.text.__gtsf2)
                  0001a87c    0000003c     libc.a : autoinit.c.obj (.text:__TI_auto_init_nobinit_nopinit)
                  0001a8b8    0000003a     libclang_rt.builtins.a : comparesf2.S.obj (.text.__eqsf2)
                  0001a8f2    00000002     --HOLE-- [fill = 0]
                  0001a8f4    0000003a                            : muldsi3.S.obj (.text.__muldsi3)
                  0001a92e    00000002     --HOLE-- [fill = 0]
                  0001a930    00000038     ti_msp_dl_config.o (.text.DL_Timer_setPublisherChanID)
                  0001a968    00000038     libclang_rt.builtins.a : fixsfsi.S.obj (.text.__fixsfsi)
                  0001a9a0    00000038     main.o (.text.clear_sampling_data)
                  0001a9d8    00000034     ti_msp_dl_config.o (.text.SYSCFG_DL_init)
                  0001aa0c    00000034     main.o (.text.main)
                  0001aa40    00000032     libclang_rt.builtins.a : fixunssfsi.S.obj (.text.__fixunssfsi)
                  0001aa72    00000002     --HOLE-- [fill = 0]
                  0001aa74    00000030     ti_msp_dl_config.o (.text.DL_DMA_setTransferSize)
                  0001aaa4    00000030     libc.a : _printfi.c.obj (.text._fcpy)
                  0001aad4    00000030            : snprintf.c.obj (.text._outs)
                  0001ab04    00000030     calculate_thd.o (.text.clear_peaks_data)
                  0001ab34    0000002c     adc.o (.text.ADC0_IRQHandler)
                  0001ab60    0000002c     ti_msp_dl_config.o (.text.DL_ADC12_setDMASamplesCnt)
                  0001ab8c    0000002c     ti_msp_dl_config.o (.text.SYSCFG_DL_DMA_CH0_init)
                  0001abb8    0000002c     uart_screen_display.o (.text.__NVIC_ClearPendingIRQ)
                  0001abe4    0000002c     adc.o (.text.__NVIC_EnableIRQ)
                  0001ac10    0000002c     uart_screen_display.o (.text.__NVIC_EnableIRQ)
                  0001ac3c    0000002c     libclang_rt.builtins.a : floatsidf.S.obj (.text.__floatsidf)
                  0001ac68    0000002a     ti_msp_dl_config.o (.text.SYSCFG_DL_GPIO_init)
                  0001ac92    00000028     ti_msp_dl_config.o (.text.DL_Common_updateReg)
                  0001acba    00000002     --HOLE-- [fill = 0]
                  0001acbc    00000028     adc.o (.text.DL_DMA_setDestAddr)
                  0001ace4    00000028     adc.o (.text.DL_DMA_setSrcAddr)
                  0001ad0c    00000028     ti_msp_dl_config.o (.text.DL_Timer_enableEvent)
                  0001ad34    00000028     libclang_rt.builtins.a : floatunsisf.S.obj (.text.__floatunsisf)
                  0001ad5c    00000028     libc.a : boot_cortex_m.c.obj (.text:_c_int00_noargs)
                  0001ad84    00000026     adc.o (.text.DL_DMA_enableChannel)
                  0001adaa    00000002     --HOLE-- [fill = 0]
                  0001adac    00000024     adc.o (.text.DL_ADC12_getMemResultAddress)
                  0001add0    00000024     libclang_rt.builtins.a : muldi3.S.obj (.text.__muldi3)
                  0001adf4    00000024     adc.o (.text.set_sample_freq)
                  0001ae18    00000022     libc.a : memccpy.c.obj (.text.memccpy)
                  0001ae3a    00000002     --HOLE-- [fill = 0]
                  0001ae3c    00000020     ti_msp_dl_config.o (.text.DL_GPIO_initPeripheralInputFunction)
                  0001ae5c    00000020     ti_msp_dl_config.o (.text.DL_SYSCTL_setFlashWaitState)
                  0001ae7c    00000020     driverlib.a : dl_uart.o (.text.DL_UART_transmitDataBlocking)
                  0001ae9c    0000001e     ti_msp_dl_config.o (.text.DL_ADC12_setPowerDownMode)
                  0001aeba    0000001e     ti_msp_dl_config.o (.text.DL_UART_setOversampling)
                  0001aed8    0000001e     libclang_rt.builtins.a : ashldi3.S.obj (.text.__ashldi3)
                  0001aef6    00000002     --HOLE-- [fill = 0]
                  0001aef8    0000001c     ti_msp_dl_config.o (.text.DL_ADC12_clearInterruptStatus)
                  0001af14    0000001c     ti_msp_dl_config.o (.text.DL_ADC12_enableDMA)
                  0001af30    0000001c     ti_msp_dl_config.o (.text.DL_ADC12_enableDMATrigger)
                  0001af4c    0000001c     ti_msp_dl_config.o (.text.DL_ADC12_enableInterrupt)
                  0001af68    0000001c     ti_msp_dl_config.o (.text.DL_GPIO_initPeripheralOutputFunction)
                  0001af84    0000001c     ti_msp_dl_config.o (.text.DL_SYSCTL_setSYSOSCFreq)
                  0001afa0    0000001c     ti_msp_dl_config.o (.text.DL_SYSCTL_setULPCLKDivider)
                  0001afbc    0000001c     driverlib.a : dl_timer.o (.text.DL_Timer_setClockConfig)
                  0001afd8    0000001c     ti_msp_dl_config.o (.text.DL_UART_enableInterrupt)
                  0001aff4    0000001a     ti_msp_dl_config.o (.text.DL_ADC12_setSubscriberChanID)
                  0001b00e    00000002     --HOLE-- [fill = 0]
                  0001b010    00000018     ti_msp_dl_config.o (.text.DL_ADC12_enablePower)
                  0001b028    00000018     ti_msp_dl_config.o (.text.DL_ADC12_reset)
                  0001b040    00000018     ti_msp_dl_config.o (.text.DL_ADC12_setSampleTime0)
                  0001b058    00000018     ti_msp_dl_config.o (.text.DL_GPIO_enablePower)
                  0001b070    00000018     ti_msp_dl_config.o (.text.DL_GPIO_reset)
                  0001b088    00000018     ti_msp_dl_config.o (.text.DL_SYSCTL_setBORThreshold)
                  0001b0a0    00000018     ti_msp_dl_config.o (.text.DL_Timer_enablePower)
                  0001b0b8    00000018     ti_msp_dl_config.o (.text.DL_Timer_reset)
                  0001b0d0    00000018     adc.o (.text.DL_Timer_setLoadValue)
                  0001b0e8    00000018     main.o (.text.DL_Timer_startCounter)
                  0001b100    00000018     adc.o (.text.DL_Timer_stopCounter)
                  0001b118    00000018     ti_msp_dl_config.o (.text.DL_UART_enablePower)
                  0001b130    00000018     ti_msp_dl_config.o (.text.DL_UART_reset)
                  0001b148    00000018     libc.a : snprintf.c.obj (.text._outc)
                  0001b160    00000016     ti_msp_dl_config.o (.text.DL_ADC12_enableConversions)
                  0001b176    00000016     ti_msp_dl_config.o (.text.DL_UART_enable)
                  0001b18c    00000016     uart_screen_display.o (.text.uart_init)
                  0001b1a2    00000002     --HOLE-- [fill = 0]
                  0001b1a4    00000014     ti_msp_dl_config.o (.text.DL_SYSCTL_disableSYSPLL)
                  0001b1b8    00000014     ti_msp_dl_config.o (.text.DL_Timer_enableClock)
                  0001b1cc    00000014     uart_screen_display.o (.text.DL_UART_receiveData)
                  0001b1e0    00000014     libclang_rt.builtins.a : aeabi_uldivmod.S.obj (.text.__aeabi_uldivmod)
                  0001b1f4    00000014     libc.a : _printfi.c.obj (.text.strchr)
                  0001b208    00000012     adc.o (.text.DL_ADC12_getPendingInterrupt)
                  0001b21a    00000012     uart_screen_display.o (.text.DL_UART_getPendingInterrupt)
                  0001b22c    00000012     driverlib.a : dl_uart.o (.text.DL_UART_setClockConfig)
                  0001b23e    00000012     libc.a : memcpy16.S.obj (.text:TI_memcpy_small)
                  0001b250    00000012            : copy_decompress_none.c.obj (.text:decompress:none)
                  0001b262    00000002     --HOLE-- [fill = 0]
                  0001b264    00000010     ti_msp_dl_config.o (.text.DL_SYSCTL_disableHFXT)
                  0001b274    00000010     ti_msp_dl_config.o (.text.SYSCFG_DL_SYSTICK_init)
                  0001b284    00000010     clock.o (.text.SysTick_Handler)
                  0001b294    00000010     libc.a : wcslen.c.obj (.text.wcslen)
                  0001b2a4    00000010            : copy_zero_init.c.obj (.text:decompress:ZI)
                  0001b2b4    0000000e     libclang_rt.builtins.a : aeabi_memset.S.obj (.text.__aeabi_memset)
                  0001b2c2    0000000e     libc.a : _printfi.c.obj (.text.strlen)
                  0001b2d0    0000000e            : memset16.S.obj (.text:TI_memset_small)
                  0001b2de    00000002     --HOLE-- [fill = 0]
                  0001b2e0    0000000c     libclang_rt.builtins.a : aeabi_memset.S.obj (.text.__aeabi_memclr)
                  0001b2ec    0000000c     clock.o (.text.my_clock)
                  0001b2f8    0000000a     driverlib.a : dl_common.o (.text.DL_Common_delayCycles)
                  0001b302    0000000a     libc.a : _printfi.c.obj (.text.OUTLINED_FUNCTION_0)
                  0001b30c    00000010     libclang_rt.builtins.a : adddf3.S.obj (.tramp.__aeabi_dsub.1)
                  0001b31c    0000000a     libc.a : s_roundf.c.obj (.text.OUTLINED_FUNCTION_0)
                  0001b326    00000002     --HOLE-- [fill = 0]
                  0001b328    00000010     libclang_rt.builtins.a : addsf3.S.obj (.tramp.__aeabi_fadd.1)
                  0001b338    0000000a     libc.a : _printfi.c.obj (.text.OUTLINED_FUNCTION_1)
                  0001b342    00000002     --HOLE-- [fill = 0]
                  0001b344    00000008            : aeabi_portable.c.obj (.text.__aeabi_errno_addr)
                  0001b34c    00000008     libclang_rt.builtins.a : aeabi_memcpy.S.obj (.text.__aeabi_memcpy)
                  0001b354    00000006     libc.a : exit.c.obj (.text:abort)
                  0001b35a    00000004     startup_mspm0g350x_ticlang.o (.text.Default_Handler)
                  0001b35e    00000004     libsysbm.a : hostexit.c.obj (.text.HOSTexit)
                  0001b362    00000004     startup_mspm0g350x_ticlang.o (.text.Reset_Handler)
                  0001b366    00000004     libc.a : pre_init.c.obj (.text._system_pre_init)
                  0001b36a    00000006     --HOLE-- [fill = 0]

.cinit     0    0001b370    00000038     
                  0001b370    0000000e     (.cinit..data.load) [load image, compression = lzss]
                  0001b37e    00000002     --HOLE-- [fill = 0]
                  0001b380    0000000c     (__TI_handler_table)
                  0001b38c    00000008     (.cinit..bss.load) [load image, compression = zero_init]
                  0001b394    00000010     (__TI_cinit_table)
                  0001b3a4    00000004     --HOLE-- [fill = 0]

.rodata    0    000000c0    00015ec0     
                  000000c0    00008000     arm_cortexM0l_math.a : arm_common_tables.o (.rodata.twiddleCoef_4096)
                  000080c0    00004000                          : arm_common_tables.o (.rodata.twiddleCoef_2048)
                  0000c0c0    00002000                          : arm_common_tables.o (.rodata.twiddleCoef_1024)
                  0000e0c0    00001f80                          : arm_common_tables.o (.rodata.armBitRevIndexTable4096)
                  00010040    00001dc0                          : arm_common_tables.o (.rodata.armBitRevIndexTable2048)
                  00011e00    00001000                          : arm_common_tables.o (.rodata.twiddleCoef_512)
                  00012e00    00000e10                          : arm_common_tables.o (.rodata.armBitRevIndexTable1024)
                  00013c10    00000804                          : arm_common_tables.o (.rodata.sinTable_f32)
                  00014414    00000800                          : arm_common_tables.o (.rodata.twiddleCoef_256)
                  00014c14    00000400                          : arm_common_tables.o (.rodata.twiddleCoef_128)
                  00015014    00000380                          : arm_common_tables.o (.rodata.armBitRevIndexTable512)
                  00015394    00000370                          : arm_common_tables.o (.rodata.armBitRevIndexTable256)
                  00015704    00000200                          : arm_common_tables.o (.rodata.twiddleCoef_64)
                  00015904    000001a0                          : arm_common_tables.o (.rodata.armBitRevIndexTable128)
                  00015aa4    0000000a     ti_msp_dl_config.o (.rodata.gUART_BIUTEETHConfig)
                  00015aae    00000002     ti_msp_dl_config.o (.rodata.gUART_BIUTEETHClockConfig)
                  00015ab0    00000101     libc.a : aeabi_ctype.S.obj (.rodata:__aeabi_ctype_table_)
                  00015bb1    00000003     ti_msp_dl_config.o (.rodata.gTIMER_0ClockConfig)
                  00015bb4    00000100     arm_cortexM0l_math.a : arm_common_tables.o (.rodata.twiddleCoef_32)
                  00015cb4    00000080                          : arm_common_tables.o (.rodata.twiddleCoef_16)
                  00015d34    00000070                          : arm_common_tables.o (.rodata.armBitRevIndexTable64)
                  00015da4    00000060                          : arm_common_tables.o (.rodata.armBitRevIndexTable32)
                  00015e04    00000028                          : arm_common_tables.o (.rodata.armBitRevIndexTable16)
                  00015e2c    00000028     ti_msp_dl_config.o (.rodata.gSYSPLLConfig)
                  00015e54    00000018     ti_msp_dl_config.o (.rodata.gDMA_CH0Config)
                  00015e6c    00000014     ti_msp_dl_config.o (.rodata.gTIMER_0TimerConfig)
                  00015e80    00000013     uart_screen_display.o (.rodata.str1.16764385292762468298.1)
                  00015e93    00000012     uart_screen_display.o (.rodata.str1.7575293442096613159.1)
                  00015ea5    00000011     libc.a : _printfi.c.obj (.rodata.str1.10348868589481759720.1)
                  00015eb6    00000011            : _printfi.c.obj (.rodata.str1.15363888844622738466.1)
                  00015ec7    00000011     uart_screen_display.o (.rodata.str1.5935123147460200048.1)
                  00015ed8    00000010     arm_cortexM0l_math.a : arm_const_structs.o (.rodata.arm_cfft_sR_f32_len1024)
                  00015ee8    00000010                          : arm_const_structs.o (.rodata.arm_cfft_sR_f32_len128)
                  00015ef8    00000010                          : arm_const_structs.o (.rodata.arm_cfft_sR_f32_len16)
                  00015f08    00000010                          : arm_const_structs.o (.rodata.arm_cfft_sR_f32_len2048)
                  00015f18    00000010                          : arm_const_structs.o (.rodata.arm_cfft_sR_f32_len256)
                  00015f28    00000010                          : arm_const_structs.o (.rodata.arm_cfft_sR_f32_len32)
                  00015f38    00000010                          : arm_const_structs.o (.rodata.arm_cfft_sR_f32_len4096)
                  00015f48    00000010                          : arm_const_structs.o (.rodata.arm_cfft_sR_f32_len512)
                  00015f58    00000010                          : arm_const_structs.o (.rodata.arm_cfft_sR_f32_len64)
                  00015f68    0000000a     ti_msp_dl_config.o (.rodata.gUART_SCREEN_DISPLAYConfig)
                  00015f72    00000002     ti_msp_dl_config.o (.rodata.gUART_SCREEN_DISPLAYClockConfig)
                  00015f74    00000008     ti_msp_dl_config.o (.rodata.gADC12_0ClockConfig)
                  00015f7c    00000004     --HOLE-- [fill = 0]

.init_array 
*          0    00000000    00000000     UNINITIALIZED

.binit     0    00000000    00000000     

.data      0    20200000    0000304e     UNINITIALIZED
                  20200000    00002000     fft.o (.data.fft_inputbuf)
                  20202000    00001000     fft.o (.data.fft_outputbuf)
                  20203000    00000028     calculate_thd.o (.data.peaks)
                  20203028    00000014     calculate_thd.o (.data.normalized_ampl)
                  2020303c    00000004     libc.a : aeabi_portable.c.obj (.data.__aeabi_errno)
                  20203040    00000004     clock.o (.data.g_system_ticks)
                  20203044    00000004     calculate_thd.o (.data.thd)
                  20203048    00000002     calculate_thd.o (.data.peak_num)
                  2020304a    00000002     uart_screen_display.o (.data.rx_data_cnt)
                  2020304c    00000001     adc.o (.data.gCheckADC)
                  2020304d    00000001     uart_screen_display.o (.data.process_flag)

.bss       0    20203050    0000089c     UNINITIALIZED
                  20203050    00000800     (.common:gADCSamples)
                  20203850    00000078     (.common:gTIMER_0Backup)
                  202038c8    00000010     (.common:scfft)
                  202038d8    00000007     (.common:rx_buffer)
                  202038df    00000001     --HOLE--
                  202038e0    00000004     (.common:fundamental_ampl)
                  202038e4    00000004     (.common:fundamental_freq)
                  202038e8    00000004     (.common:sample_freq)

.sysmem    0    202038f0    00000400     UNINITIALIZED
                  202038f0    00000010     libc.a : memory.c.obj (.sysmem)
                  20203900    000003f0     --HOLE--

.stack     0    20207e00    00000200     UNINITIALIZED
                  20207e00    00000004     libc.a : boot_cortex_m.c.obj (.stack)
                  20207e04    000001fc     --HOLE--

__llvm_prf_cnts 
*          0    20200000    00000000     UNINITIALIZED

__llvm_prf_bits 
*          0    20200000    00000000     UNINITIALIZED

MODULE SUMMARY

       Module                         code    ro data   rw data
       ------                         ----    -------   -------
    .\
       ti_msp_dl_config.o             2070    119       120    
       main.o                         296     0         0      
       startup_mspm0g350x_ticlang.o   8       192       0      
    +--+------------------------------+-------+---------+---------+
       Total:                         2374    311       120    
                                                               
    .\USER\
       fft.o                          540     0         12304  
       adc.o                          556     0         2053   
       calculate_thd.o                1080    0         74     
       uart_screen_display.o          608     54        10     
       clock.o                        28      0         4      
    +--+------------------------------+-------+---------+---------+
       Total:                         2812    54        14445  
                                                               
    C:/ti/mspm0_sdk_2_00_01_00/source/third_party/CMSIS/DSP/lib/ticlang/m0p/arm_cortexM0l_math.a
       arm_common_tables.o            0       89180     0      
       arm_cfft_f32.o                 3052    0         0      
       arm_cfft_radix8_f32.o          2300    0         0      
       arm_cmplx_mag_f32.o            416     0         0      
       arm_bitreversal2.o             308     0         0      
       arm_cfft_init_f32.o            176     0         0      
       arm_cos_f32.o                  176     0         0      
       arm_sin_f32.o                  168     0         0      
       arm_const_structs.o            0       144       0      
    +--+------------------------------+-------+---------+---------+
       Total:                         6596    89324     0      
                                                               
    C:/ti/mspm0_sdk_2_00_01_00/source/ti/driverlib/lib/ticlang/m0p/mspm0g1x0x_g3x0x/driverlib.a
       dl_sysctl_mspm0g1x0x_g3x0x.o   288     0         0      
       dl_timer.o                     260     0         0      
       dl_uart.o                      122     0         0      
       dl_dma.o                       76      0         0      
       dl_adc12.o                     64      0         0      
       dl_common.o                    10      0         0      
    +--+------------------------------+-------+---------+---------+
       Total:                         820     0         0      
                                                               
    D:\software_code\ti\ccs\tools\compiler\ti-cgt-armllvm_4.0.4.LTS\lib\armv6m-ti-none-eabi/c/libc.a
       _printfi.c.obj                 4510    34        0      
       aeabi_ctype.S.obj              0       257       0      
       s_scalbn.c.obj                 216     0         0      
       e_sqrtf.c.obj                  160     0         0      
       snprintf.c.obj                 148     0         0      
       s_floorf.c.obj                 140     0         0      
       copy_decompress_lzss.c.obj     124     0         0      
       s_roundf.c.obj                 114     0         0      
       s_frexp.c.obj                  92      0         0      
       _ltoa.c.obj                    88      0         0      
       atoi.c.obj                     64      0         0      
       autoinit.c.obj                 60      0         0      
       boot_cortex_m.c.obj            40      0         0      
       memccpy.c.obj                  34      0         0      
       copy_decompress_none.c.obj     18      0         0      
       memcpy16.S.obj                 18      0         0      
       copy_zero_init.c.obj           16      0         0      
       wcslen.c.obj                   16      0         0      
       memset16.S.obj                 14      0         0      
       aeabi_portable.c.obj           8       0         4      
       exit.c.obj                     6       0         0      
       pre_init.c.obj                 4       0         0      
    +--+------------------------------+-------+---------+---------+
       Total:                         5890    291       4      
                                                               
    D:\software_code\ti\ccs\tools\compiler\ti-cgt-armllvm_4.0.4.LTS\lib\armv6m-ti-none-eabi/c/libsysbm.a
       hostexit.c.obj                 4       0         0      
    +--+------------------------------+-------+---------+---------+
       Total:                         4       0         0      
                                                               
    D:\software_code\ti\ccs\tools\compiler\ti-cgt-armllvm_4.0.4.LTS\lib\armv6m-ti-none-eabi/libclang_rt.builtins.a
       adddf3.S.obj                   418     0         0      
       divdf3.S.obj                   268     0         0      
       addsf3.S.obj                   232     0         0      
       muldf3.S.obj                   228     0         0      
       comparedf2.c.obj               220     0         0      
       udivmoddi4.S.obj               162     0         0      
       mulsf3.S.obj                   140     0         0      
       divsf3.S.obj                   130     0         0      
       comparesf2.S.obj               118     0         0      
       truncdfsf2.S.obj               116     0         0      
       aeabi_dcmp.S.obj               98      0         0      
       aeabi_fcmp.S.obj               98      0         0      
       aeabi_idivmod.S.obj            86      0         0      
       fixdfsi.S.obj                  74      0         0      
       aeabi_uidivmod.S.obj           64      0         0      
       extendsfdf2.S.obj              64      0         0      
       floatsisf.S.obj                60      0         0      
       muldsi3.S.obj                  58      0         0      
       fixsfsi.S.obj                  56      0         0      
       fixunssfsi.S.obj               50      0         0      
       floatsidf.S.obj                44      0         0      
       floatunsisf.S.obj              40      0         0      
       muldi3.S.obj                   36      0         0      
       ashldi3.S.obj                  30      0         0      
       aeabi_memset.S.obj             26      0         0      
       aeabi_uldivmod.S.obj           20      0         0      
       aeabi_memcpy.S.obj             8       0         0      
       aeabi_div0.c.obj               4       0         0      
    +--+------------------------------+-------+---------+---------+
       Total:                         2948    0         0      
                                                               
       Heap:                          0       0         1024   
       Stack:                         0       0         512    
       Linker Generated:              0       50        0      
    +--+------------------------------+-------+---------+---------+
       Grand Total:                   21444   90030     16105  


LINKER GENERATED COPY TABLES

__TI_cinit_table @ 0001b394 records: 2, size/record: 8, table size: 16
	.data: load addr=0001b370, load size=0000000e bytes, run addr=20200000, run size=0000304e bytes, compression=lzss
	.bss: load addr=0001b38c, load size=00000008 bytes, run addr=20203050, run size=0000089c bytes, compression=zero_init


LINKER GENERATED HANDLER TABLE

__TI_handler_table @ 0001b380 records: 3, size/record: 4, table size: 12
	index: 0, handler: __TI_decompress_lzss
	index: 1, handler: __TI_decompress_none
	index: 2, handler: __TI_zero_init


FAR CALL TRAMPOLINES

callee name               trampoline name
   callee addr  tramp addr   call addr  call info
--------------  -----------  ---------  ----------------
__aeabi_dsub              $Tramp$TT$L$PI$$__aeabi_dsub
   00018815     0001b30c     0001b30a   libc.a : _printfi.c.obj (.text.OUTLINED_FUNCTION_0)
__aeabi_fadd              $Tramp$TT$L$PI$$__aeabi_fadd
   000192ab     0001b328     0001b324   libc.a : s_roundf.c.obj (.text.OUTLINED_FUNCTION_0)

[2 trampolines]
[2 trampoline calls]


GLOBAL SYMBOLS: SORTED ALPHABETICALLY BY Name 

address   name                                 
-------   ----                                 
0001ab35  ADC0_IRQHandler                      
0001b35b  ADC1_IRQHandler                      
0001b35b  AES_IRQHandler                       
0001b35e  C$$EXIT                              
0001b35b  CANFD0_IRQHandler                    
0001b35b  DAC0_IRQHandler                      
0001a649  DL_ADC12_setClockConfig              
0001b2f9  DL_Common_delayCycles                
0001a371  DL_DMA_initChannel                   
00019011  DL_SYSCTL_configSYSPLL               
0001a57d  DL_SYSCTL_switchMCLKfromSYSOSCtoHSCLK
00018e45  DL_Timer_initTimerMode               
0001afbd  DL_Timer_setClockConfig              
0001a4ed  DL_UART_init                         
0001b22d  DL_UART_setClockConfig               
0001ae7d  DL_UART_transmitDataBlocking         
0001b35b  DMA_IRQHandler                       
0001b35b  Default_Handler                      
0001b35b  GROUP0_IRQHandler                    
0001b35b  GROUP1_IRQHandler                    
0001b35f  HOSTexit                             
0001b35b  HardFault_Handler                    
0001b35b  I2C0_IRQHandler                      
0001b35b  I2C1_IRQHandler                      
0001b35b  NMI_Handler                          
0001b35b  PendSV_Handler                       
0001b35b  RTC_IRQHandler                       
0001b363  Reset_Handler                        
0001b35b  SPI0_IRQHandler                      
0001b35b  SPI1_IRQHandler                      
0001b35b  SVC_Handler                          
0001995d  SYSCFG_DL_ADC12_0_init               
0001ab8d  SYSCFG_DL_DMA_CH0_init               
00019de9  SYSCFG_DL_DMA_init                   
0001ac69  SYSCFG_DL_GPIO_init                  
0001a7c9  SYSCFG_DL_SYSCTL_init                
0001b275  SYSCFG_DL_SYSTICK_init               
0001a5c1  SYSCFG_DL_TIMER_0_init               
0001a689  SYSCFG_DL_UART_BIUTEETH_init         
0001a535  SYSCFG_DL_UART_SCREEN_DISPLAY_init   
0001a9d9  SYSCFG_DL_init                       
00019c89  SYSCFG_DL_initPower                  
0001b285  SysTick_Handler                      
0001b35b  TIMA0_IRQHandler                     
0001b35b  TIMA1_IRQHandler                     
0001b35b  TIMG0_IRQHandler                     
0001b35b  TIMG12_IRQHandler                    
0001b35b  TIMG6_IRQHandler                     
0001b35b  TIMG7_IRQHandler                     
0001b35b  TIMG8_IRQHandler                     
0001b23f  TI_memcpy_small                      
0001b2d1  TI_memset_small                      
00019d01  UART0_IRQHandler                     
0001b35b  UART1_IRQHandler                     
0001b35b  UART2_IRQHandler                     
0001b35b  UART3_IRQHandler                     
20208000  __STACK_END                          
00000200  __STACK_SIZE                         
00000400  __SYSMEM_SIZE                        
00000000  __TI_ATRegion0_region_sz             
00000000  __TI_ATRegion0_src_addr              
00000000  __TI_ATRegion0_trg_addr              
00000000  __TI_ATRegion1_region_sz             
00000000  __TI_ATRegion1_src_addr              
00000000  __TI_ATRegion1_trg_addr              
00000000  __TI_ATRegion2_region_sz             
00000000  __TI_ATRegion2_src_addr              
00000000  __TI_ATRegion2_trg_addr              
0001b394  __TI_CINIT_Base                      
0001b3a4  __TI_CINIT_Limit                     
0001b3a4  __TI_CINIT_Warm                      
0001b380  __TI_Handler_Table_Base              
0001b38c  __TI_Handler_Table_Limit             
0001a87d  __TI_auto_init_nobinit_nopinit       
00019c0d  __TI_decompress_lzss                 
0001b251  __TI_decompress_none                 
0001a12d  __TI_ltoa                            
ffffffff  __TI_pprof_out_hndl                  
00015f81  __TI_printfi                         
ffffffff  __TI_prof_data_size                  
ffffffff  __TI_prof_data_start                 
00000000  __TI_static_base__                   
0001b2a5  __TI_zero_init                       
0001881f  __adddf3                             
000192ab  __addsf3                             
00015ab0  __aeabi_ctype_table_                 
00015ab0  __aeabi_ctype_table_C                
00019df1  __aeabi_d2f                          
0001a4a1  __aeabi_d2iz                         
0001881f  __aeabi_dadd                         
0001a009  __aeabi_dcmpeq                       
0001a045  __aeabi_dcmpge                       
0001a059  __aeabi_dcmpgt                       
0001a031  __aeabi_dcmple                       
0001a01d  __aeabi_dcmplt                       
00018d39  __aeabi_ddiv                         
00018f2d  __aeabi_dmul                         
00018815  __aeabi_dsub                         
2020303c  __aeabi_errno                        
0001b345  __aeabi_errno_addr                   
0001a709  __aeabi_f2d                          
0001a969  __aeabi_f2iz                         
0001aa41  __aeabi_f2uiz                        
000192ab  __aeabi_fadd                         
0001a06d  __aeabi_fcmpeq                       
0001a0a9  __aeabi_fcmpge                       
0001a0bd  __aeabi_fcmpgt                       
0001a095  __aeabi_fcmple                       
0001a081  __aeabi_fcmplt                       
00019b89  __aeabi_fdiv                         
000199ed  __aeabi_fmul                         
000192a1  __aeabi_fsub                         
0001ac3d  __aeabi_i2d                          
0001a805  __aeabi_i2f                          
0001a1dd  __aeabi_idiv                         
000189a7  __aeabi_idiv0                        
0001a1dd  __aeabi_idivmod                      
0001978b  __aeabi_ldiv0                        
0001aed9  __aeabi_llsl                         
0001add1  __aeabi_lmul                         
0001b2e1  __aeabi_memclr                       
0001b2e1  __aeabi_memclr4                      
0001b2e1  __aeabi_memclr8                      
0001b34d  __aeabi_memcpy                       
0001b34d  __aeabi_memcpy4                      
0001b34d  __aeabi_memcpy8                      
0001b2b5  __aeabi_memset                       
0001b2b5  __aeabi_memset4                      
0001b2b5  __aeabi_memset8                      
0001ad35  __aeabi_ui2f                         
0001a6c9  __aeabi_uidiv                        
0001a6c9  __aeabi_uidivmod                     
0001b1e1  __aeabi_uldivmod                     
0001aed9  __ashldi3                            
ffffffff  __binit__                            
00019ed1  __cmpdf2                             
0001a8b9  __cmpsf2                             
00018d39  __divdf3                             
00019b89  __divsf3                             
00019ed1  __eqdf2                              
0001a8b9  __eqsf2                              
0001a709  __extendsfdf2                        
0001a4a1  __fixdfsi                            
0001a969  __fixsfsi                            
0001aa41  __fixunssfsi                         
0001ac3d  __floatsidf                          
0001a805  __floatsisf                          
0001ad35  __floatunsisf                        
00019d75  __gedf2                              
0001a841  __gesf2                              
00019d75  __gtdf2                              
0001a841  __gtsf2                              
00019ed1  __ledf2                              
0001a8b9  __lesf2                              
00019ed1  __ltdf2                              
0001a8b9  __ltsf2                              
UNDEFED   __mpu_init                           
00018f2d  __muldf3                             
0001add1  __muldi3                             
0001a8f5  __muldsi3                            
000199ed  __mulsf3                             
00019ed1  __nedf2                              
0001a8b9  __nesf2                              
20207e00  __stack                              
20200000  __start___llvm_prf_bits              
20200000  __start___llvm_prf_cnts              
20200000  __stop___llvm_prf_bits               
20200000  __stop___llvm_prf_cnts               
00018815  __subdf3                             
000192a1  __subsf3                             
00019df1  __truncdfsf2                         
000196e9  __udivmoddi4                         
0001ad5d  _c_int00_noargs                      
202038f0  _sys_memory                          
UNDEFED   _system_post_cinit                   
0001b367  _system_pre_init                     
0001b355  abort                                
0001a749  adc_init                             
00012e00  armBitRevIndexTable1024              
00015904  armBitRevIndexTable128               
00015e04  armBitRevIndexTable16                
00010040  armBitRevIndexTable2048              
00015394  armBitRevIndexTable256               
00015da4  armBitRevIndexTable32                
0000e0c0  armBitRevIndexTable4096              
00015014  armBitRevIndexTable512               
00015d34  armBitRevIndexTable64                
00018ae5  arm_bitreversal_32                   
000182fd  arm_cfft_f32                         
0001943d  arm_cfft_init_f32                    
000179c1  arm_cfft_radix8by2_f32               
0001724d  arm_cfft_radix8by4_f32               
00015ed8  arm_cfft_sR_f32_len1024              
00015ee8  arm_cfft_sR_f32_len128               
00015ef8  arm_cfft_sR_f32_len16                
00015f08  arm_cfft_sR_f32_len2048              
00015f18  arm_cfft_sR_f32_len256               
00015f28  arm_cfft_sR_f32_len32                
00015f38  arm_cfft_sR_f32_len4096              
00015f48  arm_cfft_sR_f32_len512               
00015f58  arm_cfft_sR_f32_len64                
00018675  arm_cmplx_mag_f32                    
000194ed  arm_cos_f32                          
00016951  arm_radix8_butterfly_f32             
0001959d  arm_sin_f32                          
0001a789  atoi                                 
ffffffff  binit                                
0001a2d5  button_cmd                           
000198c9  calculate_optimal_sampling_rate      
000190ed  calculate_thd                        
0001ab05  clear_peaks_data                     
0001a9a1  clear_sampling_data                  
000184c5  fft_calculate                        
20200000  fft_inputbuf                         
20202000  fft_outputbuf                        
00017c71  find_peak_info                       
00019a79  floorf                               
0001a0d1  frexp                                
0001a0d1  frexpl                               
202038e0  fundamental_ampl                     
202038e4  fundamental_freq                     
20203050  gADCSamples                          
2020304c  gCheckADC                            
20203850  gTIMER_0Backup                       
20203040  g_system_ticks                       
00000000  interruptVectors                     
000191c9  ldexp                                
000191c9  ldexpl                               
0001aa0d  main                                 
0001ae19  memccpy                              
0001b2ed  my_clock                             
20203028  normalized_ampl                      
20203048  peak_num                             
20203000  peaks                                
2020304d  process_flag                         
00019645  process_once                         
00019f39  roundf                               
202038d8  rx_buffer                            
2020304a  rx_data_cnt                          
202038e8  sample_freq                          
000191c9  scalbn                               
000191c9  scalbnl                              
202038c8  scfft                                
0001adf5  set_sample_freq                      
00013c10  sinTable_f32                         
0001a409  snprintf                             
0001978d  sqrtf                                
20203044  thd                                  
0000c0c0  twiddleCoef_1024                     
00014c14  twiddleCoef_128                      
00015cb4  twiddleCoef_16                       
000080c0  twiddleCoef_2048                     
00014414  twiddleCoef_256                      
00015bb4  twiddleCoef_32                       
000000c0  twiddleCoef_4096                     
00011e00  twiddleCoef_512                      
00015704  twiddleCoef_64                       
0001b18d  uart_init                            
00019379  uart_send_display_data               
0001a605  uart_send_string                     
0001b295  wcslen                               


GLOBAL SYMBOLS: SORTED BY Symbol Address 

address   name                                 
-------   ----                                 
00000000  __TI_ATRegion0_region_sz             
00000000  __TI_ATRegion0_src_addr              
00000000  __TI_ATRegion0_trg_addr              
00000000  __TI_ATRegion1_region_sz             
00000000  __TI_ATRegion1_src_addr              
00000000  __TI_ATRegion1_trg_addr              
00000000  __TI_ATRegion2_region_sz             
00000000  __TI_ATRegion2_src_addr              
00000000  __TI_ATRegion2_trg_addr              
00000000  __TI_static_base__                   
00000000  interruptVectors                     
000000c0  twiddleCoef_4096                     
00000200  __STACK_SIZE                         
00000400  __SYSMEM_SIZE                        
000080c0  twiddleCoef_2048                     
0000c0c0  twiddleCoef_1024                     
0000e0c0  armBitRevIndexTable4096              
00010040  armBitRevIndexTable2048              
00011e00  twiddleCoef_512                      
00012e00  armBitRevIndexTable1024              
00013c10  sinTable_f32                         
00014414  twiddleCoef_256                      
00014c14  twiddleCoef_128                      
00015014  armBitRevIndexTable512               
00015394  armBitRevIndexTable256               
00015704  twiddleCoef_64                       
00015904  armBitRevIndexTable128               
00015ab0  __aeabi_ctype_table_                 
00015ab0  __aeabi_ctype_table_C                
00015bb4  twiddleCoef_32                       
00015cb4  twiddleCoef_16                       
00015d34  armBitRevIndexTable64                
00015da4  armBitRevIndexTable32                
00015e04  armBitRevIndexTable16                
00015ed8  arm_cfft_sR_f32_len1024              
00015ee8  arm_cfft_sR_f32_len128               
00015ef8  arm_cfft_sR_f32_len16                
00015f08  arm_cfft_sR_f32_len2048              
00015f18  arm_cfft_sR_f32_len256               
00015f28  arm_cfft_sR_f32_len32                
00015f38  arm_cfft_sR_f32_len4096              
00015f48  arm_cfft_sR_f32_len512               
00015f58  arm_cfft_sR_f32_len64                
00015f81  __TI_printfi                         
00016951  arm_radix8_butterfly_f32             
0001724d  arm_cfft_radix8by4_f32               
000179c1  arm_cfft_radix8by2_f32               
00017c71  find_peak_info                       
000182fd  arm_cfft_f32                         
000184c5  fft_calculate                        
00018675  arm_cmplx_mag_f32                    
00018815  __aeabi_dsub                         
00018815  __subdf3                             
0001881f  __adddf3                             
0001881f  __aeabi_dadd                         
000189a7  __aeabi_idiv0                        
00018ae5  arm_bitreversal_32                   
00018d39  __aeabi_ddiv                         
00018d39  __divdf3                             
00018e45  DL_Timer_initTimerMode               
00018f2d  __aeabi_dmul                         
00018f2d  __muldf3                             
00019011  DL_SYSCTL_configSYSPLL               
000190ed  calculate_thd                        
000191c9  ldexp                                
000191c9  ldexpl                               
000191c9  scalbn                               
000191c9  scalbnl                              
000192a1  __aeabi_fsub                         
000192a1  __subsf3                             
000192ab  __addsf3                             
000192ab  __aeabi_fadd                         
00019379  uart_send_display_data               
0001943d  arm_cfft_init_f32                    
000194ed  arm_cos_f32                          
0001959d  arm_sin_f32                          
00019645  process_once                         
000196e9  __udivmoddi4                         
0001978b  __aeabi_ldiv0                        
0001978d  sqrtf                                
000198c9  calculate_optimal_sampling_rate      
0001995d  SYSCFG_DL_ADC12_0_init               
000199ed  __aeabi_fmul                         
000199ed  __mulsf3                             
00019a79  floorf                               
00019b89  __aeabi_fdiv                         
00019b89  __divsf3                             
00019c0d  __TI_decompress_lzss                 
00019c89  SYSCFG_DL_initPower                  
00019d01  UART0_IRQHandler                     
00019d75  __gedf2                              
00019d75  __gtdf2                              
00019de9  SYSCFG_DL_DMA_init                   
00019df1  __aeabi_d2f                          
00019df1  __truncdfsf2                         
00019ed1  __cmpdf2                             
00019ed1  __eqdf2                              
00019ed1  __ledf2                              
00019ed1  __ltdf2                              
00019ed1  __nedf2                              
00019f39  roundf                               
0001a009  __aeabi_dcmpeq                       
0001a01d  __aeabi_dcmplt                       
0001a031  __aeabi_dcmple                       
0001a045  __aeabi_dcmpge                       
0001a059  __aeabi_dcmpgt                       
0001a06d  __aeabi_fcmpeq                       
0001a081  __aeabi_fcmplt                       
0001a095  __aeabi_fcmple                       
0001a0a9  __aeabi_fcmpge                       
0001a0bd  __aeabi_fcmpgt                       
0001a0d1  frexp                                
0001a0d1  frexpl                               
0001a12d  __TI_ltoa                            
0001a1dd  __aeabi_idiv                         
0001a1dd  __aeabi_idivmod                      
0001a2d5  button_cmd                           
0001a371  DL_DMA_initChannel                   
0001a409  snprintf                             
0001a4a1  __aeabi_d2iz                         
0001a4a1  __fixdfsi                            
0001a4ed  DL_UART_init                         
0001a535  SYSCFG_DL_UART_SCREEN_DISPLAY_init   
0001a57d  DL_SYSCTL_switchMCLKfromSYSOSCtoHSCLK
0001a5c1  SYSCFG_DL_TIMER_0_init               
0001a605  uart_send_string                     
0001a649  DL_ADC12_setClockConfig              
0001a689  SYSCFG_DL_UART_BIUTEETH_init         
0001a6c9  __aeabi_uidiv                        
0001a6c9  __aeabi_uidivmod                     
0001a709  __aeabi_f2d                          
0001a709  __extendsfdf2                        
0001a749  adc_init                             
0001a789  atoi                                 
0001a7c9  SYSCFG_DL_SYSCTL_init                
0001a805  __aeabi_i2f                          
0001a805  __floatsisf                          
0001a841  __gesf2                              
0001a841  __gtsf2                              
0001a87d  __TI_auto_init_nobinit_nopinit       
0001a8b9  __cmpsf2                             
0001a8b9  __eqsf2                              
0001a8b9  __lesf2                              
0001a8b9  __ltsf2                              
0001a8b9  __nesf2                              
0001a8f5  __muldsi3                            
0001a969  __aeabi_f2iz                         
0001a969  __fixsfsi                            
0001a9a1  clear_sampling_data                  
0001a9d9  SYSCFG_DL_init                       
0001aa0d  main                                 
0001aa41  __aeabi_f2uiz                        
0001aa41  __fixunssfsi                         
0001ab05  clear_peaks_data                     
0001ab35  ADC0_IRQHandler                      
0001ab8d  SYSCFG_DL_DMA_CH0_init               
0001ac3d  __aeabi_i2d                          
0001ac3d  __floatsidf                          
0001ac69  SYSCFG_DL_GPIO_init                  
0001ad35  __aeabi_ui2f                         
0001ad35  __floatunsisf                        
0001ad5d  _c_int00_noargs                      
0001add1  __aeabi_lmul                         
0001add1  __muldi3                             
0001adf5  set_sample_freq                      
0001ae19  memccpy                              
0001ae7d  DL_UART_transmitDataBlocking         
0001aed9  __aeabi_llsl                         
0001aed9  __ashldi3                            
0001afbd  DL_Timer_setClockConfig              
0001b18d  uart_init                            
0001b1e1  __aeabi_uldivmod                     
0001b22d  DL_UART_setClockConfig               
0001b23f  TI_memcpy_small                      
0001b251  __TI_decompress_none                 
0001b275  SYSCFG_DL_SYSTICK_init               
0001b285  SysTick_Handler                      
0001b295  wcslen                               
0001b2a5  __TI_zero_init                       
0001b2b5  __aeabi_memset                       
0001b2b5  __aeabi_memset4                      
0001b2b5  __aeabi_memset8                      
0001b2d1  TI_memset_small                      
0001b2e1  __aeabi_memclr                       
0001b2e1  __aeabi_memclr4                      
0001b2e1  __aeabi_memclr8                      
0001b2ed  my_clock                             
0001b2f9  DL_Common_delayCycles                
0001b345  __aeabi_errno_addr                   
0001b34d  __aeabi_memcpy                       
0001b34d  __aeabi_memcpy4                      
0001b34d  __aeabi_memcpy8                      
0001b355  abort                                
0001b35b  ADC1_IRQHandler                      
0001b35b  AES_IRQHandler                       
0001b35b  CANFD0_IRQHandler                    
0001b35b  DAC0_IRQHandler                      
0001b35b  DMA_IRQHandler                       
0001b35b  Default_Handler                      
0001b35b  GROUP0_IRQHandler                    
0001b35b  GROUP1_IRQHandler                    
0001b35b  HardFault_Handler                    
0001b35b  I2C0_IRQHandler                      
0001b35b  I2C1_IRQHandler                      
0001b35b  NMI_Handler                          
0001b35b  PendSV_Handler                       
0001b35b  RTC_IRQHandler                       
0001b35b  SPI0_IRQHandler                      
0001b35b  SPI1_IRQHandler                      
0001b35b  SVC_Handler                          
0001b35b  TIMA0_IRQHandler                     
0001b35b  TIMA1_IRQHandler                     
0001b35b  TIMG0_IRQHandler                     
0001b35b  TIMG12_IRQHandler                    
0001b35b  TIMG6_IRQHandler                     
0001b35b  TIMG7_IRQHandler                     
0001b35b  TIMG8_IRQHandler                     
0001b35b  UART1_IRQHandler                     
0001b35b  UART2_IRQHandler                     
0001b35b  UART3_IRQHandler                     
0001b35e  C$$EXIT                              
0001b35f  HOSTexit                             
0001b363  Reset_Handler                        
0001b367  _system_pre_init                     
0001b380  __TI_Handler_Table_Base              
0001b38c  __TI_Handler_Table_Limit             
0001b394  __TI_CINIT_Base                      
0001b3a4  __TI_CINIT_Limit                     
0001b3a4  __TI_CINIT_Warm                      
20200000  __start___llvm_prf_bits              
20200000  __start___llvm_prf_cnts              
20200000  __stop___llvm_prf_bits               
20200000  __stop___llvm_prf_cnts               
20200000  fft_inputbuf                         
20202000  fft_outputbuf                        
20203000  peaks                                
20203028  normalized_ampl                      
2020303c  __aeabi_errno                        
20203040  g_system_ticks                       
20203044  thd                                  
20203048  peak_num                             
2020304a  rx_data_cnt                          
2020304c  gCheckADC                            
2020304d  process_flag                         
20203050  gADCSamples                          
20203850  gTIMER_0Backup                       
202038c8  scfft                                
202038d8  rx_buffer                            
202038e0  fundamental_ampl                     
202038e4  fundamental_freq                     
202038e8  sample_freq                          
202038f0  _sys_memory                          
20207e00  __stack                              
20208000  __STACK_END                          
ffffffff  __TI_pprof_out_hndl                  
ffffffff  __TI_prof_data_size                  
ffffffff  __TI_prof_data_start                 
ffffffff  __binit__                            
ffffffff  binit                                
UNDEFED   __mpu_init                           
UNDEFED   _system_post_cinit                   

[261 symbols]
